Component: ARM Compiler 6.12 Tool: armlink [5d624300]

==============================================================================

Section Cross References

    startup_stm32f407xx.o(RESET) refers to startup_stm32f407xx.o(STACK) for __initial_sp
    startup_stm32f407xx.o(RESET) refers to startup_stm32f407xx.o(.text) for Reset_Handler
    startup_stm32f407xx.o(RESET) refers to stm32f4xx_it.o(.text.NMI_Handler) for NMI_Handler
    startup_stm32f407xx.o(RESET) refers to stm32f4xx_it.o(.text.HardFault_Handler) for HardFault_Handler
    startup_stm32f407xx.o(RESET) refers to stm32f4xx_it.o(.text.MemManage_Handler) for MemManage_Handler
    startup_stm32f407xx.o(RESET) refers to stm32f4xx_it.o(.text.BusFault_Handler) for BusFault_Handler
    startup_stm32f407xx.o(RESET) refers to stm32f4xx_it.o(.text.UsageFault_Handler) for UsageFault_Handler
    startup_stm32f407xx.o(RESET) refers to stm32f4xx_it.o(.text.SVC_Handler) for SVC_Handler
    startup_stm32f407xx.o(RESET) refers to stm32f4xx_it.o(.text.DebugMon_Handler) for DebugMon_Handler
    startup_stm32f407xx.o(RESET) refers to stm32f4xx_it.o(.text.PendSV_Handler) for PendSV_Handler
    startup_stm32f407xx.o(RESET) refers to stm32f4xx_it.o(.text.SysTick_Handler) for SysTick_Handler
    startup_stm32f407xx.o(RESET) refers to stm32f4xx_it.o(.text.TIM2_IRQHandler) for TIM2_IRQHandler
    startup_stm32f407xx.o(RESET) refers to stm32f4xx_it.o(.text.USART1_IRQHandler) for USART1_IRQHandler
    startup_stm32f407xx.o(RESET) refers to stm32f4xx_it.o(.text.USART2_IRQHandler) for USART2_IRQHandler
    startup_stm32f407xx.o(RESET) refers to stm32f4xx_it.o(.text.USART3_IRQHandler) for USART3_IRQHandler
    startup_stm32f407xx.o(.text) refers to system_stm32f4xx.o(.text.SystemInit) for SystemInit
    startup_stm32f407xx.o(.text) refers to entry.o(.ARM.Collect$$$$00000000) for __main
    main.o(.text.main) refers to stm32f4xx_hal.o(.text.HAL_Init) for HAL_Init
    main.o(.text.main) refers to main.o(.text.SystemClock_Config) for SystemClock_Config
    main.o(.text.main) refers to gpio.o(.text.MX_GPIO_Init) for MX_GPIO_Init
    main.o(.text.main) refers to tim.o(.text.MX_TIM2_Init) for MX_TIM2_Init
    main.o(.text.main) refers to fsmc.o(.text.MX_FSMC_Init) for MX_FSMC_Init
    main.o(.text.main) refers to tim.o(.text.MX_TIM1_Init) for MX_TIM1_Init
    main.o(.text.main) refers to usart.o(.text.MX_USART1_UART_Init) for MX_USART1_UART_Init
    main.o(.text.main) refers to usart.o(.text.MX_USART2_UART_Init) for MX_USART2_UART_Init
    main.o(.text.main) refers to usart.o(.text.MX_USART3_UART_Init) for MX_USART3_UART_Init
    main.o(.text.main) refers to tim.o(.text.MX_TIM5_Init) for MX_TIM5_Init
    main.o(.text.main) refers to usermain.o(.text.User_Main) for User_Main
    main.o(.ARM.exidx.text.main) refers to main.o(.text.main) for [Anonymous Symbol]
    main.o(.text.SystemClock_Config) refers to memseta.o(.text) for __aeabi_memclr4
    main.o(.text.SystemClock_Config) refers to stm32f4xx_hal_rcc.o(.text.HAL_RCC_OscConfig) for HAL_RCC_OscConfig
    main.o(.text.SystemClock_Config) refers to main.o(.text.Error_Handler) for Error_Handler
    main.o(.text.SystemClock_Config) refers to stm32f4xx_hal_rcc.o(.text.HAL_RCC_ClockConfig) for HAL_RCC_ClockConfig
    main.o(.ARM.exidx.text.SystemClock_Config) refers to main.o(.text.SystemClock_Config) for [Anonymous Symbol]
    main.o(.ARM.exidx.text.Error_Handler) refers to main.o(.text.Error_Handler) for [Anonymous Symbol]
    gpio.o(.text.MX_GPIO_Init) refers to stm32f4xx_hal_gpio.o(.text.HAL_GPIO_WritePin) for HAL_GPIO_WritePin
    gpio.o(.text.MX_GPIO_Init) refers to stm32f4xx_hal_gpio.o(.text.HAL_GPIO_Init) for HAL_GPIO_Init
    gpio.o(.ARM.exidx.text.MX_GPIO_Init) refers to gpio.o(.text.MX_GPIO_Init) for [Anonymous Symbol]
    fsmc.o(.text.MX_FSMC_Init) refers to fsmc.o(.bss.hsram1) for hsram1
    fsmc.o(.text.MX_FSMC_Init) refers to stm32f4xx_hal_sram.o(.text.HAL_SRAM_Init) for HAL_SRAM_Init
    fsmc.o(.text.MX_FSMC_Init) refers to main.o(.text.Error_Handler) for Error_Handler
    fsmc.o(.ARM.exidx.text.MX_FSMC_Init) refers to fsmc.o(.text.MX_FSMC_Init) for [Anonymous Symbol]
    fsmc.o(.text.HAL_SRAM_MspInit) refers to fsmc.o(.text.HAL_FSMC_MspInit) for HAL_FSMC_MspInit
    fsmc.o(.ARM.exidx.text.HAL_SRAM_MspInit) refers to fsmc.o(.text.HAL_SRAM_MspInit) for [Anonymous Symbol]
    fsmc.o(.text.HAL_FSMC_MspInit) refers to fsmc.o(.bss.FSMC_Initialized) for FSMC_Initialized
    fsmc.o(.text.HAL_FSMC_MspInit) refers to stm32f4xx_hal_gpio.o(.text.HAL_GPIO_Init) for HAL_GPIO_Init
    fsmc.o(.ARM.exidx.text.HAL_FSMC_MspInit) refers to fsmc.o(.text.HAL_FSMC_MspInit) for [Anonymous Symbol]
    fsmc.o(.text.HAL_SRAM_MspDeInit) refers to fsmc.o(.text.HAL_FSMC_MspDeInit) for HAL_FSMC_MspDeInit
    fsmc.o(.ARM.exidx.text.HAL_SRAM_MspDeInit) refers to fsmc.o(.text.HAL_SRAM_MspDeInit) for [Anonymous Symbol]
    fsmc.o(.text.HAL_FSMC_MspDeInit) refers to fsmc.o(.bss.FSMC_DeInitialized) for FSMC_DeInitialized
[...]
    [Anonymous Symbol]                       0x08001b14   Section        0  stm32f4xx_hal_rcc.o(.text.HAL_RCC_OscConfig)
    [Anonymous Symbol]                       0x08002188   Section        0  stm32f4xx_hal_sram.o(.text.HAL_SRAM_Init)
    [Anonymous Symbol]                       0x08002238   Section        0  fsmc.o(.text.HAL_SRAM_MspInit)
    [Anonymous Symbol]                       0x0800224c   Section        0  stm32f4xx_hal_cortex.o(.text.HAL_SYSTICK_Config)
    [Anonymous Symbol]                       0x08002260   Section        0  stm32f4xx_hal_tim_ex.o(.text.HAL_TIMEx_BreakCallback)
    [Anonymous Symbol]                       0x0800226c   Section        0  stm32f4xx_hal_tim_ex.o(.text.HAL_TIMEx_CommutCallback)
    [Anonymous Symbol]                       0x08002278   Section        0  stm32f4xx_hal_tim_ex.o(.text.HAL_TIMEx_ConfigBreakDeadTime)
    [Anonymous Symbol]                       0x08002334   Section        0  stm32f4xx_hal_tim_ex.o(.text.HAL_TIMEx_MasterConfigSynchronization)
    [Anonymous Symbol]                       0x080023d4   Section        0  stm32f4xx_hal_tim.o(.text.HAL_TIM_Base_Init)
    [Anonymous Symbol]                       0x0800243c   Section        0  tim.o(.text.HAL_TIM_Base_MspInit)
    [Anonymous Symbol]                       0x08002504   Section        0  stm32f4xx_hal_tim.o(.text.HAL_TIM_Base_Start)
    [Anonymous Symbol]                       0x08002544   Section        0  stm32f4xx_hal_tim.o(.text.HAL_TIM_Base_Stop)
    [Anonymous Symbol]                       0x08002598   Section        0  stm32f4xx_hal_tim.o(.text.HAL_TIM_Base_Stop_IT)
    [Anonymous Symbol]                       0x080025e8   Section        0  stm32f4xx_hal_tim.o(.text.HAL_TIM_ConfigClockSource)
    [Anonymous Symbol]                       0x08002788   Section        0  stm32f4xx_hal_tim.o(.text.HAL_TIM_IC_CaptureCallback)
    [Anonymous Symbol]                       0x08002794   Section        0  stm32f4xx_hal_tim.o(.text.HAL_TIM_IRQHandler)
    [Anonymous Symbol]                       0x08002a1c   Section        0  tim.o(.text.HAL_TIM_MspPostInit)
    [Anonymous Symbol]                       0x08002ae0   Section        0  stm32f4xx_hal_tim.o(.text.HAL_TIM_OC_DelayElapsedCallback)
    [Anonymous Symbol]                       0x08002aec   Section        0  stm32f4xx_hal_tim.o(.text.HAL_TIM_PWM_ConfigChannel)
    [Anonymous Symbol]                       0x08002c4c   Section        0  stm32f4xx_hal_tim.o(.text.HAL_TIM_PWM_Init)
    [Anonymous Symbol]                       0x08002cb4   Section        0  stm32f4xx_hal_tim.o(.text.HAL_TIM_PWM_MspInit)
    [Anonymous Symbol]                       0x08002cc0   Section        0  stm32f4xx_hal_tim.o(.text.HAL_TIM_PWM_PulseFinishedCallback)
    [Anonymous Symbol]                       0x08002ccc   Section        0  stm32f4xx_hal_tim.o(.text.HAL_TIM_PWM_Start)
    [Anonymous Symbol]                       0x08002d5c   Section        0  stm32f4xx_hal_tim.o(.text.HAL_TIM_PWM_Stop)
    [Anonymous Symbol]                       0x08002e2c   Section        0  timer.o(.text.HAL_TIM_PeriodElapsedCallback)
    [Anonymous Symbol]                       0x08002ed4   Section        0  stm32f4xx_hal_tim.o(.text.HAL_TIM_TriggerCallback)
    [Anonymous Symbol]                       0x08002ee0   Section        0  stm32f4xx_hal_uart.o(.text.HAL_UART_ErrorCallback)
    [Anonymous Symbol]                       0x08002eec   Section        0  stm32f4xx_hal_uart.o(.text.HAL_UART_IRQHandler)
    [Anonymous Symbol]                       0x0800310c   Section        0  stm32f4xx_hal_uart.o(.text.HAL_UART_Init)
    [Anonymous Symbol]                       0x080031b4   Section        0  usart.o(.text.HAL_UART_MspInit)
    [Anonymous Symbol]                       0x08003390   Section        0  stm32f4xx_hal_uart.o(.text.HAL_UART_Receive_IT)
    [Anonymous Symbol]                       0x08003460   Section        0  user_callback.o(.text.HAL_UART_RxCpltCallback)
    [Anonymous Symbol]                       0x080034b8   Section        0  stm32f4xx_hal_uart.o(.text.HAL_UART_Transmit)
    [Anonymous Symbol]                       0x08003638   Section        0  stm32f4xx_hal_uart.o(.text.HAL_UART_TxCpltCallback)
    [Anonymous Symbol]                       0x08003644   Section        0  stm32f4xx_it.o(.text.HardFault_Handler)
    [Anonymous Symbol]                       0x08003648   Section        0  keypad.o(.text.Key_scan)
    [Anonymous Symbol]                       0x08003948   Section        0  ili93xx.o(.text.LCD_Clear)
    [Anonymous Symbol]                       0x080039f8   Section        0  ili93xx.o(.text.LCD_Display_Dir)
    [Anonymous Symbol]                       0x08003c10   Section        0  ili93xx.o(.text.LCD_DrawLine)
    [Anonymous Symbol]                       0x08003d4c   Section        0  ili93xx.o(.text.LCD_DrawPoint)
    [Anonymous Symbol]                       0x08003d88   Section        0  ili93xx.o(.text.LCD_Fast_DrawPoint)
    [Anonymous Symbol]                       0x08003f64   Section        0  ili93xx.o(.text.LCD_Pow)
    [Anonymous Symbol]                       0x08003fa0   Section        0  ili93xx.o(.text.LCD_RD_DATA)
    [Anonymous Symbol]                       0x08003fb8   Section        0  ili93xx.o(.text.LCD_ReadReg)
    [Anonymous Symbol]                       0x08003fdc   Section        0  ili93xx.o(.text.LCD_Scan_Dir)
    [Anonymous Symbol]                       0x08004418   Section        0  ili93xx.o(.text.LCD_SetCursor)
    [Anonymous Symbol]                       0x080045c8   Section        0  ili93xx.o(.text.LCD_ShowChar)
    [Anonymous Symbol]                       0x080047a8   Section        0  ili93xx.o(.text.LCD_ShowString)
    [Anonymous Symbol]                       0x0800489c   Section        0  ili93xx.o(.text.LCD_ShowxNum)
    [Anonymous Symbol]                       0x08004a1c   Section        0  ili93xx.o(.text.LCD_WR_DATA)
    [Anonymous Symbol]                       0x08004a40   Section        0  ili93xx.o(.text.LCD_WR_REG)
    [Anonymous Symbol]                       0x08004a64   Section        0  ili93xx.o(.text.LCD_WriteRAM_Prepare)
    [Anonymous Symbol]                       0x08004a7c   Section        0  ili93xx.o(.text.LCD_WriteReg)
    [Anonymous Symbol]                       0x08004aac   Section        0  fsmc.o(.text.MX_FSMC_Init)
    [Anonymous Symbol]                       0x08004b60   Section        0  gpio.o(.text.MX_GPIO_Init)
    [Anonymous Symbol]                       0x08004d04   Section        0  tim.o(.text.MX_TIM1_Init)
    [Anonymous Symbol]                       0x08004e34   Section        0  tim.o(.text.MX_TIM2_Init)
    [Anonymous Symbol]                       0x08004f1c   Section        0  tim.o(.text.MX_TIM5_Init)
    [Anonymous Symbol]                       0x08004fa8   Section        0  usart.o(.text.MX_USART1_UART_Init)
    [Anonymous Symbol]                       0x08004fe4   Section        0  usart.o(.text.MX_USART2_UART_Init)
    [Anonymous Symbol]                       0x08005020   Section        0  usart.o(.text.MX_USART3_UART_Init)
    [Anonymous Symbol]                       0x0800505c   Section        0  stm32f4xx_it.o(.text.MemManage_Handler)
    [Anonymous Symbol]                       0x08005060   Section        0  motor.o(.text.MotorPWM_Init)
    [Anonymous Symbol]                       0x08005078   Section        0  stm32f4xx_it.o(.text.NMI_Handler)
    NVIC_EncodePriority                      0x0800507d   Thumb Code   128  stm32f4xx_hal_cortex.o(.text.NVIC_EncodePriority)
    [Anonymous Symbol]                       0x0800507c   Section        0  stm32f4xx_hal_cortex.o(.text.NVIC_EncodePriority)
    [Anonymous Symbol]                       0x080050fc   Section        0  stm32f4xx_it.o(.text.PendSV_Handler)
    [Anonymous Symbol]                       0x08005100   Section        0  stm32f4xx_it.o(.text.SVC_Handler)
    SysTick_Config                           0x08005105   Thumb Code    90  stm32f4xx_hal_cortex.o(.text.SysTick_Config)
    [Anonymous Symbol]                       0x08005104   Section        0  stm32f4xx_hal_cortex.o(.text.SysTick_Config)
    [Anonymous Symbol]                       0x08005160   Section        0  stm32f4xx_it.o(.text.SysTick_Handler)
    [Anonymous Symbol]                       0x08005168   Section        0  main.o(.text.SystemClock_Config)
    [Anonymous Symbol]                       0x0800522c   Section        0  system_stm32f4xx.o(.text.SystemInit)
    [Anonymous Symbol]                       0x0800529c   Section        0  ili93xx.o(.text.TFTLCD_Init)
    [Anonymous Symbol]                       0x08005700   Section        0  stm32f4xx_it.o(.text.TIM2_IRQHandler)
    [Anonymous Symbol]                       0x08005710   Section        0  stm32f4xx_hal_tim.o(.text.TIM_Base_SetConfig)
    [Anonymous Symbol]                       0x080058b4   Section        0  stm32f4xx_hal_tim.o(.text.TIM_CCxChannelCmd)
    [Anonymous Symbol]                       0x08005900   Section        0  stm32f4xx_hal_tim.o(.text.TIM_ETR_SetConfig)
    TIM_ITRx_SetConfig                       0x0800594d   Thumb Code    50  stm32f4xx_hal_tim.o(.text.TIM_ITRx_SetConfig)
    [Anonymous Symbol]                       0x0800594c   Section        0  stm32f4xx_hal_tim.o(.text.TIM_ITRx_SetConfig)
    TIM_OC1_SetConfig                        0x08005981   Thumb Code   242  stm32f4xx_hal_tim.o(.text.TIM_OC1_SetConfig)
    [Anonymous Symbol]                       0x08005980   Section        0  stm32f4xx_hal_tim.o(.text.TIM_OC1_SetConfig)
    [Anonymous Symbol]                       0x08005a74   Section        0  stm32f4xx_hal_tim.o(.text.TIM_OC2_SetConfig)
    TIM_OC3_SetConfig                        0x08005b71   Thumb Code   250  stm32f4xx_hal_tim.o(.text.TIM_OC3_SetConfig)
    [Anonymous Symbol]                       0x08005b70   Section        0  stm32f4xx_hal_tim.o(.text.TIM_OC3_SetConfig)
    TIM_OC4_SetConfig                        0x08005c6d   Thumb Code   172  stm32f4xx_hal_tim.o(.text.TIM_OC4_SetConfig)
    [Anonymous Symbol]                       0x08005c6c   Section        0  stm32f4xx_hal_tim.o(.text.TIM_OC4_SetConfig)
    TIM_TI1_ConfigInputStage                 0x08005d19   Thumb Code    98  stm32f4xx_hal_tim.o(.text.TIM_TI1_ConfigInputStage)
    [Anonymous Symbol]                       0x08005d18   Section        0  stm32f4xx_hal_tim.o(.text.TIM_TI1_ConfigInputStage)
    TIM_TI2_ConfigInputStage                 0x08005d7d   Thumb Code   100  stm32f4xx_hal_tim.o(.text.TIM_TI2_ConfigInputStage)
    [Anonymous Symbol]                       0x08005d7c   Section        0  stm32f4xx_hal_tim.o(.text.TIM_TI2_ConfigInputStage)
    UART_DMAAbortOnError                     0x08005de1   Thumb Code    36  stm32f4xx_hal_uart.o(.text.UART_DMAAbortOnError)
    [Anonymous Symbol]                       0x08005de0   Section        0  stm32f4xx_hal_uart.o(.text.UART_DMAAbortOnError)
    UART_EndRxTransfer                       0x08005e05   Thumb Code    44  stm32f4xx_hal_uart.o(.text.UART_EndRxTransfer)
    [Anonymous Symbol]                       0x08005e04   Section        0  stm32f4xx_hal_uart.o(.text.UART_EndRxTransfer)
    UART_EndTransmit_IT                      0x08005e31   Thumb Code    42  stm32f4xx_hal_uart.o(.text.UART_EndTransmit_IT)
    [Anonymous Symbol]                       0x08005e30   Section        0  stm32f4xx_hal_uart.o(.text.UART_EndTransmit_IT)
    UART_Receive_IT                          0x08005e5d   Thumb Code   248  stm32f4xx_hal_uart.o(.text.UART_Receive_IT)
    [Anonymous Symbol]                       0x08005e5c   Section        0  stm32f4xx_hal_uart.o(.text.UART_Receive_IT)
    UART_SetConfig                           0x08005f55   Thumb Code  1128  stm32f4xx_hal_uart.o(.text.UART_SetConfig)
    [Anonymous Symbol]                       0x08005f54   Section        0  stm32f4xx_hal_uart.o(.text.UART_SetConfig)
    UART_Transmit_IT                         0x080063bd   Thumb Code   168  stm32f4xx_hal_uart.o(.text.UART_Transmit_IT)
    [Anonymous Symbol]                       0x080063bc   Section        0  stm32f4xx_hal_uart.o(.text.UART_Transmit_IT)
    UART_WaitOnFlagUntilTimeout              0x08006465   Thumb Code   188  stm32f4xx_hal_uart.o(.text.UART_WaitOnFlagUntilTimeout)
    [Anonymous Symbol]                       0x08006464   Section        0  stm32f4xx_hal_uart.o(.text.UART_WaitOnFlagUntilTimeout)
    [Anonymous Symbol]                       0x08006520   Section        0  stm32f4xx_it.o(.text.USART1_IRQHandler)
    [Anonymous Symbol]                       0x08006530   Section        0  stm32f4xx_it.o(.text.USART2_IRQHandler)
    [Anonymous Symbol]                       0x08006540   Section        0  stm32f4xx_it.o(.text.USART3_IRQHandler)
    [Anonymous Symbol]                       0x08006550   Section        0  motor.o(.text.UpdateMotorState)
    [Anonymous Symbol]                       0x080065fc   Section        0  stm32f4xx_it.o(.text.UsageFault_Handler)
    [Anonymous Symbol]                       0x08006600   Section        0  user_uart.o(.text.User_DebugUart_Init)
    [Anonymous Symbol]                       0x08006620   Section        0  user_uart.o(.text.User_DistantUart_Init)
    [Anonymous Symbol]                       0x08006660   Section        0  user_uart.o(.text.User_GetErrorUart_Init)
    [Anonymous Symbol]                       0x08006680   Section        0  usermain.o(.text.User_Main)
    [Anonymous Symbol]                       0x080068a8   Section        0  user_uart.o(.text._GetCommandUartCallBack)
    [Anonymous Symbol]                       0x080068e0   Section        0  user_uart.o(.text._GetDistantUartCallBack)
    [Anonymous Symbol]                       0x08006b08   Section        0  user_uart.o(.text._GetErrorUartCallBack)
    __NVIC_EnableIRQ                         0x08006ca1   Thumb Code    54  stm32f4xx_hal_cortex.o(.text.__NVIC_EnableIRQ)
    [Anonymous Symbol]                       0x08006ca0   Section        0  stm32f4xx_hal_cortex.o(.text.__NVIC_EnableIRQ)
    __NVIC_GetPriorityGrouping               0x08006cd9   Thumb Code    16  stm32f4xx_hal_cortex.o(.text.__NVIC_GetPriorityGrouping)
    [Anonymous Symbol]                       0x08006cd8   Section        0  stm32f4xx_hal_cortex.o(.text.__NVIC_GetPriorityGrouping)
    __NVIC_SetPriority                       0x08006ce9   Thumb Code    74  stm32f4xx_hal_cortex.o(.text.__NVIC_SetPriority)
    [Anonymous Symbol]                       0x08006ce8   Section        0  stm32f4xx_hal_cortex.o(.text.__NVIC_SetPriority)
    __NVIC_SetPriorityGrouping               0x08006d35   Thumb Code    64  stm32f4xx_hal_cortex.o(.text.__NVIC_SetPriorityGrouping)
    [Anonymous Symbol]                       0x08006d34   Section        0  stm32f4xx_hal_cortex.o(.text.__NVIC_SetPriorityGrouping)
    [Anonymous Symbol]                       0x08006d74   Section        0  main.o(.text.main)
    [Anonymous Symbol]                       0x08006db0   Section        0  lcd_mode.o(.text.mode1)
    [Anonymous Symbol]                       0x08006e20   Section        0  lcd_mode.o(.text.mode2)
    [Anonymous Symbol]                       0x0800701c   Section        0  lcd_mode.o(.text.mode3)
    [Anonymous Symbol]                       0x080072f0   Section        0  lcd_mode.o(.text.mode4)
    [Anonymous Symbol]                       0x08007350   Section        0  lcd_mode.o(.text.mode5)
    [Anonymous Symbol]                       0x080073b0   Section        0  lcd_mode.o(.text.mode_display)
    i.__0sprintf                             0x080074b0   Section        0  printfa.o(i.__0sprintf)
    i.__aeabi_errno_addr                     0x080074d8   Section        0  errno.o(i.__aeabi_errno_addr)
    i.__hardfp_atof                          0x080074e0   Section        0  atof.o(i.__hardfp_atof)
    i.__read_errno                           0x08007518   Section        0  errno.o(i.__read_errno)
    i.__scatterload_copy                     0x08007524   Section       14  handlers.o(i.__scatterload_copy)
    i.__scatterload_null                     0x08007532   Section        2  handlers.o(i.__scatterload_null)
    i.__scatterload_zeroinit                 0x08007534   Section       14  handlers.o(i.__scatterload_zeroinit)
    i.__set_errno                            0x08007544   Section        0  errno.o(i.__set_errno)
    _fp_digits                               0x08007551   Thumb Code   366  printfa.o(i._fp_digits)
    i._fp_digits                             0x08007550   Section        0  printfa.o(i._fp_digits)
    i._is_digit                              0x080076d4   Section        0  scanf_fp.o(i._is_digit)
    _printf_core                             0x080076e5   Thumb Code  1744  printfa.o(i._printf_core)
    i._printf_core                           0x080076e4   Section        0  printfa.o(i._printf_core)
    _printf_post_padding                     0x08007dc1   Thumb Code    36  printfa.o(i._printf_post_padding)
    i._printf_post_padding                   0x08007dc0   Section        0  printfa.o(i._printf_post_padding)
    _printf_pre_padding                      0x08007de5   Thumb Code    46  printfa.o(i._printf_pre_padding)
    i._printf_pre_padding                    0x08007de4   Section        0  printfa.o(i._printf_pre_padding)
    _sputc                                   0x08007e13   Thumb Code    10  printfa.o(i._sputc)
    i._sputc                                 0x08007e12   Section        0  printfa.o(i._sputc)
    .constdata                               0x08007e1c   Section      129  ctype_o.o(.constdata)
    table                                    0x08007ea0   Data           4  ctype_o.o(.constdata)
    .constdata                               0x08007ea0   Section        4  ctype_o.o(.constdata)
    .L.str                                   0x0800967c   Data           8  user_uart.o(.rodata.str1.1)
    [Anonymous Symbol]                       0x0800967c   Section        0  user_uart.o(.rodata.str1.1)
    .L.str.1                                 0x08009684   Data           5  user_uart.o(.rodata.str1.1)
    .L.str.10                                0x08009689   Data          10  lcd_mode.o(.rodata.str1.1)
    [Anonymous Symbol]                       0x08009689   Section        0  lcd_mode.o(.rodata.str1.1)
    .L.str.9                                 0x08009693   Data          10  lcd_mode.o(.rodata.str1.1)
    .L.str.1                                 0x0800969d   Data           9  lcd_mode.o(.rodata.str1.1)
    .L.str                                   0x080096a6   Data          19  lcd_mode.o(.rodata.str1.1)
    .L.str.8                                 0x080096b9   Data           3  lcd_mode.o(.rodata.str1.1)
    .L.str.3                                 0x080096bc   Data          12  lcd_mode.o(.rodata.str1.1)
    .L.str.7                                 0x080096c8   Data           5  lcd_mode.o(.rodata.str1.1)
    .L.str.4                                 0x080096cd   Data          13  lcd_mode.o(.rodata.str1.1)
    .L.str.5                                 0x080096da   Data          15  lcd_mode.o(.rodata.str1.1)
    .L.str.2                                 0x080096e9   Data           9  lcd_mode.o(.rodata.str1.1)
    .L.str.6                                 0x080096f2   Data          14  lcd_mode.o(.rodata.str1.1)
    _errno                                   0x20000000   Data           4  errno.o(.data)
    .data                                    0x20000000   Section        4  errno.o(.data)
    CommandUpdateStatus                      0x20000020   Data           1  user_uart.o(.bss.CommandUpdateStatus)
    [Anonymous Symbol]                       0x20000020   Section        0  user_uart.o(.bss.CommandUpdateStatus)
    FSMC_Initialized                         0x20000028   Data           4  fsmc.o(.bss.FSMC_Initialized)
    [Anonymous Symbol]                       0x20000028   Section        0  fsmc.o(.bss.FSMC_Initialized)
    _GetCommandRXBuffer                      0x20000039   Data           1  user_uart.o(.bss._GetCommandRXBuffer)
    [Anonymous Symbol]                       0x20000039   Section        0  user_uart.o(.bss._GetCommandRXBuffer)
    _GetDistantRxBuffer                      0x20000040   Data          12  user_uart.o(.bss._GetDistantRxBuffer)
    [Anonymous Symbol]                       0x20000040   Section        0  user_uart.o(.bss._GetDistantRxBuffer)
    _GetDistantRxVal                         0x2000004c   Data           1  user_uart.o(.bss._GetDistantRxVal)
    [Anonymous Symbol]                       0x2000004c   Section        0  user_uart.o(.bss._GetDistantRxVal)
    _GetDistantStatus                        0x2000004d   Data           1  user_uart.o(.bss._GetDistantStatus)
    [Anonymous Symbol]                       0x2000004d   Section        0  user_uart.o(.bss._GetDistantStatus)
    _GetDistantUartCallBack.RxCount          0x2000004e   Data           1  user_uart.o(.bss._GetDistantUartCallBack.RxCount)
    [Anonymous Symbol]                       0x2000004e   Section        0  user_uart.o(.bss._GetDistantUartCallBack.RxCount)
    _GetDistantUpdateStatus                  0x2000004f   Data           1  user_uart.o(.bss._GetDistantUpdateStatus)
    [Anonymous Symbol]                       0x2000004f   Section        0  user_uart.o(.bss._GetDistantUpdateStatus)
    _GetErrorRXBuffer                        0x20000050   Data           7  user_uart.o(.bss._GetErrorRXBuffer)
    [Anonymous Symbol]                       0x20000050   Section        0  user_uart.o(.bss._GetErrorRXBuffer)
    _motorMode                               0x20000057   Data           1  motor.o(.bss._motorMode)
    [Anonymous Symbol]                       0x20000057   Section        0  motor.o(.bss._motorMode)
    _motorUpgradeTag                         0x20000058   Data           4  motor.o(.bss._motorUpgradeTag)
    [Anonymous Symbol]                       0x20000058   Section        0  motor.o(.bss._motorUpgradeTag)
    STACK                                    0x20000260   Section     1024  startup_stm32f407xx.o(STACK)

    Global Symbols

    Symbol Name                              Value     Ov Type        Size  Object(Section)

    BuildAttributes$$THM_ISAv4$E$P$D$K$B$S$7EM$VFPi3$EXTD16$VFPS$VFMA$PE$A:L22UL41UL21$X:L11$S22US41US21$IEEE1$IW$~IW$USESV6$~STKCKD$USESV7$~SHL$OTIME$ROPI$IEEEJ$EBA8$MICROLIB$REQ8$PRES8$EABIv2 0x00000000   Number         0  anon$$obj.o ABSOLUTE
    __cpp_initialize__aeabi_                  - Undefined Weak Reference
    __cxa_finalize                            - Undefined Weak Reference
    __decompress                              - Undefined Weak Reference
    _clock_init                               - Undefined Weak Reference
    _microlib_exit                            - Undefined Weak Reference
    __Vectors_Size                           0x00000188   Number         0  startup_stm32f407xx.o ABSOLUTE
    __Vectors                                0x08000000   Data           4  startup_stm32f407xx.o(RESET)
    __Vectors_End                            0x08000188   Data           0  startup_stm32f407xx.o(RESET)
    __main                                   0x08000189   Thumb Code     0  entry.o(.ARM.Collect$$$$00000000)
    _main_stk                                0x08000189   Thumb Code     0  entry2.o(.ARM.Collect$$$$00000001)
    _main_scatterload                        0x0800018d   Thumb Code     0  entry5.o(.ARM.Collect$$$$00000004)
    __main_after_scatterload                 0x08000191   Thumb Code     0  entry5.o(.ARM.Collect$$$$00000004)
    _main_clock                              0x08000191   Thumb Code     0  entry7b.o(.ARM.Collect$$$$00000008)
    _main_cpp_init                           0x08000191   Thumb Code     0  entry8b.o(.ARM.Collect$$$$0000000A)
    _main_init                               0x08000191   Thumb Code     0  entry9a.o(.ARM.Collect$$$$0000000B)
    __rt_final_cpp                           0x08000199   Thumb Code     0  entry10a.o(.ARM.Collect$$$$0000000D)
    __rt_final_exit                          0x08000199   Thumb Code     0  entry11a.o(.ARM.Collect$$$$0000000F)
    Reset_Handler                            0x0800019d   Thumb Code     8  startup_stm32f407xx.o(.text)
    ADC_IRQHandler                           0x080001b7   Thumb Code     0  startup_stm32f407xx.o(.text)
    CAN1_RX0_IRQHandler                      0x080001b7   Thumb Code     0  startup_stm32f407xx.o(.text)
    CAN1_RX1_IRQHandler                      0x080001b7   Thumb Code     0  startup_stm32f407xx.o(.text)
    CAN1_SCE_IRQHandler                      0x080001b7   Thumb Code     0  startup_stm32f407xx.o(.text)
    CAN1_TX_IRQHandler                       0x080001b7   Thumb Code     0  startup_stm32f407xx.o(.text)
    CAN2_RX0_IRQHandler                      0x080001b7   Thumb Code     0  startup_stm32f407xx.o(.text)
    CAN2_RX1_IRQHandler                      0x080001b7   Thumb Code     0  startup_stm32f407xx.o(.text)
    CAN2_SCE_IRQHandler                      0x080001b7   Thumb Code     0  startup_stm32f407xx.o(.text)
    CAN2_TX_IRQHandler                       0x080001b7   Thumb Code     0  startup_stm32f407xx.o(.text)
    DCMI_IRQHandler                          0x080001b7   Thumb Code     0  startup_stm32f407xx.o(.text)
    DMA1_Stream0_IRQHandler                  0x080001b7   Thumb Code     0  startup_stm32f407xx.o(.text)
    DMA1_Stream1_IRQHandler                  0x080001b7   Thumb Code     0  startup_stm32f407xx.o(.text)
    DMA1_Stream2_IRQHandler                  0x080001b7   Thumb Code     0  startup_stm32f407xx.o(.text)
    DMA1_Stream3_IRQHandler                  0x080001b7   Thumb Code     0  startup_stm32f407xx.o(.text)
    DMA1_Stream4_IRQHandler                  0x080001b7   Thumb Code     0  startup_stm32f407xx.o(.text)
    DMA1_Stream5_IRQHandler                  0x080001b7   Thumb Code     0  startup_stm32f407xx.o(.text)
    DMA1_Stream6_IRQHandler                  0x080001b7   Thumb Code     0  startup_stm32f407xx.o(.text)
    DMA1_Stream7_IRQHandler                  0x080001b7   Thumb Code     0  startup_stm32f407xx.o(.text)
    DMA2_Stream0_IRQHandler                  0x080001b7   Thumb Code     0  startup_stm32f407xx.o(.text)
    DMA2_Stream1_IRQHandler                  0x080001b7   Thumb Code     0  startup_stm32f407xx.o(.text)
    DMA2_Stream2_IRQHandler                  0x080001b7   Thumb Code     0  startup_stm32f407xx.o(.text)
    DMA2_Stream3_IRQHandler                  0x080001b7   Thumb Code     0  startup_stm32f407xx.o(.text)
    DMA2_Stream4_IRQHandler                  0x080001b7   Thumb Code     0  startup_stm32f407xx.o(.text)
    DMA2_Stream5_IRQHandler                  0x080001b7   Thumb Code     0  startup_stm32f407xx.o(.text)
    DMA2_Stream6_IRQHandler                  0x080001b7   Thumb Code     0  startup_stm32f407xx.o(.text)
    DMA2_Stream7_IRQHandler                  0x080001b7   Thumb Code     0  startup_stm32f407xx.o(.text)
    ETH_IRQHandler                           0x080001b7   Thumb Code     0  startup_stm32f407xx.o(.text)
    ETH_WKUP_IRQHandler                      0x080001b7   Thumb Code     0  startup_stm32f407xx.o(.text)
    EXTI0_IRQHandler                         0x080001b7   Thumb Code     0  startup_stm32f407xx.o(.text)
    EXTI15_10_IRQHandler                     0x080001b7   Thumb Code     0  startup_stm32f407xx.o(.text)
    EXTI1_IRQHandler                         0x080001b7   Thumb Code     0  startup_stm32f407xx.o(.text)
    EXTI2_IRQHandler                         0x080001b7   Thumb Code     0  startup_stm32f407xx.o(.text)
    EXTI3_IRQHandler                         0x080001b7   Thumb Code     0  startup_stm32f407xx.o(.text)
    EXTI4_IRQHandler                         0x080001b7   Thumb Code     0  startup_stm32f407xx.o(.text)
    EXTI9_5_IRQHandler                       0x080001b7   Thumb Code     0  startup_stm32f407xx.o(.text)
    FLASH_IRQHandler                         0x080001b7   Thumb Code     0  startup_stm32f407xx.o(.text)
    FMC_IRQHandler                           0x080001b7   Thumb Code     0  startup_stm32f407xx.o(.text)
    FPU_IRQHandler                           0x080001b7   Thumb Code     0  startup_stm32f407xx.o(.text)
    HASH_RNG_IRQHandler                      0x080001b7   Thumb Code     0  startup_stm32f407xx.o(.text)
    I2C1_ER_IRQHandler                       0x080001b7   Thumb Code     0  startup_stm32f407xx.o(.text)
    I2C1_EV_IRQHandler                       0x080001b7   Thumb Code     0  startup_stm32f407xx.o(.text)
    I2C2_ER_IRQHandler                       0x080001b7   Thumb Code     0  startup_stm32f407xx.o(.text)
    I2C2_EV_IRQHandler                       0x080001b7   Thumb Code     0  startup_stm32f407xx.o(.text)
    I2C3_ER_IRQHandler                       0x080001b7   Thumb Code     0  startup_stm32f407xx.o(.text)
    I2C3_EV_IRQHandler                       0x080001b7   Thumb Code     0  startup_stm32f407xx.o(.text)
    OTG_FS_IRQHandler                        0x080001b7   Thumb Code     0  startup_stm32f407xx.o(.text)
    OTG_FS_WKUP_IRQHandler                   0x080001b7   Thumb Code     0  startup_stm32f407xx.o(.text)
    OTG_HS_EP1_IN_IRQHandler                 0x080001b7   Thumb Code     0  startup_stm32f407xx.o(.text)
    OTG_HS_EP1_OUT_IRQHandler                0x080001b7   Thumb Code     0  startup_stm32f407xx.o(.text)
    OTG_HS_IRQHandler                        0x080001b7   Thumb Code     0  startup_stm32f407xx.o(.text)
    OTG_HS_WKUP_IRQHandler                   0x080001b7   Thumb Code     0  startup_stm32f407xx.o(.text)
    PVD_IRQHandler                           0x080001b7   Thumb Code     0  startup_stm32f407xx.o(.text)
    RCC_IRQHandler                           0x080001b7   Thumb Code     0  startup_stm32f407xx.o(.text)
    RTC_Alarm_IRQHandler                     0x080001b7   Thumb Code     0  startup_stm32f407xx.o(.text)
    RTC_WKUP_IRQHandler                      0x080001b7   Thumb Code     0  startup_stm32f407xx.o(.text)
    SDIO_IRQHandler                          0x080001b7   Thumb Code     0  startup_stm32f407xx.o(.text)
    SPI1_IRQHandler                          0x080001b7   Thumb Code     0  startup_stm32f407xx.o(.text)
    SPI2_IRQHandler                          0x080001b7   Thumb Code     0  startup_stm32f407xx.o(.text)
    SPI3_IRQHandler                          0x080001b7   Thumb Code     0  startup_stm32f407xx.o(.text)
    TAMP_STAMP_IRQHandler                    0x080001b7   Thumb Code     0  startup_stm32f407xx.o(.text)
    TIM1_BRK_TIM9_IRQHandler                 0x080001b7   Thumb Code     0  startup_stm32f407xx.o(.text)
    TIM1_CC_IRQHandler                       0x080001b7   Thumb Code     0  startup_stm32f407xx.o(.text)
    TIM1_TRG_COM_TIM11_IRQHandler            0x080001b7   Thumb Code     0  startup_stm32f407xx.o(.text)
    TIM1_UP_TIM10_IRQHandler                 0x080001b7   Thumb Code     0  startup_stm32f407xx.o(.text)
    TIM3_IRQHandler                          0x080001b7   Thumb Code     0  startup_stm32f407xx.o(.text)
    TIM4_IRQHandler                          0x080001b7   Thumb Code     0  startup_stm32f407xx.o(.text)
    TIM5_IRQHandler                          0x080001b7   Thumb Code     0  startup_stm32f407xx.o(.text)
    TIM6_DAC_IRQHandler                      0x080001b7   Thumb Code     0  startup_stm32f407xx.o(.text)
    TIM7_IRQHandler                          0x080001b7   Thumb Code     0  startup_stm32f407xx.o(.text)
    TIM8_BRK_TIM12_IRQHandler                0x080001b7   Thumb Code     0  startup_stm32f407xx.o(.text)
    TIM8_CC_IRQHandler                       0x080001b7   Thumb Code     0  startup_stm32f407xx.o(.text)
    TIM8_TRG_COM_TIM14_IRQHandler            0x080001b7   Thumb Code     0  startup_stm32f407xx.o(.text)
    TIM8_UP_TIM13_IRQHandler                 0x080001b7   Thumb Code     0  startup_stm32f407xx.o(.text)
    UART4_IRQHandler                         0x080001b7   Thumb Code     0  startup_stm32f407xx.o(.text)
    UART5_IRQHandler                         0x080001b7   Thumb Code     0  startup_stm32f407xx.o(.text)
    USART6_IRQHandler                        0x080001b7   Thumb Code     0  startup_stm32f407xx.o(.text)
    WWDG_IRQHandler                          0x080001b7   Thumb Code     0  startup_stm32f407xx.o(.text)
    __aeabi_uldivmod                         0x080001c1   Thumb Code    98  uldiv.o(.text)
    __aeabi_memset                           0x08000223   Thumb Code    14  memseta.o(.text)
    __aeabi_memset4                          0x08000223   Thumb Code     0  memseta.o(.text)
    __aeabi_memset8                          0x08000223   Thumb Code     0  memseta.o(.text)
    __aeabi_memclr                           0x08000231   Thumb Code     4  memseta.o(.text)
    __aeabi_memclr4                          0x08000231   Thumb Code     0  memseta.o(.text)
    __aeabi_memclr8                          0x08000231   Thumb Code     0  memseta.o(.text)
    _memset$wrapper                          0x08000235   Thumb Code    18  memseta.o(.text)
    atoi                                     0x08000247   Thumb Code    26  atoi.o(.text)
    __aeabi_dadd                             0x08000261   Thumb Code   322  dadd.o(.text)
    __aeabi_dsub                             0x080003a3   Thumb Code     6  dadd.o(.text)
    __aeabi_drsub                            0x080003a9   Thumb Code     6  dadd.o(.text)
    __aeabi_dmul                             0x080003af   Thumb Code   228  dmul.o(.text)
    __aeabi_dcmpgt                           0x08000493   Thumb Code    54  dcmpgt.o(.text)
    __aeabi_f2d                              0x080004c9   Thumb Code    38  f2d.o(.text)
    __aeabi_d2f                              0x080004ef   Thumb Code    56  d2f.o(.text)
    __aeabi_uidiv                            0x08000527   Thumb Code     0  uidiv.o(.text)
    __aeabi_uidivmod                         0x08000527   Thumb Code    44  uidiv.o(.text)
    __aeabi_llsl                             0x08000553   Thumb Code    30  llshl.o(.text)
    _ll_shift_l                              0x08000553   Thumb Code     0  llshl.o(.text)
    __aeabi_llsr                             0x08000571   Thumb Code    32  llushr.o(.text)
    _ll_ushift_r                             0x08000571   Thumb Code     0  llushr.o(.text)
    __aeabi_lasr                             0x08000591   Thumb Code    36  llsshr.o(.text)
    _ll_sshift_r                             0x08000591   Thumb Code     0  llsshr.o(.text)
    __strtod_int                             0x080005f3   Thumb Code    94  strtod.o(.text)
    strtol                                   0x0800065d   Thumb Code   112  strtol.o(.text)
    __I$use$fp                               0x080006cd   Thumb Code     0  iusefp.o(.text)
    _float_round                             0x080006cd   Thumb Code    18  fepilogue.o(.text)
    _float_epilogue                          0x080006df   Thumb Code    92  fepilogue.o(.text)
    _double_round                            0x0800073b   Thumb Code    30  depilogue.o(.text)
    _double_epilogue                         0x08000759   Thumb Code   156  depilogue.o(.text)
    __aeabi_ddiv                             0x080007f5   Thumb Code   222  ddiv.o(.text)
    __aeabi_d2ulz                            0x080008d3   Thumb Code    48  dfixul.o(.text)
    __aeabi_cdrcmple                         0x08000905   Thumb Code    48  cdrcmple.o(.text)
    __scatterload                            0x08000935   Thumb Code    28  init.o(.text)
    __scatterload_rt2                        0x08000935   Thumb Code     0  init.o(.text)
    __rt_ctype_table                         0x08000959   Thumb Code     4  ctype_o.o(.text)
    isspace                                  0x08000961   Thumb Code    18  isspace_o.o(.text)
    _scanf_real                              0x08000a9d   Thumb Code     0  scanf_fp.o(.text)
    _scanf_really_real                       0x08000a9d   Thumb Code   556  scanf_fp.o(.text)
    _sgetc                                   0x08000cd5   Thumb Code    30  _sgetc.o(.text)
    _sbackspace                              0x08000cf3   Thumb Code    34  _sgetc.o(.text)
    _strtoul                                 0x08000d15   Thumb Code   158  _strtoul.o(.text)
    _chval                                   0x08000db3   Thumb Code    28  _chval.o(.text)
    __aeabi_ul2d                             0x08000dcf   Thumb Code    24  dfltul.o(.text)
    BusFault_Handler                         0x08000de9   Thumb Code     4  stm32f4xx_it.o(.text.BusFault_Handler)
    DebugMon_Handler                         0x08000ded   Thumb Code     2  stm32f4xx_it.o(.text.DebugMon_Handler)
    Error_Handler                            0x08000df1   Thumb Code     2  main.o(.text.Error_Handler)
    FSMC_NORSRAM_Extended_Timing_Init        0x08000df5   Thumb Code   134  stm32f4xx_ll_fsmc.o(.text.FSMC_NORSRAM_Extended_Timing_Init)
    FSMC_NORSRAM_Init                        0x08000e7d   Thumb Code   180  stm32f4xx_ll_fsmc.o(.text.FSMC_NORSRAM_Init)
    FSMC_NORSRAM_Timing_Init                 0x08000f31   Thumb Code   120  stm32f4xx_ll_fsmc.o(.text.FSMC_NORSRAM_Timing_Init)
    GaussGun_Fire                            0x08000fa9   Thumb Code   150  gaussgun.o(.text.GaussGun_Fire)
    Get_CoordinateXResult                    0x08001041   Thumb Code    14  user_uart.o(.text.Get_CoordinateXResult)
    HAL_DMA_Abort_IT                         0x08001051   Thumb Code    72  stm32f4xx_hal_dma.o(.text.HAL_DMA_Abort_IT)
    HAL_Delay                                0x08001099   Thumb Code    78  stm32f4xx_hal.o(.text.HAL_Delay)
    HAL_GPIO_Init                            0x0800119d   Thumb Code   974  stm32f4xx_hal_gpio.o(.text.HAL_GPIO_Init)
    HAL_GPIO_WritePin                        0x0800156d   Thumb Code    66  stm32f4xx_hal_gpio.o(.text.HAL_GPIO_WritePin)
    HAL_GetTick                              0x080015b1   Thumb Code    12  stm32f4xx_hal.o(.text.HAL_GetTick)
    HAL_IncTick                              0x080015bd   Thumb Code    26  stm32f4xx_hal.o(.text.HAL_IncTick)
    HAL_Init                                 0x080015d9   Thumb Code    62  stm32f4xx_hal.o(.text.HAL_Init)
    HAL_InitTick                             0x08001619   Thumb Code   118  stm32f4xx_hal.o(.text.HAL_InitTick)
    HAL_MspInit                              0x08001691   Thumb Code    78  stm32f4xx_hal_msp.o(.text.HAL_MspInit)
    HAL_NVIC_EnableIRQ                       0x080016e1   Thumb Code    24  stm32f4xx_hal_cortex.o(.text.HAL_NVIC_EnableIRQ)
    HAL_NVIC_SetPriority                     0x080016f9   Thumb Code    76  stm32f4xx_hal_cortex.o(.text.HAL_NVIC_SetPriority)
    HAL_NVIC_SetPriorityGrouping             0x08001745   Thumb Code    20  stm32f4xx_hal_cortex.o(.text.HAL_NVIC_SetPriorityGrouping)
    HAL_RCC_ClockConfig                      0x08001759   Thumb Code   628  stm32f4xx_hal_rcc.o(.text.HAL_RCC_ClockConfig)
    HAL_RCC_GetHCLKFreq                      0x080019cd   Thumb Code    12  stm32f4xx_hal_rcc.o(.text.HAL_RCC_GetHCLKFreq)
    HAL_RCC_GetPCLK1Freq                     0x080019d9   Thumb Code    38  stm32f4xx_hal_rcc.o(.text.HAL_RCC_GetPCLK1Freq)
    HAL_RCC_GetPCLK2Freq                     0x08001a01   Thumb Code    42  stm32f4xx_hal_rcc.o(.text.HAL_RCC_GetPCLK2Freq)
    HAL_RCC_GetSysClockFreq                  0x08001a2d   Thumb Code   232  stm32f4xx_hal_rcc.o(.text.HAL_RCC_GetSysClockFreq)
    HAL_RCC_OscConfig                        0x08001b15   Thumb Code  1650  stm32f4xx_hal_rcc.o(.text.HAL_RCC_OscConfig)
    HAL_SRAM_Init                            0x08002189   Thumb Code   174  stm32f4xx_hal_sram.o(.text.HAL_SRAM_Init)
    HAL_SRAM_MspInit                         0x08002239   Thumb Code    18  fsmc.o(.text.HAL_SRAM_MspInit)
    HAL_SYSTICK_Config                       0x0800224d   Thumb Code    20  stm32f4xx_hal_cortex.o(.text.HAL_SYSTICK_Config)
    HAL_TIMEx_BreakCallback                  0x08002261   Thumb Code    12  stm32f4xx_hal_tim_ex.o(.text.HAL_TIMEx_BreakCallback)
    HAL_TIMEx_CommutCallback                 0x0800226d   Thumb Code    12  stm32f4xx_hal_tim_ex.o(.text.HAL_TIMEx_CommutCallback)
    HAL_TIMEx_ConfigBreakDeadTime            0x08002279   Thumb Code   186  stm32f4xx_hal_tim_ex.o(.text.HAL_TIMEx_ConfigBreakDeadTime)
    HAL_TIMEx_MasterConfigSynchronization    0x08002335   Thumb Code   160  stm32f4xx_hal_tim_ex.o(.text.HAL_TIMEx_MasterConfigSynchronization)
    HAL_TIM_Base_Init                        0x080023d5   Thumb Code   102  stm32f4xx_hal_tim.o(.text.HAL_TIM_Base_Init)
    HAL_TIM_Base_MspInit                     0x0800243d   Thumb Code   198  tim.o(.text.HAL_TIM_Base_MspInit)
    HAL_TIM_Base_Start                       0x08002505   Thumb Code    64  stm32f4xx_hal_tim.o(.text.HAL_TIM_Base_Start)
    HAL_TIM_Base_Stop                        0x08002545   Thumb Code    82  stm32f4xx_hal_tim.o(.text.HAL_TIM_Base_Stop)
    HAL_TIM_Base_Stop_IT                     0x08002599   Thumb Code    78  stm32f4xx_hal_tim.o(.text.HAL_TIM_Base_Stop_IT)
    HAL_TIM_ConfigClockSource                0x080025e9   Thumb Code   414  stm32f4xx_hal_tim.o(.text.HAL_TIM_ConfigClockSource)
    HAL_TIM_IC_CaptureCallback               0x08002789   Thumb Code    12  stm32f4xx_hal_tim.o(.text.HAL_TIM_IC_CaptureCallback)
    HAL_TIM_IRQHandler                       0x08002795   Thumb Code   646  stm32f4xx_hal_tim.o(.text.HAL_TIM_IRQHandler)
    HAL_TIM_MspPostInit                      0x08002a1d   Thumb Code   194  tim.o(.text.HAL_TIM_MspPostInit)
    HAL_TIM_OC_DelayElapsedCallback          0x08002ae1   Thumb Code    12  stm32f4xx_hal_tim.o(.text.HAL_TIM_OC_DelayElapsedCallback)
    HAL_TIM_PWM_ConfigChannel                0x08002aed   Thumb Code   352  stm32f4xx_hal_tim.o(.text.HAL_TIM_PWM_ConfigChannel)
    HAL_TIM_PWM_Init                         0x08002c4d   Thumb Code   102  stm32f4xx_hal_tim.o(.text.HAL_TIM_PWM_Init)
    HAL_TIM_PWM_MspInit                      0x08002cb5   Thumb Code    12  stm32f4xx_hal_tim.o(.text.HAL_TIM_PWM_MspInit)
    HAL_TIM_PWM_PulseFinishedCallback        0x08002cc1   Thumb Code    12  stm32f4xx_hal_tim.o(.text.HAL_TIM_PWM_PulseFinishedCallback)
    HAL_TIM_PWM_Start                        0x08002ccd   Thumb Code   144  stm32f4xx_hal_tim.o(.text.HAL_TIM_PWM_Start)
    HAL_TIM_PWM_Stop                         0x08002d5d   Thumb Code   206  stm32f4xx_hal_tim.o(.text.HAL_TIM_PWM_Stop)
    HAL_TIM_PeriodElapsedCallback            0x08002e2d   Thumb Code   168  timer.o(.text.HAL_TIM_PeriodElapsedCallback)
    HAL_TIM_TriggerCallback                  0x08002ed5   Thumb Code    12  stm32f4xx_hal_tim.o(.text.HAL_TIM_TriggerCallback)
    HAL_UART_ErrorCallback                   0x08002ee1   Thumb Code    12  stm32f4xx_hal_uart.o(.text.HAL_UART_ErrorCallback)
    HAL_UART_IRQHandler                      0x08002eed   Thumb Code   544  stm32f4xx_hal_uart.o(.text.HAL_UART_IRQHandler)
    HAL_UART_Init                            0x0800310d   Thumb Code   166  stm32f4xx_hal_uart.o(.text.HAL_UART_Init)
    HAL_UART_MspInit                         0x080031b5   Thumb Code   476  usart.o(.text.HAL_UART_MspInit)
    HAL_UART_Receive_IT                      0x08003391   Thumb Code   208  stm32f4xx_hal_uart.o(.text.HAL_UART_Receive_IT)
    HAL_UART_RxCpltCallback                  0x08003461   Thumb Code    86  user_callback.o(.text.HAL_UART_RxCpltCallback)
    HAL_UART_Transmit                        0x080034b9   Thumb Code   384  stm32f4xx_hal_uart.o(.text.HAL_UART_Transmit)
    HAL_UART_TxCpltCallback                  0x08003639   Thumb Code    12  stm32f4xx_hal_uart.o(.text.HAL_UART_TxCpltCallback)
    HardFault_Handler                        0x08003645   Thumb Code     4  stm32f4xx_it.o(.text.HardFault_Handler)
    Key_scan                                 0x08003649   Thumb Code   768  keypad.o(.text.Key_scan)
    LCD_Clear                                0x08003949   Thumb Code   174  ili93xx.o(.text.LCD_Clear)
    LCD_Display_Dir                          0x080039f9   Thumb Code   536  ili93xx.o(.text.LCD_Display_Dir)
    LCD_DrawLine                             0x08003c11   Thumb Code   316  ili93xx.o(.text.LCD_DrawLine)
    LCD_DrawPoint                            0x08003d4d   Thumb Code    58  ili93xx.o(.text.LCD_DrawPoint)
    LCD_Fast_DrawPoint                       0x08003d89   Thumb Code   474  ili93xx.o(.text.LCD_Fast_DrawPoint)
    LCD_Pow                                  0x08003f65   Thumb Code    58  ili93xx.o(.text.LCD_Pow)
    LCD_RD_DATA                              0x08003fa1   Thumb Code    22  ili93xx.o(.text.LCD_RD_DATA)
    LCD_ReadReg                              0x08003fb9   Thumb Code    34  ili93xx.o(.text.LCD_ReadReg)
    LCD_Scan_Dir                             0x08003fdd   Thumb Code  1084  ili93xx.o(.text.LCD_Scan_Dir)
    LCD_SetCursor                            0x08004419   Thumb Code   430  ili93xx.o(.text.LCD_SetCursor)
    LCD_ShowChar                             0x080045c9   Thumb Code   478  ili93xx.o(.text.LCD_ShowChar)
    LCD_ShowString                           0x080047a9   Thumb Code   242  ili93xx.o(.text.LCD_ShowString)
    LCD_ShowxNum                             0x0800489d   Thumb Code   382  ili93xx.o(.text.LCD_ShowxNum)
    LCD_WR_DATA                              0x08004a1d   Thumb Code    34  ili93xx.o(.text.LCD_WR_DATA)
    LCD_WR_REG                               0x08004a41   Thumb Code    36  ili93xx.o(.text.LCD_WR_REG)
    LCD_WriteRAM_Prepare                     0x08004a65   Thumb Code    22  ili93xx.o(.text.LCD_WriteRAM_Prepare)
    LCD_WriteReg                             0x08004a7d   Thumb Code    48  ili93xx.o(.text.LCD_WriteReg)
    MX_FSMC_Init                             0x08004aad   Thumb Code   178  fsmc.o(.text.MX_FSMC_Init)
    MX_GPIO_Init                             0x08004b61   Thumb Code   420  gpio.o(.text.MX_GPIO_Init)
    MX_TIM1_Init                             0x08004d05   Thumb Code   304  tim.o(.text.MX_TIM1_Init)
    MX_TIM2_Init                             0x08004e35   Thumb Code   230  tim.o(.text.MX_TIM2_Init)
    MX_TIM5_Init                             0x08004f1d   Thumb Code   138  tim.o(.text.MX_TIM5_Init)
    MX_USART1_UART_Init                      0x08004fa9   Thumb Code    60  usart.o(.text.MX_USART1_UART_Init)
    MX_USART2_UART_Init                      0x08004fe5   Thumb Code    60  usart.o(.text.MX_USART2_UART_Init)
    MX_USART3_UART_Init                      0x08005021   Thumb Code    60  usart.o(.text.MX_USART3_UART_Init)
    MemManage_Handler                        0x0800505d   Thumb Code     4  stm32f4xx_it.o(.text.MemManage_Handler)
    MotorPWM_Init                            0x08005061   Thumb Code    24  motor.o(.text.MotorPWM_Init)
    NMI_Handler                              0x08005079   Thumb Code     2  stm32f4xx_it.o(.text.NMI_Handler)
    PendSV_Handler                           0x080050fd   Thumb Code     2  stm32f4xx_it.o(.text.PendSV_Handler)
    SVC_Handler                              0x08005101   Thumb Code     2  stm32f4xx_it.o(.text.SVC_Handler)
    SysTick_Handler                          0x08005161   Thumb Code     8  stm32f4xx_it.o(.text.SysTick_Handler)
    SystemClock_Config                       0x08005169   Thumb Code   194  main.o(.text.SystemClock_Config)
    SystemInit                               0x0800522d   Thumb Code   110  system_stm32f4xx.o(.text.SystemInit)
    TFTLCD_Init                              0x0800529d   Thumb Code  1124  ili93xx.o(.text.TFTLCD_Init)
    TIM2_IRQHandler                          0x08005701   Thumb Code    16  stm32f4xx_it.o(.text.TIM2_IRQHandler)
    TIM_Base_SetConfig                       0x08005711   Thumb Code   418  stm32f4xx_hal_tim.o(.text.TIM_Base_SetConfig)
    TIM_CCxChannelCmd                        0x080058b5   Thumb Code    74  stm32f4xx_hal_tim.o(.text.TIM_CCxChannelCmd)
    TIM_ETR_SetConfig                        0x08005901   Thumb Code    74  stm32f4xx_hal_tim.o(.text.TIM_ETR_SetConfig)
    TIM_OC2_SetConfig                        0x08005a75   Thumb Code   252  stm32f4xx_hal_tim.o(.text.TIM_OC2_SetConfig)
    USART1_IRQHandler                        0x08006521   Thumb Code    16  stm32f4xx_it.o(.text.USART1_IRQHandler)
    USART2_IRQHandler                        0x08006531   Thumb Code    16  stm32f4xx_it.o(.text.USART2_IRQHandler)
    USART3_IRQHandler                        0x08006541   Thumb Code    16  stm32f4xx_it.o(.text.USART3_IRQHandler)
    UpdateMotorState                         0x08006551   Thumb Code   170  motor.o(.text.UpdateMotorState)
    UsageFault_Handler                       0x080065fd   Thumb Code     4  stm32f4xx_it.o(.text.UsageFault_Handler)
    User_DebugUart_Init                      0x08006601   Thumb Code    32  user_uart.o(.text.User_DebugUart_Init)
    User_DistantUart_Init                    0x08006621   Thumb Code    64  user_uart.o(.text.User_DistantUart_Init)
    User_GetErrorUart_Init                   0x08006661   Thumb Code    32  user_uart.o(.text.User_GetErrorUart_Init)
    User_Main                                0x08006681   Thumb Code   552  usermain.o(.text.User_Main)
    _GetCommandUartCallBack                  0x080068a9   Thumb Code    50  user_uart.o(.text._GetCommandUartCallBack)
    _GetDistantUartCallBack                  0x080068e1   Thumb Code   552  user_uart.o(.text._GetDistantUartCallBack)
    _GetErrorUartCallBack                    0x08006b09   Thumb Code   408  user_uart.o(.text._GetErrorUartCallBack)
    main                                     0x08006d75   Thumb Code    58  main.o(.text.main)
    mode1                                    0x08006db1   Thumb Code   110  lcd_mode.o(.text.mode1)
    mode2                                    0x08006e21   Thumb Code   506  lcd_mode.o(.text.mode2)
    mode3                                    0x0800701d   Thumb Code   724  lcd_mode.o(.text.mode3)
    mode4                                    0x080072f1   Thumb Code    94  lcd_mode.o(.text.mode4)
    mode5                                    0x08007351   Thumb Code    94  lcd_mode.o(.text.mode5)
    mode_display                             0x080073b1   Thumb Code   254  lcd_mode.o(.text.mode_display)
    __0sprintf                               0x080074b1   Thumb Code    34  printfa.o(i.__0sprintf)
    __1sprintf                               0x080074b1   Thumb Code     0  printfa.o(i.__0sprintf)
    __2sprintf                               0x080074b1   Thumb Code     0  printfa.o(i.__0sprintf)
    __c89sprintf                             0x080074b1   Thumb Code     0  printfa.o(i.__0sprintf)
    sprintf                                  0x080074b1   Thumb Code     0  printfa.o(i.__0sprintf)
    __aeabi_errno_addr                       0x080074d9   Thumb Code     4  errno.o(i.__aeabi_errno_addr)
    __rt_errno_addr                          0x080074d9   Thumb Code     0  errno.o(i.__aeabi_errno_addr)
    __hardfp_atof                            0x080074e1   Thumb Code    46  atof.o(i.__hardfp_atof)
    __read_errno                             0x08007519   Thumb Code     6  errno.o(i.__read_errno)
    __scatterload_copy                       0x08007525   Thumb Code    14  handlers.o(i.__scatterload_copy)
    __scatterload_null                       0x08007533   Thumb Code     2  handlers.o(i.__scatterload_null)
    __scatterload_zeroinit                   0x08007535   Thumb Code    14  handlers.o(i.__scatterload_zeroinit)
    __set_errno                              0x08007545   Thumb Code     6  errno.o(i.__set_errno)
    _is_digit                                0x080076d5   Thumb Code    14  scanf_fp.o(i._is_digit)
    __ctype_table                            0x08007e1c   Data         129  ctype_o.o(.constdata)
    AHBPrescTable                            0x08007ea4   Data          16  system_stm32f4xx.o(.rodata.AHBPrescTable)
    APBPrescTable                            0x08007eb4   Data           8  system_stm32f4xx.o(.rodata.APBPrescTable)
    asc2_1206                                0x08007ebc   Data        1140  ili93xx.o(.rodata.asc2_1206)
    asc2_1608                                0x08008330   Data        1520  ili93xx.o(.rodata.asc2_1608)
    asc2_2412                                0x08008920   Data        3420  ili93xx.o(.rodata.asc2_2412)
    Region$$Table$$Base                      0x08009700   Number         0  anon$$obj.o(Region$$Table)
    Region$$Table$$Limit                     0x08009720   Number         0  anon$$obj.o(Region$$Table)
    BACK_COLOR                               0x20000004   Data           2  ili93xx.o(.data.BACK_COLOR)
    SystemCoreClock                          0x20000008   Data           4  system_stm32f4xx.o(.data.SystemCoreClock)
    a                                        0x2000000c   Data           9  user_uart.o(.data.a)
    uwTickFreq                               0x20000015   Data           1  stm32f4xx_hal.o(.data.uwTickFreq)
    uwTickPrio                               0x20000018   Data           4  stm32f4xx_hal.o(.data.uwTickPrio)
    Coordinate1_One                          0x20000022   Data           2  user_uart.o(.bss.Coordinate1_One)
    Coordinate1_Two                          0x20000024   Data           2  user_uart.o(.bss.Coordinate1_Two)
    Cur_mode                                 0x20000026   Data           2  usermain.o(.bss.Cur_mode)
    POINT_COLOR                              0x2000002c   Data           2  ili93xx.o(.bss.POINT_COLOR)
    PWM_Count                                0x20000030   Data           4  timer.o(.bss.PWM_Count)
    PWM_Count_Set                            0x20000034   Data           4  mricrostepdriver.o(.bss.PWM_Count_Set)
    _DebugCommand                            0x20000038   Data           1  user_uart.o(.bss._DebugCommand)
    _GetDistantResults                       0x2000003c   Data           4  user_uart.o(.bss._GetDistantResults)
    aim                                      0x2000005c   Data           4  lcd_mode.o(.bss.aim)
    aim_ang                                  0x20000060   Data           4  lcd_mode.o(.bss.aim_ang)
    ang_flag                                 0x20000064   Data           2  lcd_mode.o(.bss.ang_flag)
    angle                                    0x20000066   Data           1  lcd_mode.o(.bss.angle)
    dis_flag                                 0x20000068   Data           2  lcd_mode.o(.bss.dis_flag)
    distance                                 0x2000006a   Data           1  lcd_mode.o(.bss.distance)
    flag                                     0x2000006c   Data           4  mricrostepdriver.o(.bss.flag)
    hsram1                                   0x20000070   Data          80  fsmc.o(.bss.hsram1)
    htim1                                    0x200000c0   Data          64  tim.o(.bss.htim1)
    htim2                                    0x20000100   Data          64  tim.o(.bss.htim2)
    htim5                                    0x20000140   Data          64  tim.o(.bss.htim5)
    huart1                                   0x20000180   Data          64  usart.o(.bss.huart1)
    huart2                                   0x200001c0   Data          64  usart.o(.bss.huart2)
    huart3                                   0x20000200   Data          64  usart.o(.bss.huart3)
    lcd_flag                                 0x20000240   Data           2  lcd_mode.o(.bss.lcd_flag)
    lcddev                                   0x20000242   Data          14  ili93xx.o(.bss.lcddev)
    modeflag                                 0x20000250   Data           2  usermain.o(.bss.modeflag)
    stop                                     0x20000254   Data           4  timer.o(.bss.stop)
    uwTick                                   0x20000258   Data           4  stm32f4xx_hal.o(.bss.uwTick)
    __initial_sp                             0x20000660   Data           0  startup_stm32f407xx.o(STACK)



==============================================================================

Memory Map of the image

  Image Entry point : 0x08000189

  Load Region LR_IROM1 (Base: 0x08000000, Size: 0x00009740, Max: 0x00080000, ABSOLUTE)

    Execution Region ER_IROM1 (Exec base: 0x08000000, Load base: 0x08000000, Size: 0x00009720, Max: 0x00080000, ABSOLUTE)

    Exec Addr    Load Addr    Size         Type   Attr      Idx    E Section Name        Object

    0x08000000   0x08000000   0x00000188   Data   RO            3    RESET               startup_stm32f407xx.o
    0x08000188   0x08000188   0x00000000   Code   RO         1426  * .ARM.Collect$$$$00000000  mc_w.l(entry.o)
    0x08000188   0x08000188   0x00000004   Code   RO         1477    .ARM.Collect$$$$00000001  mc_w.l(entry2.o)
    0x0800018c   0x0800018c   0x00000004   Code   RO         1480    .ARM.Collect$$$$00000004  mc_w.l(entry5.o)
    0x08000190   0x08000190   0x00000000   Code   RO         1482    .ARM.Collect$$$$00000008  mc_w.l(entry7b.o)
    0x08000190   0x08000190   0x00000000   Code   RO         1484    .ARM.Collect$$$$0000000A  mc_w.l(entry8b.o)
    0x08000190   0x08000190   0x00000008   Code   RO         1485    .ARM.Collect$$$$0000000B  mc_w.l(entry9a.o)
    0x08000198   0x08000198   0x00000000   Code   RO         1487    .ARM.Collect$$$$0000000D  mc_w.l(entry10a.o)
    0x08000198   0x08000198   0x00000000   Code   RO         1489    .ARM.Collect$$$$0000000F  mc_w.l(entry11a.o)
    0x08000198   0x08000198   0x00000004   Code   RO         1478    .ARM.Collect$$$$00002712  mc_w.l(entry2.o)
    0x0800019c   0x0800019c   0x00000024   Code   RO            4    .text               startup_stm32f407xx.o
    0x080001c0   0x080001c0   0x00000062   Code   RO         1429    .text               mc_w.l(uldiv.o)
    0x08000222   0x08000222   0x00000024   Code   RO         1431    .text               mc_w.l(memseta.o)
    0x08000246   0x08000246   0x0000001a   Code   RO         1461    .text               mc_w.l(atoi.o)
    0x08000260   0x08000260   0x0000014e   Code   RO         1463    .text               mf_w.l(dadd.o)
    0x080003ae   0x080003ae   0x000000e4   Code   RO         1465    .text               mf_w.l(dmul.o)
    0x08000492   0x08000492   0x00000036   Code   RO         1469    .text               mf_w.l(dcmpgt.o)
    0x080004c8   0x080004c8   0x00000026   Code   RO         1473    .text               mf_w.l(f2d.o)
    0x080004ee   0x080004ee   0x00000038   Code   RO         1475    .text               mf_w.l(d2f.o)
    0x08000526   0x08000526   0x0000002c   Code   RO         1492    .text               mc_w.l(uidiv.o)
    0x08000552   0x08000552   0x0000001e   Code   RO         1494    .text               mc_w.l(llshl.o)
    0x08000570   0x08000570   0x00000020   Code   RO         1496    .text               mc_w.l(llushr.o)
    0x08000590   0x08000590   0x00000024   Code   RO         1498    .text               mc_w.l(llsshr.o)
    0x080005b4   0x080005b4   0x000000a8   Code   RO         1507    .text               mc_w.l(strtod.o)
    0x0800065c   0x0800065c   0x00000070   Code   RO         1509    .text               mc_w.l(strtol.o)
    0x080006cc   0x080006cc   0x00000000   Code   RO         1511    .text               mc_w.l(iusefp.o)
    0x080006cc   0x080006cc   0x0000006e   Code   RO         1512    .text               mf_w.l(fepilogue.o)
    0x0800073a   0x0800073a   0x000000ba   Code   RO         1514    .text               mf_w.l(depilogue.o)
    0x080007f4   0x080007f4   0x000000de   Code   RO         1516    .text               mf_w.l(ddiv.o)
    0x080008d2   0x080008d2   0x00000030   Code   RO         1518    .text               mf_w.l(dfixul.o)
    0x08000902   0x08000902   0x00000002   PAD
    0x08000904   0x08000904   0x00000030   Code   RO         1520    .text               mf_w.l(cdrcmple.o)
    0x08000934   0x08000934   0x00000024   Code   RO         1522    .text               mc_w.l(init.o)
    0x08000958   0x08000958   0x00000008   Code   RO         1526    .text               mc_w.l(ctype_o.o)
    0x08000960   0x08000960   0x00000012   Code   RO         1548    .text               mc_w.l(isspace_o.o)
    0x08000972   0x08000972   0x00000002   PAD
    0x08000974   0x08000974   0x00000360   Code   RO         1554    .text               mc_w.l(scanf_fp.o)
    0x08000cd4   0x08000cd4   0x00000040   Code   RO         1558    .text               mc_w.l(_sgetc.o)
    0x08000d14   0x08000d14   0x0000009e   Code   RO         1560    .text               mc_w.l(_strtoul.o)
    0x08000db2   0x08000db2   0x0000001c   Code   RO         1565    .text               mc_w.l(_chval.o)
    0x08000dce   0x08000dce   0x00000018   Code   RO         1567    .text               mf_w.l(dfltul.o)
    0x08000de6   0x08000de6   0x00000002   PAD
    0x08000de8   0x08000de8   0x00000004   Code   RO          105    .text.BusFault_Handler  stm32f4xx_it.o
    0x08000dec   0x08000dec   0x00000002   Code   RO          111    .text.DebugMon_Handler  stm32f4xx_it.o
    0x08000dee   0x08000dee   0x00000002   PAD
    0x08000df0   0x08000df0   0x00000002   Code   RO           15    .text.Error_Handler  main.o
    0x08000df2   0x08000df2   0x00000002   PAD
    0x08000df4   0x08000df4   0x00000086   Code   RO          148    .text.FSMC_NORSRAM_Extended_Timing_Init  stm32f4xx_ll_fsmc.o
    0x08000e7a   0x08000e7a   0x00000002   PAD
    0x08000e7c   0x08000e7c   0x000000b4   Code   RO          142    .text.FSMC_NORSRAM_Init  stm32f4xx_ll_fsmc.o
    0x08000f30   0x08000f30   0x00000078   Code   RO          146    .text.FSMC_NORSRAM_Timing_Init  stm32f4xx_ll_fsmc.o
    0x08000fa8   0x08000fa8   0x00000096   Code   RO         1361    .text.GaussGun_Fire  gaussgun.o
    0x0800103e   0x0800103e   0x00000002   PAD
    0x08001040   0x08001040   0x0000000e   Code   RO         1289    .text.Get_CoordinateXResult  user_uart.o
    0x0800104e   0x0800104e   0x00000002   PAD
    0x08001050   0x08001050   0x00000048   Code   RO          864    .text.HAL_DMA_Abort_IT  stm32f4xx_hal_dma.o
    0x08001098   0x08001098   0x0000004e   Code   RO         1041    .text.HAL_Delay     stm32f4xx_hal.o
    0x080010e6   0x080010e6   0x00000002   PAD
    0x080010e8   0x080010e8   0x000000b2   Code   RO           38    .text.HAL_FSMC_MspInit  fsmc.o
    0x0800119a   0x0800119a   0x00000002   PAD
    0x0800119c   0x0800119c   0x000003ce   Code   RO          808    .text.HAL_GPIO_Init  stm32f4xx_hal_gpio.o
    0x0800156a   0x0800156a   0x00000002   PAD
    0x0800156c   0x0800156c   0x00000042   Code   RO          814    .text.HAL_GPIO_WritePin  stm32f4xx_hal_gpio.o
    0x080015ae   0x080015ae   0x00000002   PAD
    0x080015b0   0x080015b0   0x0000000c   Code   RO         1033    .text.HAL_GetTick   stm32f4xx_hal.o
    0x080015bc   0x080015bc   0x0000001a   Code   RO         1031    .text.HAL_IncTick   stm32f4xx_hal.o
    0x080015d6   0x080015d6   0x00000002   PAD
    0x080015d8   0x080015d8   0x0000003e   Code   RO         1021    .text.HAL_Init      stm32f4xx_hal.o
    0x08001616   0x08001616   0x00000002   PAD
    0x08001618   0x08001618   0x00000076   Code   RO         1023    .text.HAL_InitTick  stm32f4xx_hal.o
    0x0800168e   0x0800168e   0x00000002   PAD
    0x08001690   0x08001690   0x0000004e   Code   RO          133    .text.HAL_MspInit   stm32f4xx_hal_msp.o
    0x080016de   0x080016de   0x00000002   PAD
    0x080016e0   0x080016e0   0x00000018   Code   RO          961    .text.HAL_NVIC_EnableIRQ  stm32f4xx_hal_cortex.o
    0x080016f8   0x080016f8   0x0000004c   Code   RO          953    .text.HAL_NVIC_SetPriority  stm32f4xx_hal_cortex.o
    0x08001744   0x08001744   0x00000014   Code   RO          949    .text.HAL_NVIC_SetPriorityGrouping  stm32f4xx_hal_cortex.o
    0x08001758   0x08001758   0x00000274   Code   RO          672    .text.HAL_RCC_ClockConfig  stm32f4xx_hal_rcc.o
    0x080019cc   0x080019cc   0x0000000c   Code   RO          682    .text.HAL_RCC_GetHCLKFreq  stm32f4xx_hal_rcc.o
    0x080019d8   0x080019d8   0x00000026   Code   RO          684    .text.HAL_RCC_GetPCLK1Freq  stm32f4xx_hal_rcc.o
    0x080019fe   0x080019fe   0x00000002   PAD
    0x08001a00   0x08001a00   0x0000002a   Code   RO          686    .text.HAL_RCC_GetPCLK2Freq  stm32f4xx_hal_rcc.o
    0x08001a2a   0x08001a2a   0x00000002   PAD
    0x08001a2c   0x08001a2c   0x000000e8   Code   RO          674    .text.HAL_RCC_GetSysClockFreq  stm32f4xx_hal_rcc.o
    0x08001b14   0x08001b14   0x00000672   Code   RO          670    .text.HAL_RCC_OscConfig  stm32f4xx_hal_rcc.o
    0x08002186   0x08002186   0x00000002   PAD
    0x08002188   0x08002188   0x000000ae   Code   RO          186    .text.HAL_SRAM_Init  stm32f4xx_hal_sram.o
    0x08002236   0x08002236   0x00000002   PAD
    0x08002238   0x08002238   0x00000012   Code   RO           36    .text.HAL_SRAM_MspInit  fsmc.o
    0x0800224a   0x0800224a   0x00000002   PAD
    0x0800224c   0x0800224c   0x00000014   Code   RO          973    .text.HAL_SYSTICK_Config  stm32f4xx_hal_cortex.o
    0x08002260   0x08002260   0x0000000c   Code   RO          538    .text.HAL_TIMEx_BreakCallback  stm32f4xx_hal_tim_ex.o
    0x0800226c   0x0800226c   0x0000000c   Code   RO          534    .text.HAL_TIMEx_CommutCallback  stm32f4xx_hal_tim_ex.o
    0x08002278   0x08002278   0x000000ba   Code   RO          530    .text.HAL_TIMEx_ConfigBreakDeadTime  stm32f4xx_hal_tim_ex.o
    0x08002332   0x08002332   0x00000002   PAD
    0x08002334   0x08002334   0x000000a0   Code   RO          528    .text.HAL_TIMEx_MasterConfigSynchronization  stm32f4xx_hal_tim_ex.o
    0x080023d4   0x080023d4   0x00000066   Code   RO          228    .text.HAL_TIM_Base_Init  stm32f4xx_hal_tim.o
    0x0800243a   0x0800243a   0x00000002   PAD
    0x0800243c   0x0800243c   0x000000c6   Code   RO           63    .text.HAL_TIM_Base_MspInit  tim.o
    0x08002502   0x08002502   0x00000002   PAD
    0x08002504   0x08002504   0x00000040   Code   RO          238    .text.HAL_TIM_Base_Start  stm32f4xx_hal_tim.o
    0x08002544   0x08002544   0x00000052   Code   RO          240    .text.HAL_TIM_Base_Stop  stm32f4xx_hal_tim.o
    0x08002596   0x08002596   0x00000002   PAD
    0x08002598   0x08002598   0x0000004e   Code   RO          244    .text.HAL_TIM_Base_Stop_IT  stm32f4xx_hal_tim.o
    0x080025e6   0x080025e6   0x00000002   PAD
    0x080025e8   0x080025e8   0x0000019e   Code   RO          416    .text.HAL_TIM_ConfigClockSource  stm32f4xx_hal_tim.o
    0x08002786   0x08002786   0x00000002   PAD
    0x08002788   0x08002788   0x0000000c   Code   RO          364    .text.HAL_TIM_IC_CaptureCallback  stm32f4xx_hal_tim.o
    0x08002794   0x08002794   0x00000286   Code   RO          362    .text.HAL_TIM_IRQHandler  stm32f4xx_hal_tim.o
    0x08002a1a   0x08002a1a   0x00000002   PAD
    0x08002a1c   0x08002a1c   0x000000c2   Code   RO           57    .text.HAL_TIM_MspPostInit  tim.o
    0x08002ade   0x08002ade   0x00000002   PAD
    0x08002ae0   0x08002ae0   0x0000000c   Code   RO          366    .text.HAL_TIM_OC_DelayElapsedCallback  stm32f4xx_hal_tim.o
    0x08002aec   0x08002aec   0x00000160   Code   RO          394    .text.HAL_TIM_PWM_ConfigChannel  stm32f4xx_hal_tim.o
    0x08002c4c   0x08002c4c   0x00000066   Code   RO          282    .text.HAL_TIM_PWM_Init  stm32f4xx_hal_tim.o
    0x08002cb2   0x08002cb2   0x00000002   PAD
    0x08002cb4   0x08002cb4   0x0000000c   Code   RO          284    .text.HAL_TIM_PWM_MspInit  stm32f4xx_hal_tim.o
    0x08002cc0   0x08002cc0   0x0000000c   Code   RO          368    .text.HAL_TIM_PWM_PulseFinishedCallback  stm32f4xx_hal_tim.o
    0x08002ccc   0x08002ccc   0x00000090   Code   RO          290    .text.HAL_TIM_PWM_Start  stm32f4xx_hal_tim.o
    0x08002d5c   0x08002d5c   0x000000ce   Code   RO          292    .text.HAL_TIM_PWM_Stop  stm32f4xx_hal_tim.o
    0x08002e2a   0x08002e2a   0x00000002   PAD
    0x08002e2c   0x08002e2c   0x000000a8   Code   RO         1370    .text.HAL_TIM_PeriodElapsedCallback  timer.o
    0x08002ed4   0x08002ed4   0x0000000c   Code   RO          372    .text.HAL_TIM_TriggerCallback  stm32f4xx_hal_tim.o
    0x08002ee0   0x08002ee0   0x0000000c   Code   RO          632    .text.HAL_UART_ErrorCallback  stm32f4xx_hal_uart.o
    0x08002eec   0x08002eec   0x00000220   Code   RO          626    .text.HAL_UART_IRQHandler  stm32f4xx_hal_uart.o
    0x0800310c   0x0800310c   0x000000a6   Code   RO          550    .text.HAL_UART_Init  stm32f4xx_hal_uart.o
    0x080031b2   0x080031b2   0x00000002   PAD
    0x080031b4   0x080031b4   0x000001dc   Code   RO           84    .text.HAL_UART_MspInit  usart.o
    0x08003390   0x08003390   0x000000d0   Code   RO          574    .text.HAL_UART_Receive_IT  stm32f4xx_hal_uart.o
    0x08003460   0x08003460   0x00000056   Code   RO         1381    .text.HAL_UART_RxCpltCallback  user_callback.o
    0x080034b6   0x080034b6   0x00000002   PAD
    0x080034b8   0x080034b8   0x00000180   Code   RO          566    .text.HAL_UART_Transmit  stm32f4xx_hal_uart.o
    0x08003638   0x08003638   0x0000000c   Code   RO          638    .text.HAL_UART_TxCpltCallback  stm32f4xx_hal_uart.o
    0x08003644   0x08003644   0x00000004   Code   RO          101    .text.HardFault_Handler  stm32f4xx_it.o
    0x08003648   0x08003648   0x00000300   Code   RO         1235    .text.Key_scan      keypad.o
    0x08003948   0x08003948   0x000000ae   Code   RO         1187    .text.LCD_Clear     ili93xx.o
    0x080039f6   0x080039f6   0x00000002   PAD
    0x080039f8   0x080039f8   0x00000218   Code   RO         1181    .text.LCD_Display_Dir  ili93xx.o
    0x08003c10   0x08003c10   0x0000013c   Code   RO         1193    .text.LCD_DrawLine  ili93xx.o
    0x08003d4c   0x08003d4c   0x0000003a   Code   RO         1177    .text.LCD_DrawPoint  ili93xx.o
    0x08003d86   0x08003d86   0x00000002   PAD
    0x08003d88   0x08003d88   0x000001da   Code   RO         1179    .text.LCD_Fast_DrawPoint  ili93xx.o
    0x08003f62   0x08003f62   0x00000002   PAD
    0x08003f64   0x08003f64   0x0000003a   Code   RO         1201    .text.LCD_Pow       ili93xx.o
    0x08003f9e   0x08003f9e   0x00000002   PAD
    0x08003fa0   0x08003fa0   0x00000016   Code   RO         1155    .text.LCD_RD_DATA   ili93xx.o
    0x08003fb6   0x08003fb6   0x00000002   PAD
    0x08003fb8   0x08003fb8   0x00000022   Code   RO         1159    .text.LCD_ReadReg   ili93xx.o
    0x08003fda   0x08003fda   0x00000002   PAD
    0x08003fdc   0x08003fdc   0x0000043c   Code   RO         1175    .text.LCD_Scan_Dir  ili93xx.o
    0x08004418   0x08004418   0x000001ae   Code   RO         1169    .text.LCD_SetCursor  ili93xx.o
    0x080045c6   0x080045c6   0x00000002   PAD
    0x080045c8   0x080045c8   0x000001de   Code   RO         1199    .text.LCD_ShowChar  ili93xx.o
    0x080047a6   0x080047a6   0x00000002   PAD
    0x080047a8   0x080047a8   0x000000f2   Code   RO         1207    .text.LCD_ShowString  ili93xx.o
    0x0800489a   0x0800489a   0x00000002   PAD
    0x0800489c   0x0800489c   0x0000017e   Code   RO         1205    .text.LCD_ShowxNum  ili93xx.o
    0x08004a1a   0x08004a1a   0x00000002   PAD
    0x08004a1c   0x08004a1c   0x00000022   Code   RO         1153    .text.LCD_WR_DATA   ili93xx.o
    0x08004a3e   0x08004a3e   0x00000002   PAD
    0x08004a40   0x08004a40   0x00000024   Code   RO         1151    .text.LCD_WR_REG    ili93xx.o
    0x08004a64   0x08004a64   0x00000016   Code   RO         1161    .text.LCD_WriteRAM_Prepare  ili93xx.o
    0x08004a7a   0x08004a7a   0x00000002   PAD
    0x08004a7c   0x08004a7c   0x00000030   Code   RO         1157    .text.LCD_WriteReg  ili93xx.o
    0x08004aac   0x08004aac   0x000000b2   Code   RO           34    .text.MX_FSMC_Init  fsmc.o
    0x08004b5e   0x08004b5e   0x00000002   PAD
    0x08004b60   0x08004b60   0x000001a4   Code   RO           25    .text.MX_GPIO_Init  gpio.o
    0x08004d04   0x08004d04   0x00000130   Code   RO           55    .text.MX_TIM1_Init  tim.o
    0x08004e34   0x08004e34   0x000000e6   Code   RO           59    .text.MX_TIM2_Init  tim.o
    0x08004f1a   0x08004f1a   0x00000002   PAD
    0x08004f1c   0x08004f1c   0x0000008a   Code   RO           61    .text.MX_TIM5_Init  tim.o
    0x08004fa6   0x08004fa6   0x00000002   PAD
    0x08004fa8   0x08004fa8   0x0000003c   Code   RO           78    .text.MX_USART1_UART_Init  usart.o
    0x08004fe4   0x08004fe4   0x0000003c   Code   RO           80    .text.MX_USART2_UART_Init  usart.o
    0x08005020   0x08005020   0x0000003c   Code   RO           82    .text.MX_USART3_UART_Init  usart.o
    0x0800505c   0x0800505c   0x00000004   Code   RO          103    .text.MemManage_Handler  stm32f4xx_it.o
    0x08005060   0x08005060   0x00000018   Code   RO         1127    .text.MotorPWM_Init  motor.o
    0x08005078   0x08005078   0x00000002   Code   RO           99    .text.NMI_Handler   stm32f4xx_it.o
    0x0800507a   0x0800507a   0x00000002   PAD
    0x0800507c   0x0800507c   0x00000080   Code   RO          959    .text.NVIC_EncodePriority  stm32f4xx_hal_cortex.o
    0x080050fc   0x080050fc   0x00000002   Code   RO          113    .text.PendSV_Handler  stm32f4xx_it.o
    0x080050fe   0x080050fe   0x00000002   PAD
    0x08005100   0x08005100   0x00000002   Code   RO          109    .text.SVC_Handler   stm32f4xx_it.o
    0x08005102   0x08005102   0x00000002   PAD
    0x08005104   0x08005104   0x0000005a   Code   RO          975    .text.SysTick_Config  stm32f4xx_hal_cortex.o
    0x0800515e   0x0800515e   0x00000002   PAD
    0x08005160   0x08005160   0x00000008   Code   RO          115    .text.SysTick_Handler  stm32f4xx_it.o
    0x08005168   0x08005168   0x000000c2   Code   RO           13    .text.SystemClock_Config  main.o
    0x0800522a   0x0800522a   0x00000002   PAD
    0x0800522c   0x0800522c   0x0000006e   Code   RO         1112    .text.SystemInit    system_stm32f4xx.o
    0x0800529a   0x0800529a   0x00000002   PAD
    0x0800529c   0x0800529c   0x00000464   Code   RO         1185    .text.TFTLCD_Init   ili93xx.o
    0x08005700   0x08005700   0x00000010   Code   RO          117    .text.TIM2_IRQHandler  stm32f4xx_it.o
    0x08005710   0x08005710   0x000001a2   Code   RO          232    .text.TIM_Base_SetConfig  stm32f4xx_hal_tim.o
    0x080058b2   0x080058b2   0x00000002   PAD
    0x080058b4   0x080058b4   0x0000004a   Code   RO          266    .text.TIM_CCxChannelCmd  stm32f4xx_hal_tim.o
    0x080058fe   0x080058fe   0x00000002   PAD
    0x08005900   0x08005900   0x0000004a   Code   RO          414    .text.TIM_ETR_SetConfig  stm32f4xx_hal_tim.o
    0x0800594a   0x0800594a   0x00000002   PAD
    0x0800594c   0x0800594c   0x00000032   Code   RO          420    .text.TIM_ITRx_SetConfig  stm32f4xx_hal_tim.o
    0x0800597e   0x0800597e   0x00000002   PAD
    0x08005980   0x08005980   0x000000f2   Code   RO          376    .text.TIM_OC1_SetConfig  stm32f4xx_hal_tim.o
    0x08005a72   0x08005a72   0x00000002   PAD
    0x08005a74   0x08005a74   0x000000fc   Code   RO          378    .text.TIM_OC2_SetConfig  stm32f4xx_hal_tim.o
    0x08005b70   0x08005b70   0x000000fa   Code   RO          380    .text.TIM_OC3_SetConfig  stm32f4xx_hal_tim.o
    0x08005c6a   0x08005c6a   0x00000002   PAD
    0x08005c6c   0x08005c6c   0x000000ac   Code   RO          382    .text.TIM_OC4_SetConfig  stm32f4xx_hal_tim.o
    0x08005d18   0x08005d18   0x00000062   Code   RO          418    .text.TIM_TI1_ConfigInputStage  stm32f4xx_hal_tim.o
    0x08005d7a   0x08005d7a   0x00000002   PAD
    0x08005d7c   0x08005d7c   0x00000064   Code   RO          422    .text.TIM_TI2_ConfigInputStage  stm32f4xx_hal_tim.o
    0x08005de0   0x08005de0   0x00000024   Code   RO          630    .text.UART_DMAAbortOnError  stm32f4xx_hal_uart.o
    0x08005e04   0x08005e04   0x0000002c   Code   RO          598    .text.UART_EndRxTransfer  stm32f4xx_hal_uart.o
    0x08005e30   0x08005e30   0x0000002a   Code   RO          636    .text.UART_EndTransmit_IT  stm32f4xx_hal_uart.o
    0x08005e5a   0x08005e5a   0x00000002   PAD
    0x08005e5c   0x08005e5c   0x000000f8   Code   RO          628    .text.UART_Receive_IT  stm32f4xx_hal_uart.o
    0x08005f54   0x08005f54   0x00000468   Code   RO          554    .text.UART_SetConfig  stm32f4xx_hal_uart.o
    0x080063bc   0x080063bc   0x000000a8   Code   RO          634    .text.UART_Transmit_IT  stm32f4xx_hal_uart.o
    0x08006464   0x08006464   0x000000bc   Code   RO          568    .text.UART_WaitOnFlagUntilTimeout  stm32f4xx_hal_uart.o
    0x08006520   0x08006520   0x00000010   Code   RO          119    .text.USART1_IRQHandler  stm32f4xx_it.o
    0x08006530   0x08006530   0x00000010   Code   RO          121    .text.USART2_IRQHandler  stm32f4xx_it.o
    0x08006540   0x08006540   0x00000010   Code   RO          123    .text.USART3_IRQHandler  stm32f4xx_it.o
    0x08006550   0x08006550   0x000000aa   Code   RO         1139    .text.UpdateMotorState  motor.o
    0x080065fa   0x080065fa   0x00000002   PAD
    0x080065fc   0x080065fc   0x00000004   Code   RO          107    .text.UsageFault_Handler  stm32f4xx_it.o
    0x08006600   0x08006600   0x00000020   Code   RO         1295    .text.User_DebugUart_Init  user_uart.o
    0x08006620   0x08006620   0x00000040   Code   RO         1297    .text.User_DistantUart_Init  user_uart.o
    0x08006660   0x08006660   0x00000020   Code   RO         1293    .text.User_GetErrorUart_Init  user_uart.o
    0x08006680   0x08006680   0x00000228   Code   RO         1223    .text.User_Main     usermain.o
    0x080068a8   0x080068a8   0x00000032   Code   RO         1301    .text._GetCommandUartCallBack  user_uart.o
    0x080068da   0x080068da   0x00000006   PAD
    0x080068e0   0x080068e0   0x00000228   Code   RO         1303    .text._GetDistantUartCallBack  user_uart.o
    0x08006b08   0x08006b08   0x00000198   Code   RO         1299    .text._GetErrorUartCallBack  user_uart.o
    0x08006ca0   0x08006ca0   0x00000036   Code   RO          963    .text.__NVIC_EnableIRQ  stm32f4xx_hal_cortex.o
    0x08006cd6   0x08006cd6   0x00000002   PAD
    0x08006cd8   0x08006cd8   0x00000010   Code   RO          955    .text.__NVIC_GetPriorityGrouping  stm32f4xx_hal_cortex.o
    0x08006ce8   0x08006ce8   0x0000004a   Code   RO          957    .text.__NVIC_SetPriority  stm32f4xx_hal_cortex.o
    0x08006d32   0x08006d32   0x00000002   PAD
    0x08006d34   0x08006d34   0x00000040   Code   RO          951    .text.__NVIC_SetPriorityGrouping  stm32f4xx_hal_cortex.o
    0x08006d74   0x08006d74   0x0000003a   Code   RO           11    .text.main          main.o
    0x08006dae   0x08006dae   0x00000002   PAD
    0x08006db0   0x08006db0   0x0000006e   Code   RO         1394    .text.mode1         lcd_mode.o
    0x08006e1e   0x08006e1e   0x00000002   PAD
    0x08006e20   0x08006e20   0x000001fa   Code   RO         1396    .text.mode2         lcd_mode.o
    0x0800701a   0x0800701a   0x00000002   PAD
    0x0800701c   0x0800701c   0x000002d4   Code   RO         1398    .text.mode3         lcd_mode.o
    0x080072f0   0x080072f0   0x0000005e   Code   RO         1400    .text.mode4         lcd_mode.o
    0x0800734e   0x0800734e   0x00000002   PAD
    0x08007350   0x08007350   0x0000005e   Code   RO         1402    .text.mode5         lcd_mode.o
    0x080073ae   0x080073ae   0x00000002   PAD
    0x080073b0   0x080073b0   0x000000fe   Code   RO         1392    .text.mode_display  lcd_mode.o
    0x080074ae   0x080074ae   0x00000002   PAD
    0x080074b0   0x080074b0   0x00000028   Code   RO         1436    i.__0sprintf        mc_w.l(printfa.o)
    0x080074d8   0x080074d8   0x00000008   Code   RO         1500    i.__aeabi_errno_addr  mc_w.l(errno.o)
    0x080074e0   0x080074e0   0x00000038   Code   RO         1420    i.__hardfp_atof     m_wm.l(atof.o)
    0x08007518   0x08007518   0x0000000c   Code   RO         1501    i.__read_errno      mc_w.l(errno.o)
    0x08007524   0x08007524   0x0000000e   Code   RO         1571    i.__scatterload_copy  mc_w.l(handlers.o)
    0x08007532   0x08007532   0x00000002   Code   RO         1572    i.__scatterload_null  mc_w.l(handlers.o)
    0x08007534   0x08007534   0x0000000e   Code   RO         1573    i.__scatterload_zeroinit  mc_w.l(handlers.o)
    0x08007542   0x08007542   0x00000002   PAD
    0x08007544   0x08007544   0x0000000c   Code   RO         1502    i.__set_errno       mc_w.l(errno.o)
    0x08007550   0x08007550   0x00000184   Code   RO         1441    i._fp_digits        mc_w.l(printfa.o)
    0x080076d4   0x080076d4   0x0000000e   Code   RO         1556    i._is_digit         mc_w.l(scanf_fp.o)
    0x080076e2   0x080076e2   0x00000002   PAD
    0x080076e4   0x080076e4   0x000006dc   Code   RO         1442    i._printf_core      mc_w.l(printfa.o)
    0x08007dc0   0x08007dc0   0x00000024   Code   RO         1443    i._printf_post_padding  mc_w.l(printfa.o)
    0x08007de4   0x08007de4   0x0000002e   Code   RO         1444    i._printf_pre_padding  mc_w.l(printfa.o)
    0x08007e12   0x08007e12   0x0000000a   Code   RO         1446    i._sputc            mc_w.l(printfa.o)
    0x08007e1c   0x08007e1c   0x00000081   Data   RO         1527    .constdata          mc_w.l(ctype_o.o)
    0x08007e9d   0x08007e9d   0x00000003   PAD
    0x08007ea0   0x08007ea0   0x00000004   Data   RO         1528    .constdata          mc_w.l(ctype_o.o)
    0x08007ea4   0x08007ea4   0x00000010   Data   RO         1117    .rodata.AHBPrescTable  system_stm32f4xx.o
    0x08007eb4   0x08007eb4   0x00000008   Data   RO         1118    .rodata.APBPrescTable  system_stm32f4xx.o
    0x08007ebc   0x08007ebc   0x00000474   Data   RO         1209    .rodata.asc2_1206   ili93xx.o
    0x08008330   0x08008330   0x000005f0   Data   RO         1210    .rodata.asc2_1608   ili93xx.o
    0x08008920   0x08008920   0x00000d5c   Data   RO         1211    .rodata.asc2_2412   ili93xx.o
    0x0800967c   0x0800967c   0x0000000d   Data   RO         1319    .rodata.str1.1      user_uart.o
    0x08009689   0x08009689   0x00000077   Data   RO         1412    .rodata.str1.1      lcd_mode.o
    0x08009700   0x08009700   0x00000020   Data   RO         1570    Region$$Table       anon$$obj.o


    Execution Region RW_IRAM1 (Exec base: 0x20000000, Load base: 0x08009720, Size: 0x00000660, Max: 0x00020000, ABSOLUTE)

    Exec Addr    Load Addr    Size         Type   Attr      Idx    E Section Name        Object

    0x20000000   0x08009720   0x00000004   Data   RW         1503    .data               mc_w.l(errno.o)
    0x20000004   0x08009724   0x00000002   Data   RW         1213    .data.BACK_COLOR    ili93xx.o
    0x20000006   0x08009726   0x00000002   PAD
    0x20000008   0x08009728   0x00000004   Data   RW         1116    .data.SystemCoreClock  system_stm32f4xx.o
    0x2000000c   0x0800972c   0x00000009   Data   RW         1314    .data.a             user_uart.o
    0x20000015   0x08009735   0x00000001   Data   RW         1076    .data.uwTickFreq    stm32f4xx_hal.o
    0x20000016   0x08009736   0x00000002   PAD
    0x20000018   0x08009738   0x00000004   Data   RW         1075    .data.uwTickPrio    stm32f4xx_hal.o
    0x2000001c   0x0800973c   0x00000004   PAD
    0x20000020        -       0x00000001   Zero   RW         1316    .bss.CommandUpdateStatus  user_uart.o
    0x20000021   0x0800973c   0x00000001   PAD
    0x20000022        -       0x00000002   Zero   RW         1312    .bss.Coordinate1_One  user_uart.o
    0x20000024        -       0x00000002   Zero   RW         1313    .bss.Coordinate1_Two  user_uart.o
    0x20000026        -       0x00000002   Zero   RW         1226    .bss.Cur_mode       usermain.o
    0x20000028        -       0x00000004   Zero   RW           45    .bss.FSMC_Initialized  fsmc.o
    0x2000002c        -       0x00000002   Zero   RW         1212    .bss.POINT_COLOR    ili93xx.o
    0x2000002e   0x0800973c   0x00000002   PAD
    0x20000030        -       0x00000004   Zero   RW         1372    .bss.PWM_Count      timer.o
    0x20000034        -       0x00000004   Zero   RW         1350    .bss.PWM_Count_Set  mricrostepdriver.o
    0x20000038        -       0x00000001   Zero   RW         1315    .bss._DebugCommand  user_uart.o
    0x20000039        -       0x00000001   Zero   RW         1318    .bss._GetCommandRXBuffer  user_uart.o
    0x2000003a   0x0800973c   0x00000002   PAD
    0x2000003c        -       0x00000004   Zero   RW         1311    .bss._GetDistantResults  user_uart.o
    0x20000040        -       0x0000000c   Zero   RW         1322    .bss._GetDistantRxBuffer  user_uart.o
    0x2000004c        -       0x00000001   Zero   RW         1320    .bss._GetDistantRxVal  user_uart.o
    0x2000004d        -       0x00000001   Zero   RW         1323    .bss._GetDistantStatus  user_uart.o
    0x2000004e        -       0x00000001   Zero   RW         1321    .bss._GetDistantUartCallBack.RxCount  user_uart.o
    0x2000004f        -       0x00000001   Zero   RW         1324    .bss._GetDistantUpdateStatus  user_uart.o
    0x20000050        -       0x00000007   Zero   RW         1317    .bss._GetErrorRXBuffer  user_uart.o
    0x20000057        -       0x00000001   Zero   RW         1141    .bss._motorMode     motor.o
    0x20000058        -       0x00000004   Zero   RW         1142    .bss._motorUpgradeTag  motor.o
    0x2000005c        -       0x00000004   Zero   RW         1405    .bss.aim            lcd_mode.o
    0x20000060        -       0x00000004   Zero   RW         1407    .bss.aim_ang        lcd_mode.o
    0x20000064        -       0x00000002   Zero   RW         1410    .bss.ang_flag       lcd_mode.o
    0x20000066        -       0x00000001   Zero   RW         1406    .bss.angle          lcd_mode.o
    0x20000067   0x0800973c   0x00000001   PAD
    0x20000068        -       0x00000002   Zero   RW         1409    .bss.dis_flag       lcd_mode.o
    0x2000006a        -       0x00000001   Zero   RW         1404    .bss.distance       lcd_mode.o
    0x2000006b   0x0800973c   0x00000001   PAD
    0x2000006c        -       0x00000004   Zero   RW         1347    .bss.flag           mricrostepdriver.o
    0x20000070        -       0x00000050   Zero   RW           44    .bss.hsram1         fsmc.o
    0x200000c0        -       0x00000040   Zero   RW           67    .bss.htim1          tim.o
    0x20000100        -       0x00000040   Zero   RW           68    .bss.htim2          tim.o
    0x20000140        -       0x00000040   Zero   RW           69    .bss.htim5          tim.o
    0x20000180        -       0x00000040   Zero   RW           88    .bss.huart1         usart.o
    0x200001c0        -       0x00000040   Zero   RW           89    .bss.huart2         usart.o
    0x20000200        -       0x00000040   Zero   RW           90    .bss.huart3         usart.o
    0x20000240        -       0x00000002   Zero   RW         1408    .bss.lcd_flag       lcd_mode.o
    0x20000242        -       0x0000000e   Zero   RW         1214    .bss.lcddev         ili93xx.o
    0x20000250        -       0x00000002   Zero   RW         1227    .bss.modeflag       usermain.o
    0x20000252   0x0800973c   0x00000002   PAD
    0x20000254        -       0x00000004   Zero   RW         1373    .bss.stop           timer.o
    0x20000258        -       0x00000004   Zero   RW         1077    .bss.uwTick         stm32f4xx_hal.o
    0x2000025c   0x0800973c   0x00000004   PAD
    0x20000260        -       0x00000400   Zero   RW            1    STACK               startup_stm32f407xx.o


==============================================================================

Image component sizes


      Code (inc. data)   RO Data    RW Data    ZI Data      Debug   Object Name

       374          0          0          0         84       5258   fsmc.o
       150          0          0          0          0       1129   gaussgun.o
       420          0          0          0          0       2203   gpio.o
      5552         24       6080          2         16      11045   ili93xx.o
       768          0          0          0          0       2049   keypad.o
      1782          0        119          0         16       1819   lcd_mode.o
       254          0          0          0          0       2641   main.o
       194          0          0          0          5       2461   motor.o
         0          0          0          0          8       2380   mricrostepdriver.o
        36          8        392          0       1024        796   startup_stm32f407xx.o
       296          0          0          5          4       7080   stm32f4xx_hal.o
       566          0          0          0          0       9480   stm32f4xx_hal_cortex.o
        72          0          0          0          0       8492   stm32f4xx_hal_dma.o
      1040          0          0          0          0       5095   stm32f4xx_hal_gpio.o
        78          0          0          0          0       1432   stm32f4xx_hal_msp.o
      2602          0          0          0          0       7430   stm32f4xx_hal_rcc.o
       174          0          0          0          0       7056   stm32f4xx_hal_sram.o
      3980         14          0          0          0      31624   stm32f4xx_hal_tim.o
       370          0          0          0          0      12696   stm32f4xx_hal_tim_ex.o
      3180          0          0          0          0      15505   stm32f4xx_hal_uart.o
        96          0          0          0          0       1348   stm32f4xx_it.o
       434          0          0          0          0       6747   stm32f4xx_ll_fsmc.o
       110          0         24          4          0       2506   system_stm32f4xx.o
      1064          0          0          0        192       8575   tim.o
       168          0          0          0          8       3309   timer.o
       656          0          0          0        192       7144   usart.o
        86          0          0          0          0       3067   user_callback.o
      1152          8         13          9         34       3191   user_uart.o
       552          0          0          0          4        938   usermain.o

    ----------------------------------------------------------------------
     26348         54       6660         24       1604     174496   Object Totals
         0          0         32          0          0          0   (incl. Generated)
       142          0          0          4         17          0   (incl. Padding)

    ----------------------------------------------------------------------

      Code (inc. data)   RO Data    RW Data    ZI Data      Debug   Library Member Name

        56         10          0          0          0        132   atof.o
        28          0          0          0          0         68   _chval.o
        64          0          0          0          0         84   _sgetc.o
       158          0          0          0          0         92   _strtoul.o
        26          0          0          0          0         80   atoi.o
         8          4        133          0          0         68   ctype_o.o
         0          0          0          0          0          0   entry.o
         0          0          0          0          0          0   entry10a.o
         0          0          0          0          0          0   entry11a.o
         8          4          0          0          0          0   entry2.o
         4          0          0          0          0          0   entry5.o
         0          0          0          0          0          0   entry7b.o
         0          0          0          0          0          0   entry8b.o
         8          4          0          0          0          0   entry9a.o
        32         16          0          4          0        204   errno.o
        30          0          0          0          0          0   handlers.o
        36          8          0          0          0         68   init.o
        18          0          0          0          0         76   isspace_o.o
         0          0          0          0          0          0   iusefp.o
        30          0          0          0          0         68   llshl.o
        36          0          0          0          0         68   llsshr.o
        32          0          0          0          0         68   llushr.o
        36          0          0          0          0        108   memseta.o
      2276         86          0          0          0        520   printfa.o
       878         12          0          0          0        216   scanf_fp.o
       168         12          0          0          0        124   strtod.o
       112          0          0          0          0         88   strtol.o
        44          0          0          0          0         80   uidiv.o
        98          0          0          0          0         92   uldiv.o
        48          0          0          0          0         68   cdrcmple.o
        56          0          0          0          0         88   d2f.o
       334          0          0          0          0        148   dadd.o
        54          0          0          0          0         80   dcmpgt.o
       222          0          0          0          0        100   ddiv.o
       186          0          0          0          0        176   depilogue.o
        48          0          0          0          0         68   dfixul.o
        24          0          0          0          0         76   dfltul.o
       228          0          0          0          0         96   dmul.o
        38          0          0          0          0         68   f2d.o
       110          0          0          0          0        168   fepilogue.o

    ----------------------------------------------------------------------
      5544        156        136          4          0       3440   Library Totals
        10          0          3          0          0          0   (incl. Padding)

    ----------------------------------------------------------------------

      Code (inc. data)   RO Data    RW Data    ZI Data      Debug   Library Name

        56         10          0          0          0        132   m_wm.l
      4130        146        133          4          0       2172   mc_w.l
      1348          0          0          0          0       1136   mf_w.l

    ----------------------------------------------------------------------
      5544        156        136          4          0       3440   Library Totals

    ----------------------------------------------------------------------

==============================================================================


      Code (inc. data)   RO Data    RW Data    ZI Data      Debug   

     31892        210       6796         28       1604     176008   Grand Totals
     31892        210       6796         28       1604     176008   ELF Image Totals
     31892        210       6796         28          0          0   ROM Totals

==============================================================================

    Total RO  Size (Code + RO Data)                38688 (  37.78kB)
    Total RW  Size (RW Data + ZI Data)              1632 (   1.59kB)
    Total ROM Size (Code + RO Data + RW Data)      38716 (  37.81kB)

==============================================================================

