<html>
<body>
<pre>
<h1>�Vision Build Log</h1>
<h2>Tool Versions:</h2>
IDE-Version: ��Vision V5.27.1.0
Copyright (C) 2019 ARM Ltd and ARM Germany GmbH. All rights reserved.
License Information: 1 11, 111, LIC=LSNGK-Z9PGY-FUV4P-MUU7S-0QQ6V-3B010
 
Tool Versions:
Toolchain:       MDK-ARM Plus  Version: 5.27.1.0
Toolchain Path:  D:\SoftWare\Keil MDK-ARM\ARM\ARMCLANG\Bin
C Compiler:      ArmClang.exe V6.12
Assembler:       Armasm.exe V6.12
Linker/Locator:  ArmLink.exe V6.12
Library Manager: ArmAr.exe V6.12
Hex Converter:   FromElf.exe V6.12
CPU DLL:         SARMCM3.DLL V5.27.1.0
Dialog DLL:      DCM.DLL V1.17.2.0
Target DLL:      Segger\JL2CM3.dll V2.99.35.0
Dialog DLL:      TCM.DLL V1.36.1.0
 
<h2>Project:</h2>
G:\Desktop\Motor\MDK-ARM\Motor.uvprojx
Project File Date:  08/09/2019

<h2>Output:</h2>
*** Using Compiler 'V6.12', folder: 'D:\SoftWare\Keil MDK-ARM\ARM\ARMCLANG\Bin'
Build target 'Motor'
assembling startup_stm32f407xx.s...
compiling usart.c...
compiling fsmc.c...
../Src/main.c(121): warning: passing 'char [26]' to parameter of type 'uint8_t *' (aka 'unsigned char *') converts between pointers to integer types with different sign [-Wpointer-sign]
        LCD_ShowString(30,70,200,16,16,"Welcome !!! Beef Cake !!!");
                                       ^~~~~~~~~~~~~~~~~~~~~~~~~~~
../MyFile\ILI93xx.h(105): note: passing argument to parameter 'p' here
void LCD_ShowString(u16 x,u16 y,u16 width,u16 height,u8 size,u8 *p);            //<CF><D4>ʾһ<B8><F6><D7>ַ<FB><B4><AE>,12/16<D7><D6><CC><E5>
                                                                 ^
1 warning generated.
compiling main.c...
compiling stm32f4xx_it.c...
compiling gpio.c...
compiling tim.c...
compiling stm32f4xx_hal_msp.c...
compiling stm32f4xx_hal_sram.c...
compiling stm32f4xx_ll_fsmc.c...
compiling stm32f4xx_hal_rcc.c...
compiling stm32f4xx_hal_tim_ex.c...
compiling stm32f4xx_hal_uart.c...
compiling stm32f4xx_hal_rcc_ex.c...
compiling stm32f4xx_hal_tim.c...
compiling stm32f4xx_hal_flash.c...
compiling stm32f4xx_hal_flash_ex.c...
compiling stm32f4xx_hal_flash_ramfunc.c...
compiling stm32f4xx_hal_gpio.c...
compiling stm32f4xx_hal_dma.c...
compiling stm32f4xx_hal_dma_ex.c...
compiling stm32f4xx_hal_pwr.c...
compiling stm32f4xx_hal_pwr_ex.c...
compiling stm32f4xx_hal.c...
compiling stm32f4xx_hal_cortex.c...
compiling stm32f4xx_hal_exti.c...
compiling system_stm32f4xx.c...
compiling motor.c...
compiling ILI93xx.c...
../MyFile/KeyPad.c(147): warning: passing 'char [6]' to parameter of type 'uint8_t *' (aka 'unsigned char *') converts between pointers to integer types with different sign [-Wpointer-sign]
                LCD_ShowString(30,90,200,16,16,"key_0");
                                               ^~~~~~~
../MyFile/ILI93xx.h(105): note: passing argument to parameter 'p' here
void LCD_ShowString(u16 x,u16 y,u16 width,u16 height,u8 size,u8 *p);            //<CF><D4>ʾһ<B8><F6><D7>ַ<FB><B4><AE>,12/16<D7><D6><CC><E5>
                                                                 ^
../MyFile/KeyPad.c(152): warning: passing 'char [6]' to parameter of type 'uint8_t *' (aka 'unsigned char *') converts between pointers to integer types with different sign [-Wpointer-sign]
                LCD_ShowString(30,90,200,16,16,"key_1");
                                               ^~~~~~~
../MyFile/ILI93xx.h(105): note: passing argument to parameter 'p' here
void LCD_ShowString(u16 x,u16 y,u16 width,u16 height,u8 size,u8 *p);            //<CF><D4>ʾһ<B8><F6><D7>ַ<FB><B4><AE>,12/16<D7><D6><CC><E5>
                                                                 ^
../MyFile/KeyPad.c(157): warning: passing 'char [6]' to parameter of type 'uint8_t *' (aka 'unsigned char *') converts between pointers to integer types with different sign [-Wpointer-sign]
                LCD_ShowString(30,90,200,16,16,"key_2");
                                               ^~~~~~~
../MyFile/ILI93xx.h(105): note: passing argument to parameter 'p' here
void LCD_ShowString(u16 x,u16 y,u16 width,u16 height,u8 size,u8 *p);            //<CF><D4>ʾһ<B8><F6><D7>ַ<FB><B4><AE>,12/16<D7><D6><CC><E5>
                                                                 ^
../MyFile/KeyPad.c(162): warning: passing 'char [6]' to parameter of type 'uint8_t *' (aka 'unsigned char *') converts between pointers to integer types with different sign [-Wpointer-sign]
                LCD_ShowString(30,90,200,16,16,"key_3");
                                               ^~~~~~~
../MyFile/ILI93xx.h(105): note: passing argument to parameter 'p' here
void LCD_ShowString(u16 x,u16 y,u16 width,u16 height,u8 size,u8 *p);            //<CF><D4>ʾһ<B8><F6><D7>ַ<FB><B4><AE>,12/16<D7><D6><CC><E5>
                                                                 ^
../MyFile/KeyPad.c(167): warning: passing 'char [6]' to parameter of type 'uint8_t *' (aka 'unsigned char *') converts between pointers to integer types with different sign [-Wpointer-sign]
                LCD_ShowString(30,90,200,16,16,"key_4");
                                               ^~~~~~~
../MyFile/ILI93xx.h(105): note: passing argument to parameter 'p' here
void LCD_ShowString(u16 x,u16 y,u16 width,u16 height,u8 size,u8 *p);            //<CF><D4>ʾһ<B8><F6><D7>ַ<FB><B4><AE>,12/16<D7><D6><CC><E5>
                                                                 ^
../MyFile/KeyPad.c(172): warning: passing 'char [6]' to parameter of type 'uint8_t *' (aka 'unsigned char *') converts between pointers to integer types with different sign [-Wpointer-sign]
                LCD_ShowString(30,90,200,16,16,"key_5");
                                               ^~~~~~~
../MyFile/ILI93xx.h(105): note: passing argument to parameter 'p' here
void LCD_ShowString(u16 x,u16 y,u16 width,u16 height,u8 size,u8 *p);            //<CF><D4>ʾһ<B8><F6><D7>ַ<FB><B4><AE>,12/16<D7><D6><CC><E5>
                                                                 ^
../MyFile/KeyPad.c(177): warning: passing 'char [6]' to parameter of type 'uint8_t *' (aka 'unsigned char *') converts between pointers to integer types with different sign [-Wpointer-sign]
                LCD_ShowString(30,90,200,16,16,"key_6");
                                               ^~~~~~~
../MyFile/ILI93xx.h(105): note: passing argument to parameter 'p' here
void LCD_ShowString(u16 x,u16 y,u16 width,u16 height,u8 size,u8 *p);            //<CF><D4>ʾһ<B8><F6><D7>ַ<FB><B4><AE>,12/16<D7><D6><CC><E5>
                                                                 ^
../MyFile/KeyPad.c(182): warning: passing 'char [6]' to parameter of type 'uint8_t *' (aka 'unsigned char *') converts between pointers to integer types with different sign [-Wpointer-sign]
                LCD_ShowString(30,90,200,16,16,"key_7");
                                               ^~~~~~~
../MyFile/ILI93xx.h(105): note: passing argument to parameter 'p' here
void LCD_ShowString(u16 x,u16 y,u16 width,u16 height,u8 size,u8 *p);            //<CF><D4>ʾһ<B8><F6><D7>ַ<FB><B4><AE>,12/16<D7><D6><CC><E5>
                                                                 ^
../MyFile/KeyPad.c(187): warning: passing 'char [6]' to parameter of type 'uint8_t *' (aka 'unsigned char *') converts between pointers to integer types with different sign [-Wpointer-sign]
                LCD_ShowString(30,90,200,16,16,"key_8");
                                               ^~~~~~~
../MyFile/ILI93xx.h(105): note: passing argument to parameter 'p' here
void LCD_ShowString(u16 x,u16 y,u16 width,u16 height,u8 size,u8 *p);            //<CF><D4>ʾһ<B8><F6><D7>ַ<FB><B4><AE>,12/16<D7><D6><CC><E5>
                                                                 ^
../MyFile/KeyPad.c(192): warning: passing 'char [6]' to parameter of type 'uint8_t *' (aka 'unsigned char *') converts between pointers to integer types with different sign [-Wpointer-sign]
                LCD_ShowString(30,90,200,16,16,"key_9");
                                               ^~~~~~~
../MyFile/ILI93xx.h(105): note: passing argument to parameter 'p' here
void LCD_ShowString(u16 x,u16 y,u16 width,u16 height,u8 size,u8 *p);            //<CF><D4>ʾһ<B8><F6><D7>ַ<FB><B4><AE>,12/16<D7><D6><CC><E5>
                                                                 ^
../MyFile/KeyPad.c(197): warning: passing 'char [6]' to parameter of type 'uint8_t *' (aka 'unsigned char *') converts between pointers to integer types with different sign [-Wpointer-sign]
                LCD_ShowString(30,90,200,16,16,"key_A");
                                               ^~~~~~~
../MyFile/ILI93xx.h(105): note: passing argument to parameter 'p' here
void LCD_ShowString(u16 x,u16 y,u16 width,u16 height,u8 size,u8 *p);            //<CF><D4>ʾһ<B8><F6><D7>ַ<FB><B4><AE>,12/16<D7><D6><CC><E5>
                                                                 ^
../MyFile/KeyPad.c(202): warning: passing 'char [6]' to parameter of type 'uint8_t *' (aka 'unsigned char *') converts between pointers to integer types with different sign [-Wpointer-sign]
                LCD_ShowString(30,90,200,16,16,"key_B");
                                               ^~~~~~~
../MyFile/ILI93xx.h(105): note: passing argument to parameter 'p' here
void LCD_ShowString(u16 x,u16 y,u16 width,u16 height,u8 size,u8 *p);            //<CF><D4>ʾһ<B8><F6><D7>ַ<FB><B4><AE>,12/16<D7><D6><CC><E5>
                                                                 ^
../MyFile/KeyPad.c(207): warning: passing 'char [6]' to parameter of type 'uint8_t *' (aka 'unsigned char *') converts between pointers to integer types with different sign [-Wpointer-sign]
                LCD_ShowString(30,90,200,16,16,"key_C");
                                               ^~~~~~~
../MyFile/ILI93xx.h(105): note: passing argument to parameter 'p' here
void LCD_ShowString(u16 x,u16 y,u16 width,u16 height,u8 size,u8 *p);            //<CF><D4>ʾһ<B8><F6><D7>ַ<FB><B4><AE>,12/16<D7><D6><CC><E5>
                                                                 ^
../MyFile/KeyPad.c(212): warning: passing 'char [6]' to parameter of type 'uint8_t *' (aka 'unsigned char *') converts between pointers to integer types with different sign [-Wpointer-sign]
                LCD_ShowString(30,90,200,16,16,"key_D");
                                               ^~~~~~~
../MyFile/ILI93xx.h(105): note: passing argument to parameter 'p' here
void LCD_ShowString(u16 x,u16 y,u16 width,u16 height,u8 size,u8 *p);            //<CF><D4>ʾһ<B8><F6><D7>ַ<FB><B4><AE>,12/16<D7><D6><CC><E5>
                                                                 ^
../MyFile/KeyPad.c(217): warning: passing 'char [6]' to parameter of type 'uint8_t *' (aka 'unsigned char *') converts between pointers to integer types with different sign [-Wpointer-sign]
                LCD_ShowString(30,90,200,16,16,"key_E");
                                               ^~~~~~~
../MyFile/ILI93xx.h(105): note: passing argument to parameter 'p' here
void LCD_ShowString(u16 x,u16 y,u16 width,u16 height,u8 size,u8 *p);            //<CF><D4>ʾһ<B8><F6><D7>ַ<FB><B4><AE>,12/16<D7><D6><CC><E5>
                                                                 ^
../MyFile/KeyPad.c(222): warning: passing 'char [6]' to parameter of type 'uint8_t *' (aka 'unsigned char *') converts between pointers to integer types with different sign [-Wpointer-sign]
                LCD_ShowString(30,90,200,16,16,"key_F");
                                               ^~~~~~~
../MyFile/ILI93xx.h(105): note: passing argument to parameter 'p' here
void LCD_ShowString(u16 x,u16 y,u16 width,u16 height,u8 size,u8 *p);            //<CF><D4>ʾһ<B8><F6><D7>ַ<FB><B4><AE>,12/16<D7><D6><CC><E5>
                                                                 ^
16 warnings generated.
compiling KeyPad.c...
compiling User_PWM.c...
compiling User_PID.c...
compiling User_Uart.c...
compiling GaussGun.c...
compiling MricroStepDriver.c...
compiling Timer.c...
linking...
Program Size: Code=23638 RO-data=6562 RW-data=16 ZI-data=1552  
FromELF: creating hex file...
"Motor\Motor.axf" - 0 Error(s), 17 Warning(s).

<h2>Software Packages used:</h2>

Package Vendor: ARM
                http://www.keil.com/pack/ARM.CMSIS.5.5.1.pack
                ARM.CMSIS.5.5.1
                CMSIS (Cortex Microcontroller Software Interface Standard)
   * Component: CORE Version: 5.2.0

Package Vendor: Keil
                http://www.keil.com/pack/Keil.STM32F4xx_DFP.2.12.0.pack
                Keil.STM32F4xx_DFP.2.12.0
                STMicroelectronics STM32F4 Series Device Support, Drivers and Examples

<h2>Collection of Component include folders:</h2>
  .\RTE\_Motor
  D:\SoftWare\Keil MDK-ARM\PACK\ARM\CMSIS\5.5.1\CMSIS\Core\Include
  D:\SoftWare\Keil MDK-ARM\PACK\Keil\STM32F4xx_DFP\2.12.0\Drivers\CMSIS\Device\ST\STM32F4xx\Include

<h2>Collection of Component Files used:</h2>

   * Component: ARM::CMSIS:CORE:5.2.0
Build Time Elapsed:  00:00:07
</pre>
</body>
</html>
