Component: ARM Compiler 6.12 Tool: armlink [5d624300]

==============================================================================

Section Cross References

    startup_stm32f407xx.o(RESET) refers to startup_stm32f407xx.o(STACK) for __initial_sp
    startup_stm32f407xx.o(RESET) refers to startup_stm32f407xx.o(.text) for Reset_Handler
    startup_stm32f407xx.o(RESET) refers to stm32f4xx_it.o(.text.NMI_Handler) for NMI_Handler
    startup_stm32f407xx.o(RESET) refers to stm32f4xx_it.o(.text.HardFault_Handler) for HardFault_Handler
    startup_stm32f407xx.o(RESET) refers to stm32f4xx_it.o(.text.MemManage_Handler) for MemManage_Handler
    startup_stm32f407xx.o(RESET) refers to stm32f4xx_it.o(.text.BusFault_Handler) for BusFault_Handler
    startup_stm32f407xx.o(RESET) refers to stm32f4xx_it.o(.text.UsageFault_Handler) for UsageFault_Handler
    startup_stm32f407xx.o(RESET) refers to stm32f4xx_it.o(.text.SVC_Handler) for SVC_Handler
    startup_stm32f407xx.o(RESET) refers to stm32f4xx_it.o(.text.DebugMon_Handler) for DebugMon_Handler
    startup_stm32f407xx.o(RESET) refers to stm32f4xx_it.o(.text.PendSV_Handler) for PendSV_Handler
    startup_stm32f407xx.o(RESET) refers to stm32f4xx_it.o(.text.SysTick_Handler) for SysTick_Handler
    startup_stm32f407xx.o(RESET) refers to stm32f4xx_it.o(.text.TIM2_IRQHandler) for TIM2_IRQHandler
    startup_stm32f407xx.o(RESET) refers to stm32f4xx_it.o(.text.USART1_IRQHandler) for USART1_IRQHandler
    startup_stm32f407xx.o(RESET) refers to stm32f4xx_it.o(.text.USART2_IRQHandler) for USART2_IRQHandler
    startup_stm32f407xx.o(RESET) refers to stm32f4xx_it.o(.text.USART3_IRQHandler) for USART3_IRQHandler
    startup_stm32f407xx.o(.text) refers to system_stm32f4xx.o(.text.SystemInit) for SystemInit
    startup_stm32f407xx.o(.text) refers to entry.o(.ARM.Collect$$$$00000000) for __main
    main.o(.text.main) refers to stm32f4xx_hal.o(.text.HAL_Init) for HAL_Init
    main.o(.text.main) refers to main.o(.text.SystemClock_Config) for SystemClock_Config
    main.o(.text.main) refers to gpio.o(.text.MX_GPIO_Init) for MX_GPIO_Init
    main.o(.text.main) refers to tim.o(.text.MX_TIM2_Init) for MX_TIM2_Init
    main.o(.text.main) refers to fsmc.o(.text.MX_FSMC_Init) for MX_FSMC_Init
    main.o(.text.main) refers to tim.o(.text.MX_TIM5_Init) for MX_TIM5_Init
    main.o(.text.main) refers to usart.o(.text.MX_USART1_UART_Init) for MX_USART1_UART_Init
    main.o(.text.main) refers to usart.o(.text.MX_USART2_UART_Init) for MX_USART2_UART_Init
    main.o(.text.main) refers to usart.o(.text.MX_USART3_UART_Init) for MX_USART3_UART_Init
    main.o(.text.main) refers to tim.o(.text.MX_TIM1_Init) for MX_TIM1_Init
    main.o(.text.main) refers to usart.o(.text.MX_UART4_Init) for MX_UART4_Init
    main.o(.text.main) refers to usermain.o(.text.User_Main) for User_Main
    main.o(.ARM.exidx.text.main) refers to main.o(.text.main) for [Anonymous Symbol]
    main.o(.text.SystemClock_Config) refers to memseta.o(.text) for __aeabi_memclr4
    main.o(.text.SystemClock_Config) refers to stm32f4xx_hal_rcc.o(.text.HAL_RCC_OscConfig) for HAL_RCC_OscConfig
    main.o(.text.SystemClock_Config) refers to main.o(.text.Error_Handler) for Error_Handler
    main.o(.text.SystemClock_Config) refers to stm32f4xx_hal_rcc.o(.text.HAL_RCC_ClockConfig) for HAL_RCC_ClockConfig
    main.o(.ARM.exidx.text.SystemClock_Config) refers to main.o(.text.SystemClock_Config) for [Anonymous Symbol]
    main.o(.ARM.exidx.text.Error_Handler) refers to main.o(.text.Error_Handler) for [Anonymous Symbol]
    gpio.o(.text.MX_GPIO_Init) refers to stm32f4xx_hal_gpio.o(.text.HAL_GPIO_WritePin) for HAL_GPIO_WritePin
    gpio.o(.text.MX_GPIO_Init) refers to stm32f4xx_hal_gpio.o(.text.HAL_GPIO_Init) for HAL_GPIO_Init
    gpio.o(.ARM.exidx.text.MX_GPIO_Init) refers to gpio.o(.text.MX_GPIO_Init) for [Anonymous Symbol]
    fsmc.o(.text.MX_FSMC_Init) refers to fsmc.o(.bss.hsram1) for hsram1
    fsmc.o(.text.MX_FSMC_Init) refers to stm32f4xx_hal_sram.o(.text.HAL_SRAM_Init) for HAL_SRAM_Init
    fsmc.o(.text.MX_FSMC_Init) refers to main.o(.text.Error_Handler) for Error_Handler
    fsmc.o(.ARM.exidx.text.MX_FSMC_Init) refers to fsmc.o(.text.MX_FSMC_Init) for [Anonymous Symbol]
    fsmc.o(.text.HAL_SRAM_MspInit) refers to fsmc.o(.text.HAL_FSMC_MspInit) for HAL_FSMC_MspInit
    fsmc.o(.ARM.exidx.text.HAL_SRAM_MspInit) refers to fsmc.o(.text.HAL_SRAM_MspInit) for [Anonymous Symbol]
    fsmc.o(.text.HAL_FSMC_MspInit) refers to fsmc.o(.bss.FSMC_Initialized) for FSMC_Initialized
    fsmc.o(.text.HAL_FSMC_MspInit) refers to stm32f4xx_hal_gpio.o(.text.HAL_GPIO_Init) for HAL_GPIO_Init
    fsmc.o(.ARM.exidx.text.HAL_FSMC_MspInit) refers to fsmc.o(.text.HAL_FSMC_MspInit) for [Anonymous Symbol]
    fsmc.o(.text.HAL_SRAM_MspDeInit) refers to fsmc.o(.text.HAL_FSMC_MspDeInit) for HAL_FSMC_MspDeInit
    fsmc.o(.ARM.exidx.text.HAL_SRAM_MspDeInit) refers to fsmc.o(.text.HAL_SRAM_MspDeInit) for [Anonymous Symbol]
[...]
    [Anonymous Symbol]                       0x08002c1c   Section        0  stm32f4xx_hal_tim.o(.text.HAL_TIM_Base_Start_IT)
    [Anonymous Symbol]                       0x08002c58   Section        0  stm32f4xx_hal_tim.o(.text.HAL_TIM_Base_Stop)
    [Anonymous Symbol]                       0x08002cac   Section        0  stm32f4xx_hal_tim.o(.text.HAL_TIM_Base_Stop_IT)
    [Anonymous Symbol]                       0x08002cfc   Section        0  stm32f4xx_hal_tim.o(.text.HAL_TIM_ConfigClockSource)
    [Anonymous Symbol]                       0x08002e9c   Section        0  stm32f4xx_hal_tim.o(.text.HAL_TIM_IC_CaptureCallback)
    [Anonymous Symbol]                       0x08002ea8   Section        0  stm32f4xx_hal_tim.o(.text.HAL_TIM_IRQHandler)
    [Anonymous Symbol]                       0x08003130   Section        0  tim.o(.text.HAL_TIM_MspPostInit)
    [Anonymous Symbol]                       0x080031f4   Section        0  stm32f4xx_hal_tim.o(.text.HAL_TIM_OC_DelayElapsedCallback)
    [Anonymous Symbol]                       0x08003200   Section        0  stm32f4xx_hal_tim.o(.text.HAL_TIM_PWM_ConfigChannel)
    [Anonymous Symbol]                       0x08003360   Section        0  stm32f4xx_hal_tim.o(.text.HAL_TIM_PWM_Init)
    [Anonymous Symbol]                       0x080033c8   Section        0  stm32f4xx_hal_tim.o(.text.HAL_TIM_PWM_MspInit)
    [Anonymous Symbol]                       0x080033d4   Section        0  stm32f4xx_hal_tim.o(.text.HAL_TIM_PWM_PulseFinishedCallback)
    [Anonymous Symbol]                       0x080033e0   Section        0  stm32f4xx_hal_tim.o(.text.HAL_TIM_PWM_Start)
    [Anonymous Symbol]                       0x08003470   Section        0  stm32f4xx_hal_tim.o(.text.HAL_TIM_PWM_Stop)
    [Anonymous Symbol]                       0x08003540   Section        0  timer.o(.text.HAL_TIM_PeriodElapsedCallback)
    [Anonymous Symbol]                       0x080035e8   Section        0  stm32f4xx_hal_tim.o(.text.HAL_TIM_TriggerCallback)
    [Anonymous Symbol]                       0x080035f4   Section        0  stm32f4xx_hal_uart.o(.text.HAL_UART_ErrorCallback)
    [Anonymous Symbol]                       0x08003600   Section        0  stm32f4xx_hal_uart.o(.text.HAL_UART_IRQHandler)
    [Anonymous Symbol]                       0x08003820   Section        0  stm32f4xx_hal_uart.o(.text.HAL_UART_Init)
    [Anonymous Symbol]                       0x080038c8   Section        0  usart.o(.text.HAL_UART_MspInit)
    [Anonymous Symbol]                       0x08003bd4   Section        0  stm32f4xx_hal_uart.o(.text.HAL_UART_Receive_IT)
    [Anonymous Symbol]                       0x08003ca4   Section        0  user_callback.o(.text.HAL_UART_RxCpltCallback)
    [Anonymous Symbol]                       0x08003cfc   Section        0  stm32f4xx_hal_uart.o(.text.HAL_UART_Transmit)
    [Anonymous Symbol]                       0x08003e7c   Section        0  stm32f4xx_hal_uart.o(.text.HAL_UART_TxCpltCallback)
    [Anonymous Symbol]                       0x08003e88   Section        0  stm32f4xx_it.o(.text.HardFault_Handler)
    [Anonymous Symbol]                       0x08003e8c   Section        0  keypad.o(.text.Key_scan)
    [Anonymous Symbol]                       0x08004190   Section        0  ili93xx.o(.text.LCD_Clear)
    [Anonymous Symbol]                       0x08004240   Section        0  ili93xx.o(.text.LCD_Display_Dir)
    [Anonymous Symbol]                       0x08004458   Section        0  ili93xx.o(.text.LCD_Fast_DrawPoint)
    [Anonymous Symbol]                       0x08004634   Section        0  ili93xx.o(.text.LCD_Pow)
    [Anonymous Symbol]                       0x08004670   Section        0  ili93xx.o(.text.LCD_RD_DATA)
    [Anonymous Symbol]                       0x08004688   Section        0  ili93xx.o(.text.LCD_ReadReg)
    [Anonymous Symbol]                       0x080046ac   Section        0  ili93xx.o(.text.LCD_Scan_Dir)
    [Anonymous Symbol]                       0x08004ae8   Section        0  ili93xx.o(.text.LCD_SetCursor)
    [Anonymous Symbol]                       0x08004c98   Section        0  ili93xx.o(.text.LCD_ShowChar)
    [Anonymous Symbol]                       0x08004e78   Section        0  ili93xx.o(.text.LCD_ShowString)
    [Anonymous Symbol]                       0x08004f6c   Section        0  ili93xx.o(.text.LCD_ShowxNum)
    [Anonymous Symbol]                       0x080050ec   Section        0  ili93xx.o(.text.LCD_WR_DATA)
    [Anonymous Symbol]                       0x08005110   Section        0  ili93xx.o(.text.LCD_WR_REG)
    [Anonymous Symbol]                       0x08005134   Section        0  ili93xx.o(.text.LCD_WriteRAM_Prepare)
    [Anonymous Symbol]                       0x0800514c   Section        0  ili93xx.o(.text.LCD_WriteReg)
    [Anonymous Symbol]                       0x0800517c   Section        0  mricrostepdriver.o(.text.Locate_FindCycleOnce)
    [Anonymous Symbol]                       0x080052b0   Section        0  mricrostepdriver.o(.text.Locate_RunAngle)
    [Anonymous Symbol]                       0x08005330   Section        0  mricrostepdriver.o(.text.Locate_RunStep)
    [Anonymous Symbol]                       0x080053cc   Section        0  fsmc.o(.text.MX_FSMC_Init)
    [Anonymous Symbol]                       0x08005480   Section        0  gpio.o(.text.MX_GPIO_Init)
    [Anonymous Symbol]                       0x08005624   Section        0  tim.o(.text.MX_TIM1_Init)
    [Anonymous Symbol]                       0x08005754   Section        0  tim.o(.text.MX_TIM2_Init)
    [Anonymous Symbol]                       0x0800583c   Section        0  tim.o(.text.MX_TIM5_Init)
    [Anonymous Symbol]                       0x080058c8   Section        0  usart.o(.text.MX_UART4_Init)
    [Anonymous Symbol]                       0x08005904   Section        0  usart.o(.text.MX_USART1_UART_Init)
    [Anonymous Symbol]                       0x08005940   Section        0  usart.o(.text.MX_USART2_UART_Init)
    [Anonymous Symbol]                       0x0800597c   Section        0  usart.o(.text.MX_USART3_UART_Init)
    [Anonymous Symbol]                       0x080059b8   Section        0  stm32f4xx_it.o(.text.MemManage_Handler)
    [Anonymous Symbol]                       0x080059bc   Section        0  stm32f4xx_it.o(.text.NMI_Handler)
    NVIC_EncodePriority                      0x080059c1   Thumb Code   128  stm32f4xx_hal_cortex.o(.text.NVIC_EncodePriority)
    [Anonymous Symbol]                       0x080059c0   Section        0  stm32f4xx_hal_cortex.o(.text.NVIC_EncodePriority)
    [Anonymous Symbol]                       0x08005a40   Section        0  stm32f4xx_it.o(.text.PendSV_Handler)
    [Anonymous Symbol]                       0x08005a44   Section        0  stm32f4xx_it.o(.text.SVC_Handler)
    SysTick_Config                           0x08005a49   Thumb Code    90  stm32f4xx_hal_cortex.o(.text.SysTick_Config)
    [Anonymous Symbol]                       0x08005a48   Section        0  stm32f4xx_hal_cortex.o(.text.SysTick_Config)
    [Anonymous Symbol]                       0x08005aa4   Section        0  stm32f4xx_it.o(.text.SysTick_Handler)
    [Anonymous Symbol]                       0x08005aac   Section        0  main.o(.text.SystemClock_Config)
    [Anonymous Symbol]                       0x08005b70   Section        0  system_stm32f4xx.o(.text.SystemInit)
    [Anonymous Symbol]                       0x08005be0   Section        0  ili93xx.o(.text.TFTLCD_Init)
    [Anonymous Symbol]                       0x08006044   Section        0  stm32f4xx_it.o(.text.TIM2_IRQHandler)
    [Anonymous Symbol]                       0x08006054   Section        0  mricrostepdriver.o(.text.TIM2_Startup)
    [Anonymous Symbol]                       0x0800617c   Section        0  stm32f4xx_hal_tim.o(.text.TIM_Base_SetConfig)
    [Anonymous Symbol]                       0x08006320   Section        0  stm32f4xx_hal_tim.o(.text.TIM_CCxChannelCmd)
    [Anonymous Symbol]                       0x0800636c   Section        0  stm32f4xx_hal_tim.o(.text.TIM_ETR_SetConfig)
    TIM_ITRx_SetConfig                       0x080063b9   Thumb Code    50  stm32f4xx_hal_tim.o(.text.TIM_ITRx_SetConfig)
    [Anonymous Symbol]                       0x080063b8   Section        0  stm32f4xx_hal_tim.o(.text.TIM_ITRx_SetConfig)
    TIM_OC1_SetConfig                        0x080063ed   Thumb Code   242  stm32f4xx_hal_tim.o(.text.TIM_OC1_SetConfig)
    [Anonymous Symbol]                       0x080063ec   Section        0  stm32f4xx_hal_tim.o(.text.TIM_OC1_SetConfig)
    [Anonymous Symbol]                       0x080064e0   Section        0  stm32f4xx_hal_tim.o(.text.TIM_OC2_SetConfig)
    TIM_OC3_SetConfig                        0x080065dd   Thumb Code   250  stm32f4xx_hal_tim.o(.text.TIM_OC3_SetConfig)
    [Anonymous Symbol]                       0x080065dc   Section        0  stm32f4xx_hal_tim.o(.text.TIM_OC3_SetConfig)
    TIM_OC4_SetConfig                        0x080066d9   Thumb Code   172  stm32f4xx_hal_tim.o(.text.TIM_OC4_SetConfig)
    [Anonymous Symbol]                       0x080066d8   Section        0  stm32f4xx_hal_tim.o(.text.TIM_OC4_SetConfig)
    TIM_TI1_ConfigInputStage                 0x08006785   Thumb Code    98  stm32f4xx_hal_tim.o(.text.TIM_TI1_ConfigInputStage)
    [Anonymous Symbol]                       0x08006784   Section        0  stm32f4xx_hal_tim.o(.text.TIM_TI1_ConfigInputStage)
    TIM_TI2_ConfigInputStage                 0x080067e9   Thumb Code   100  stm32f4xx_hal_tim.o(.text.TIM_TI2_ConfigInputStage)
    [Anonymous Symbol]                       0x080067e8   Section        0  stm32f4xx_hal_tim.o(.text.TIM_TI2_ConfigInputStage)
    UART_DMAAbortOnError                     0x0800684d   Thumb Code    36  stm32f4xx_hal_uart.o(.text.UART_DMAAbortOnError)
    [Anonymous Symbol]                       0x0800684c   Section        0  stm32f4xx_hal_uart.o(.text.UART_DMAAbortOnError)
    UART_EndRxTransfer                       0x08006871   Thumb Code    44  stm32f4xx_hal_uart.o(.text.UART_EndRxTransfer)
    [Anonymous Symbol]                       0x08006870   Section        0  stm32f4xx_hal_uart.o(.text.UART_EndRxTransfer)
    UART_EndTransmit_IT                      0x0800689d   Thumb Code    42  stm32f4xx_hal_uart.o(.text.UART_EndTransmit_IT)
    [Anonymous Symbol]                       0x0800689c   Section        0  stm32f4xx_hal_uart.o(.text.UART_EndTransmit_IT)
    UART_Receive_IT                          0x080068c9   Thumb Code   248  stm32f4xx_hal_uart.o(.text.UART_Receive_IT)
    [Anonymous Symbol]                       0x080068c8   Section        0  stm32f4xx_hal_uart.o(.text.UART_Receive_IT)
    UART_SetConfig                           0x080069c1   Thumb Code  1128  stm32f4xx_hal_uart.o(.text.UART_SetConfig)
    [Anonymous Symbol]                       0x080069c0   Section        0  stm32f4xx_hal_uart.o(.text.UART_SetConfig)
    UART_Transmit_IT                         0x08006e29   Thumb Code   168  stm32f4xx_hal_uart.o(.text.UART_Transmit_IT)
    [Anonymous Symbol]                       0x08006e28   Section        0  stm32f4xx_hal_uart.o(.text.UART_Transmit_IT)
    UART_WaitOnFlagUntilTimeout              0x08006ed1   Thumb Code   188  stm32f4xx_hal_uart.o(.text.UART_WaitOnFlagUntilTimeout)
    [Anonymous Symbol]                       0x08006ed0   Section        0  stm32f4xx_hal_uart.o(.text.UART_WaitOnFlagUntilTimeout)
    [Anonymous Symbol]                       0x08006f8c   Section        0  stm32f4xx_it.o(.text.USART1_IRQHandler)
    [Anonymous Symbol]                       0x08006f9c   Section        0  stm32f4xx_it.o(.text.USART2_IRQHandler)
    [Anonymous Symbol]                       0x08006fac   Section        0  stm32f4xx_it.o(.text.USART3_IRQHandler)
    [Anonymous Symbol]                       0x08006fbc   Section        0  stm32f4xx_it.o(.text.UsageFault_Handler)
    [Anonymous Symbol]                       0x08006fc0   Section        0  user_uart.o(.text.User_DebugUart_Init)
    [Anonymous Symbol]                       0x08006fe0   Section        0  user_uart.o(.text.User_DistantUart_Init)
    [Anonymous Symbol]                       0x08007020   Section        0  user_uart.o(.text.User_GetErrorUart_Init)
    [Anonymous Symbol]                       0x08007040   Section        0  usermain.o(.text.User_Main)
    [Anonymous Symbol]                       0x08007090   Section        0  user_uart.o(.text._GetCommandUartCallBack)
    [Anonymous Symbol]                       0x080070c8   Section        0  user_uart.o(.text._GetDistantUartCallBack)
    [Anonymous Symbol]                       0x080072a8   Section        0  user_uart.o(.text._GetErrorUartCallBack)
    __NVIC_EnableIRQ                         0x08007419   Thumb Code    54  stm32f4xx_hal_cortex.o(.text.__NVIC_EnableIRQ)
    [Anonymous Symbol]                       0x08007418   Section        0  stm32f4xx_hal_cortex.o(.text.__NVIC_EnableIRQ)
    __NVIC_GetPriorityGrouping               0x08007451   Thumb Code    16  stm32f4xx_hal_cortex.o(.text.__NVIC_GetPriorityGrouping)
    [Anonymous Symbol]                       0x08007450   Section        0  stm32f4xx_hal_cortex.o(.text.__NVIC_GetPriorityGrouping)
    __NVIC_SetPriority                       0x08007461   Thumb Code    74  stm32f4xx_hal_cortex.o(.text.__NVIC_SetPriority)
    [Anonymous Symbol]                       0x08007460   Section        0  stm32f4xx_hal_cortex.o(.text.__NVIC_SetPriority)
    __NVIC_SetPriorityGrouping               0x080074ad   Thumb Code    64  stm32f4xx_hal_cortex.o(.text.__NVIC_SetPriorityGrouping)
    [Anonymous Symbol]                       0x080074ac   Section        0  stm32f4xx_hal_cortex.o(.text.__NVIC_SetPriorityGrouping)
    [Anonymous Symbol]                       0x080074ec   Section        0  user_uart.o(.text.fputc)
    [Anonymous Symbol]                       0x08007528   Section        0  main.o(.text.main)
    i.__0printf                              0x08007568   Section        0  printfa.o(i.__0printf)
    i.__0sprintf                             0x08007588   Section        0  printfa.o(i.__0sprintf)
    i.__aeabi_errno_addr                     0x080075b0   Section        0  errno.o(i.__aeabi_errno_addr)
    i.__hardfp_atof                          0x080075b8   Section        0  atof.o(i.__hardfp_atof)
    i.__read_errno                           0x080075f0   Section        0  errno.o(i.__read_errno)
    i.__scatterload_copy                     0x080075fc   Section       14  handlers.o(i.__scatterload_copy)
    i.__scatterload_null                     0x0800760a   Section        2  handlers.o(i.__scatterload_null)
    i.__scatterload_zeroinit                 0x0800760c   Section       14  handlers.o(i.__scatterload_zeroinit)
    i.__set_errno                            0x0800761c   Section        0  errno.o(i.__set_errno)
    _fp_digits                               0x08007629   Thumb Code   366  printfa.o(i._fp_digits)
    i._fp_digits                             0x08007628   Section        0  printfa.o(i._fp_digits)
    i._is_digit                              0x080077ac   Section        0  scanf_fp.o(i._is_digit)
    _printf_core                             0x080077bd   Thumb Code  1744  printfa.o(i._printf_core)
    i._printf_core                           0x080077bc   Section        0  printfa.o(i._printf_core)
    _printf_post_padding                     0x08007e99   Thumb Code    36  printfa.o(i._printf_post_padding)
    i._printf_post_padding                   0x08007e98   Section        0  printfa.o(i._printf_post_padding)
    _printf_pre_padding                      0x08007ebd   Thumb Code    46  printfa.o(i._printf_pre_padding)
    i._printf_pre_padding                    0x08007ebc   Section        0  printfa.o(i._printf_pre_padding)
    _sputc                                   0x08007eeb   Thumb Code    10  printfa.o(i._sputc)
    i._sputc                                 0x08007eea   Section        0  printfa.o(i._sputc)
    .constdata                               0x08007ef4   Section      129  ctype_o.o(.constdata)
    table                                    0x08007f78   Data           4  ctype_o.o(.constdata)
    .constdata                               0x08007f78   Section        4  ctype_o.o(.constdata)
    .L.str                                   0x08009754   Data           8  user_uart.o(.rodata.str1.1)
    [Anonymous Symbol]                       0x08009754   Section        0  user_uart.o(.rodata.str1.1)
    .L.str.4                                 0x0800975a   Data           2  user_uart.o(.rodata.str1.1)
    .L.str                                   0x0800975c   Data           5  mricrostepdriver.o(.rodata.str1.1)
    [Anonymous Symbol]                       0x0800975c   Section        0  mricrostepdriver.o(.rodata.str1.1)
    .L.str.2                                 0x08009761   Data          10  user_check.o(.rodata.str1.1)
    [Anonymous Symbol]                       0x08009761   Section        0  user_check.o(.rodata.str1.1)
    .L.str.1                                 0x0800976b   Data          10  user_check.o(.rodata.str1.1)
    .L.str                                   0x08009775   Data           3  user_check.o(.rodata.str1.1)
    .L.str.3                                 0x08009778   Data          16  user_check.o(.rodata.str1.1)
    .data                                    0x20000000   Section        4  stdout.o(.data)
    _errno                                   0x20000004   Data           4  errno.o(.data)
    .data                                    0x20000004   Section        4  errno.o(.data)
    CommandUpdateStatus                      0x20000020   Data           1  user_uart.o(.bss.CommandUpdateStatus)
    [Anonymous Symbol]                       0x20000020   Section        0  user_uart.o(.bss.CommandUpdateStatus)
    FSMC_Initialized                         0x20000028   Data           4  fsmc.o(.bss.FSMC_Initialized)
    [Anonymous Symbol]                       0x20000028   Section        0  fsmc.o(.bss.FSMC_Initialized)
    _GetCommandRXBuffer                      0x20000039   Data           1  user_uart.o(.bss._GetCommandRXBuffer)
    [Anonymous Symbol]                       0x20000039   Section        0  user_uart.o(.bss._GetCommandRXBuffer)
    _GetDistantRxBuffer                      0x20000040   Data          12  user_uart.o(.bss._GetDistantRxBuffer)
    [Anonymous Symbol]                       0x20000040   Section        0  user_uart.o(.bss._GetDistantRxBuffer)
    _GetDistantRxVal                         0x2000004c   Data           1  user_uart.o(.bss._GetDistantRxVal)
    [Anonymous Symbol]                       0x2000004c   Section        0  user_uart.o(.bss._GetDistantRxVal)
    _GetDistantStatus                        0x2000004d   Data           1  user_uart.o(.bss._GetDistantStatus)
    [Anonymous Symbol]                       0x2000004d   Section        0  user_uart.o(.bss._GetDistantStatus)
    _GetDistantUartCallBack.RxCount          0x2000004e   Data           1  user_uart.o(.bss._GetDistantUartCallBack.RxCount)
    [Anonymous Symbol]                       0x2000004e   Section        0  user_uart.o(.bss._GetDistantUartCallBack.RxCount)
    _GetDistantUpdateStatus                  0x2000004f   Data           1  user_uart.o(.bss._GetDistantUpdateStatus)
    [Anonymous Symbol]                       0x2000004f   Section        0  user_uart.o(.bss._GetDistantUpdateStatus)
    _GetErrorRXBuffer                        0x20000050   Data           7  user_uart.o(.bss._GetErrorRXBuffer)
    [Anonymous Symbol]                       0x20000050   Section        0  user_uart.o(.bss._GetErrorRXBuffer)
    STACK                                    0x20000298   Section     1024  startup_stm32f407xx.o(STACK)

    Global Symbols

    Symbol Name                              Value     Ov Type        Size  Object(Section)

    BuildAttributes$$THM_ISAv4$E$P$D$K$B$S$7EM$VFPi3$EXTD16$VFPS$VFMA$PE$A:L22UL41UL21$X:L11$S22US41US21$IEEE1$IW$~IW$USESV6$~STKCKD$USESV7$~SHL$OTIME$ROPI$IEEEJ$EBA8$MICROLIB$REQ8$PRES8$EABIv2 0x00000000   Number         0  anon$$obj.o ABSOLUTE
    __cpp_initialize__aeabi_                  - Undefined Weak Reference
    __cxa_finalize                            - Undefined Weak Reference
    __decompress                              - Undefined Weak Reference
    _clock_init                               - Undefined Weak Reference
    _microlib_exit                            - Undefined Weak Reference
    __Vectors_Size                           0x00000188   Number         0  startup_stm32f407xx.o ABSOLUTE
    __Vectors                                0x08000000   Data           4  startup_stm32f407xx.o(RESET)
    __Vectors_End                            0x08000188   Data           0  startup_stm32f407xx.o(RESET)
    __main                                   0x08000189   Thumb Code     0  entry.o(.ARM.Collect$$$$00000000)
    _main_stk                                0x08000189   Thumb Code     0  entry2.o(.ARM.Collect$$$$00000001)
    _main_scatterload                        0x0800018d   Thumb Code     0  entry5.o(.ARM.Collect$$$$00000004)
    __main_after_scatterload                 0x08000191   Thumb Code     0  entry5.o(.ARM.Collect$$$$00000004)
    _main_clock                              0x08000191   Thumb Code     0  entry7b.o(.ARM.Collect$$$$00000008)
    _main_cpp_init                           0x08000191   Thumb Code     0  entry8b.o(.ARM.Collect$$$$0000000A)
    _main_init                               0x08000191   Thumb Code     0  entry9a.o(.ARM.Collect$$$$0000000B)
    __rt_final_cpp                           0x08000199   Thumb Code     0  entry10a.o(.ARM.Collect$$$$0000000D)
    __rt_final_exit                          0x08000199   Thumb Code     0  entry11a.o(.ARM.Collect$$$$0000000F)
    Reset_Handler                            0x0800019d   Thumb Code     8  startup_stm32f407xx.o(.text)
    ADC_IRQHandler                           0x080001b7   Thumb Code     0  startup_stm32f407xx.o(.text)
    CAN1_RX0_IRQHandler                      0x080001b7   Thumb Code     0  startup_stm32f407xx.o(.text)
    CAN1_RX1_IRQHandler                      0x080001b7   Thumb Code     0  startup_stm32f407xx.o(.text)
    CAN1_SCE_IRQHandler                      0x080001b7   Thumb Code     0  startup_stm32f407xx.o(.text)
    CAN1_TX_IRQHandler                       0x080001b7   Thumb Code     0  startup_stm32f407xx.o(.text)
    CAN2_RX0_IRQHandler                      0x080001b7   Thumb Code     0  startup_stm32f407xx.o(.text)
    CAN2_RX1_IRQHandler                      0x080001b7   Thumb Code     0  startup_stm32f407xx.o(.text)
    CAN2_SCE_IRQHandler                      0x080001b7   Thumb Code     0  startup_stm32f407xx.o(.text)
    CAN2_TX_IRQHandler                       0x080001b7   Thumb Code     0  startup_stm32f407xx.o(.text)
    DCMI_IRQHandler                          0x080001b7   Thumb Code     0  startup_stm32f407xx.o(.text)
    DMA1_Stream0_IRQHandler                  0x080001b7   Thumb Code     0  startup_stm32f407xx.o(.text)
    DMA1_Stream1_IRQHandler                  0x080001b7   Thumb Code     0  startup_stm32f407xx.o(.text)
    DMA1_Stream2_IRQHandler                  0x080001b7   Thumb Code     0  startup_stm32f407xx.o(.text)
    DMA1_Stream3_IRQHandler                  0x080001b7   Thumb Code     0  startup_stm32f407xx.o(.text)
    DMA1_Stream4_IRQHandler                  0x080001b7   Thumb Code     0  startup_stm32f407xx.o(.text)
    DMA1_Stream5_IRQHandler                  0x080001b7   Thumb Code     0  startup_stm32f407xx.o(.text)
    DMA1_Stream6_IRQHandler                  0x080001b7   Thumb Code     0  startup_stm32f407xx.o(.text)
    DMA1_Stream7_IRQHandler                  0x080001b7   Thumb Code     0  startup_stm32f407xx.o(.text)
    DMA2_Stream0_IRQHandler                  0x080001b7   Thumb Code     0  startup_stm32f407xx.o(.text)
    DMA2_Stream1_IRQHandler                  0x080001b7   Thumb Code     0  startup_stm32f407xx.o(.text)
    DMA2_Stream2_IRQHandler                  0x080001b7   Thumb Code     0  startup_stm32f407xx.o(.text)
    DMA2_Stream3_IRQHandler                  0x080001b7   Thumb Code     0  startup_stm32f407xx.o(.text)
    DMA2_Stream4_IRQHandler                  0x080001b7   Thumb Code     0  startup_stm32f407xx.o(.text)
    DMA2_Stream5_IRQHandler                  0x080001b7   Thumb Code     0  startup_stm32f407xx.o(.text)
    DMA2_Stream6_IRQHandler                  0x080001b7   Thumb Code     0  startup_stm32f407xx.o(.text)
    DMA2_Stream7_IRQHandler                  0x080001b7   Thumb Code     0  startup_stm32f407xx.o(.text)
    ETH_IRQHandler                           0x080001b7   Thumb Code     0  startup_stm32f407xx.o(.text)
    ETH_WKUP_IRQHandler                      0x080001b7   Thumb Code     0  startup_stm32f407xx.o(.text)
    EXTI0_IRQHandler                         0x080001b7   Thumb Code     0  startup_stm32f407xx.o(.text)
    EXTI15_10_IRQHandler                     0x080001b7   Thumb Code     0  startup_stm32f407xx.o(.text)
    EXTI1_IRQHandler                         0x080001b7   Thumb Code     0  startup_stm32f407xx.o(.text)
    EXTI2_IRQHandler                         0x080001b7   Thumb Code     0  startup_stm32f407xx.o(.text)
    EXTI3_IRQHandler                         0x080001b7   Thumb Code     0  startup_stm32f407xx.o(.text)
    EXTI4_IRQHandler                         0x080001b7   Thumb Code     0  startup_stm32f407xx.o(.text)
    EXTI9_5_IRQHandler                       0x080001b7   Thumb Code     0  startup_stm32f407xx.o(.text)
    FLASH_IRQHandler                         0x080001b7   Thumb Code     0  startup_stm32f407xx.o(.text)
    FMC_IRQHandler                           0x080001b7   Thumb Code     0  startup_stm32f407xx.o(.text)
    FPU_IRQHandler                           0x080001b7   Thumb Code     0  startup_stm32f407xx.o(.text)
    HASH_RNG_IRQHandler                      0x080001b7   Thumb Code     0  startup_stm32f407xx.o(.text)
    I2C1_ER_IRQHandler                       0x080001b7   Thumb Code     0  startup_stm32f407xx.o(.text)
    I2C1_EV_IRQHandler                       0x080001b7   Thumb Code     0  startup_stm32f407xx.o(.text)
    I2C2_ER_IRQHandler                       0x080001b7   Thumb Code     0  startup_stm32f407xx.o(.text)
    I2C2_EV_IRQHandler                       0x080001b7   Thumb Code     0  startup_stm32f407xx.o(.text)
    I2C3_ER_IRQHandler                       0x080001b7   Thumb Code     0  startup_stm32f407xx.o(.text)
    I2C3_EV_IRQHandler                       0x080001b7   Thumb Code     0  startup_stm32f407xx.o(.text)
    OTG_FS_IRQHandler                        0x080001b7   Thumb Code     0  startup_stm32f407xx.o(.text)
    OTG_FS_WKUP_IRQHandler                   0x080001b7   Thumb Code     0  startup_stm32f407xx.o(.text)
    OTG_HS_EP1_IN_IRQHandler                 0x080001b7   Thumb Code     0  startup_stm32f407xx.o(.text)
    OTG_HS_EP1_OUT_IRQHandler                0x080001b7   Thumb Code     0  startup_stm32f407xx.o(.text)
    OTG_HS_IRQHandler                        0x080001b7   Thumb Code     0  startup_stm32f407xx.o(.text)
    OTG_HS_WKUP_IRQHandler                   0x080001b7   Thumb Code     0  startup_stm32f407xx.o(.text)
    PVD_IRQHandler                           0x080001b7   Thumb Code     0  startup_stm32f407xx.o(.text)
    RCC_IRQHandler                           0x080001b7   Thumb Code     0  startup_stm32f407xx.o(.text)
    RTC_Alarm_IRQHandler                     0x080001b7   Thumb Code     0  startup_stm32f407xx.o(.text)
    RTC_WKUP_IRQHandler                      0x080001b7   Thumb Code     0  startup_stm32f407xx.o(.text)
    SDIO_IRQHandler                          0x080001b7   Thumb Code     0  startup_stm32f407xx.o(.text)
    SPI1_IRQHandler                          0x080001b7   Thumb Code     0  startup_stm32f407xx.o(.text)
    SPI2_IRQHandler                          0x080001b7   Thumb Code     0  startup_stm32f407xx.o(.text)
    SPI3_IRQHandler                          0x080001b7   Thumb Code     0  startup_stm32f407xx.o(.text)
    TAMP_STAMP_IRQHandler                    0x080001b7   Thumb Code     0  startup_stm32f407xx.o(.text)
    TIM1_BRK_TIM9_IRQHandler                 0x080001b7   Thumb Code     0  startup_stm32f407xx.o(.text)
    TIM1_CC_IRQHandler                       0x080001b7   Thumb Code     0  startup_stm32f407xx.o(.text)
    TIM1_TRG_COM_TIM11_IRQHandler            0x080001b7   Thumb Code     0  startup_stm32f407xx.o(.text)
    TIM1_UP_TIM10_IRQHandler                 0x080001b7   Thumb Code     0  startup_stm32f407xx.o(.text)
    TIM3_IRQHandler                          0x080001b7   Thumb Code     0  startup_stm32f407xx.o(.text)
    TIM4_IRQHandler                          0x080001b7   Thumb Code     0  startup_stm32f407xx.o(.text)
    TIM5_IRQHandler                          0x080001b7   Thumb Code     0  startup_stm32f407xx.o(.text)
    TIM6_DAC_IRQHandler                      0x080001b7   Thumb Code     0  startup_stm32f407xx.o(.text)
    TIM7_IRQHandler                          0x080001b7   Thumb Code     0  startup_stm32f407xx.o(.text)
    TIM8_BRK_TIM12_IRQHandler                0x080001b7   Thumb Code     0  startup_stm32f407xx.o(.text)
    TIM8_CC_IRQHandler                       0x080001b7   Thumb Code     0  startup_stm32f407xx.o(.text)
    TIM8_TRG_COM_TIM14_IRQHandler            0x080001b7   Thumb Code     0  startup_stm32f407xx.o(.text)
    TIM8_UP_TIM13_IRQHandler                 0x080001b7   Thumb Code     0  startup_stm32f407xx.o(.text)
    UART4_IRQHandler                         0x080001b7   Thumb Code     0  startup_stm32f407xx.o(.text)
    UART5_IRQHandler                         0x080001b7   Thumb Code     0  startup_stm32f407xx.o(.text)
    USART6_IRQHandler                        0x080001b7   Thumb Code     0  startup_stm32f407xx.o(.text)
    WWDG_IRQHandler                          0x080001b7   Thumb Code     0  startup_stm32f407xx.o(.text)
    __aeabi_uldivmod                         0x080001c1   Thumb Code    98  uldiv.o(.text)
    __aeabi_memset                           0x08000223   Thumb Code    14  memseta.o(.text)
    __aeabi_memset4                          0x08000223   Thumb Code     0  memseta.o(.text)
    __aeabi_memset8                          0x08000223   Thumb Code     0  memseta.o(.text)
    __aeabi_memclr                           0x08000231   Thumb Code     4  memseta.o(.text)
    __aeabi_memclr4                          0x08000231   Thumb Code     0  memseta.o(.text)
    __aeabi_memclr8                          0x08000231   Thumb Code     0  memseta.o(.text)
    _memset$wrapper                          0x08000235   Thumb Code    18  memseta.o(.text)
    atoi                                     0x08000247   Thumb Code    26  atoi.o(.text)
    __aeabi_dadd                             0x08000261   Thumb Code   322  dadd.o(.text)
    __aeabi_dsub                             0x080003a3   Thumb Code     6  dadd.o(.text)
    __aeabi_drsub                            0x080003a9   Thumb Code     6  dadd.o(.text)
    __aeabi_dmul                             0x080003af   Thumb Code   228  dmul.o(.text)
    __aeabi_dcmpgt                           0x08000493   Thumb Code    54  dcmpgt.o(.text)
    __aeabi_i2d                              0x080004c9   Thumb Code    34  dflti.o(.text)
    __aeabi_d2iz                             0x080004eb   Thumb Code    62  dfixi.o(.text)
    __aeabi_f2d                              0x08000529   Thumb Code    38  f2d.o(.text)
    __aeabi_d2f                              0x0800054f   Thumb Code    56  d2f.o(.text)
    __aeabi_uidiv                            0x08000587   Thumb Code     0  uidiv.o(.text)
    __aeabi_uidivmod                         0x08000587   Thumb Code    44  uidiv.o(.text)
    __aeabi_llsl                             0x080005b3   Thumb Code    30  llshl.o(.text)
    _ll_shift_l                              0x080005b3   Thumb Code     0  llshl.o(.text)
    __aeabi_llsr                             0x080005d1   Thumb Code    32  llushr.o(.text)
    _ll_ushift_r                             0x080005d1   Thumb Code     0  llushr.o(.text)
    __aeabi_lasr                             0x080005f1   Thumb Code    36  llsshr.o(.text)
    _ll_sshift_r                             0x080005f1   Thumb Code     0  llsshr.o(.text)
    __strtod_int                             0x08000653   Thumb Code    94  strtod.o(.text)
    strtol                                   0x080006bd   Thumb Code   112  strtol.o(.text)
    __I$use$fp                               0x0800072d   Thumb Code     0  iusefp.o(.text)
    _float_round                             0x0800072d   Thumb Code    18  fepilogue.o(.text)
    _float_epilogue                          0x0800073f   Thumb Code    92  fepilogue.o(.text)
    _double_round                            0x0800079b   Thumb Code    30  depilogue.o(.text)
    _double_epilogue                         0x080007b9   Thumb Code   156  depilogue.o(.text)
    __aeabi_ddiv                             0x08000855   Thumb Code   222  ddiv.o(.text)
    __aeabi_d2ulz                            0x08000933   Thumb Code    48  dfixul.o(.text)
    __aeabi_cdrcmple                         0x08000965   Thumb Code    48  cdrcmple.o(.text)
    __scatterload                            0x08000995   Thumb Code    28  init.o(.text)
    __scatterload_rt2                        0x08000995   Thumb Code     0  init.o(.text)
    __rt_ctype_table                         0x080009b9   Thumb Code     4  ctype_o.o(.text)
    isspace                                  0x080009c1   Thumb Code    18  isspace_o.o(.text)
    _scanf_real                              0x08000afd   Thumb Code     0  scanf_fp.o(.text)
    _scanf_really_real                       0x08000afd   Thumb Code   556  scanf_fp.o(.text)
    _sgetc                                   0x08000d35   Thumb Code    30  _sgetc.o(.text)
    _sbackspace                              0x08000d53   Thumb Code    34  _sgetc.o(.text)
    _strtoul                                 0x08000d75   Thumb Code   158  _strtoul.o(.text)
    _chval                                   0x08000e13   Thumb Code    28  _chval.o(.text)
    __aeabi_ul2d                             0x08000e2f   Thumb Code    24  dfltul.o(.text)
    BusFault_Handler                         0x08000e49   Thumb Code     4  stm32f4xx_it.o(.text.BusFault_Handler)
    Check                                    0x08000e4d   Thumb Code   140  user_check.o(.text.Check)
    DealAdvance1                             0x08000ed9   Thumb Code   206  user_check.o(.text.DealAdvance1)
    DealAdvance2                             0x08000fa9   Thumb Code     2  user_check.o(.text.DealAdvance2)
    DealBasic1                               0x08000fad   Thumb Code    70  user_check.o(.text.DealBasic1)
    DealBasic2                               0x08000ff5   Thumb Code   230  user_check.o(.text.DealBasic2)
    DealBasic3                               0x080010dd   Thumb Code   446  user_check.o(.text.DealBasic3)
    DebugMon_Handler                         0x0800129d   Thumb Code     2  stm32f4xx_it.o(.text.DebugMon_Handler)
    DigitDialIn                              0x080012a1   Thumb Code   348  user_check.o(.text.DigitDialIn)
    DistantFire                              0x08001401   Thumb Code   200  user_check.o(.text.DistantFire)
    Error_Handler                            0x080014c9   Thumb Code     2  main.o(.text.Error_Handler)
    FSMC_NORSRAM_Extended_Timing_Init        0x080014cd   Thumb Code   134  stm32f4xx_ll_fsmc.o(.text.FSMC_NORSRAM_Extended_Timing_Init)
    FSMC_NORSRAM_Init                        0x08001555   Thumb Code   180  stm32f4xx_ll_fsmc.o(.text.FSMC_NORSRAM_Init)
    FSMC_NORSRAM_Timing_Init                 0x08001609   Thumb Code   120  stm32f4xx_ll_fsmc.o(.text.FSMC_NORSRAM_Timing_Init)
    GaussGun_Fire                            0x08001681   Thumb Code   150  gaussgun.o(.text.GaussGun_Fire)
    Get_CoordinateXResult                    0x08001719   Thumb Code    14  user_uart.o(.text.Get_CoordinateXResult)
    HAL_DMA_Abort_IT                         0x08001729   Thumb Code    72  stm32f4xx_hal_dma.o(.text.HAL_DMA_Abort_IT)
    HAL_Delay                                0x08001771   Thumb Code    78  stm32f4xx_hal.o(.text.HAL_Delay)
    HAL_GPIO_Init                            0x08001875   Thumb Code   974  stm32f4xx_hal_gpio.o(.text.HAL_GPIO_Init)
    HAL_GPIO_WritePin                        0x08001c45   Thumb Code    66  stm32f4xx_hal_gpio.o(.text.HAL_GPIO_WritePin)
    HAL_GetTick                              0x08001c89   Thumb Code    12  stm32f4xx_hal.o(.text.HAL_GetTick)
    HAL_IncTick                              0x08001c95   Thumb Code    26  stm32f4xx_hal.o(.text.HAL_IncTick)
    HAL_Init                                 0x08001cb1   Thumb Code    62  stm32f4xx_hal.o(.text.HAL_Init)
    HAL_InitTick                             0x08001cf1   Thumb Code   118  stm32f4xx_hal.o(.text.HAL_InitTick)
    HAL_MspInit                              0x08001d69   Thumb Code    78  stm32f4xx_hal_msp.o(.text.HAL_MspInit)
    HAL_NVIC_EnableIRQ                       0x08001db9   Thumb Code    24  stm32f4xx_hal_cortex.o(.text.HAL_NVIC_EnableIRQ)
    HAL_NVIC_SetPriority                     0x08001dd1   Thumb Code    76  stm32f4xx_hal_cortex.o(.text.HAL_NVIC_SetPriority)
    HAL_NVIC_SetPriorityGrouping             0x08001e1d   Thumb Code    20  stm32f4xx_hal_cortex.o(.text.HAL_NVIC_SetPriorityGrouping)
    HAL_RCC_ClockConfig                      0x08001e31   Thumb Code   628  stm32f4xx_hal_rcc.o(.text.HAL_RCC_ClockConfig)
    HAL_RCC_GetHCLKFreq                      0x080020a5   Thumb Code    12  stm32f4xx_hal_rcc.o(.text.HAL_RCC_GetHCLKFreq)
    HAL_RCC_GetPCLK1Freq                     0x080020b1   Thumb Code    38  stm32f4xx_hal_rcc.o(.text.HAL_RCC_GetPCLK1Freq)
    HAL_RCC_GetPCLK2Freq                     0x080020d9   Thumb Code    42  stm32f4xx_hal_rcc.o(.text.HAL_RCC_GetPCLK2Freq)
    HAL_RCC_GetSysClockFreq                  0x08002105   Thumb Code   232  stm32f4xx_hal_rcc.o(.text.HAL_RCC_GetSysClockFreq)
    HAL_RCC_OscConfig                        0x080021ed   Thumb Code  1650  stm32f4xx_hal_rcc.o(.text.HAL_RCC_OscConfig)
    HAL_SRAM_Init                            0x08002861   Thumb Code   174  stm32f4xx_hal_sram.o(.text.HAL_SRAM_Init)
    HAL_SRAM_MspInit                         0x08002911   Thumb Code    18  fsmc.o(.text.HAL_SRAM_MspInit)
    HAL_SYSTICK_Config                       0x08002925   Thumb Code    20  stm32f4xx_hal_cortex.o(.text.HAL_SYSTICK_Config)
    HAL_TIMEx_BreakCallback                  0x08002939   Thumb Code    12  stm32f4xx_hal_tim_ex.o(.text.HAL_TIMEx_BreakCallback)
    HAL_TIMEx_CommutCallback                 0x08002945   Thumb Code    12  stm32f4xx_hal_tim_ex.o(.text.HAL_TIMEx_CommutCallback)
    HAL_TIMEx_ConfigBreakDeadTime            0x08002951   Thumb Code   186  stm32f4xx_hal_tim_ex.o(.text.HAL_TIMEx_ConfigBreakDeadTime)
    HAL_TIMEx_MasterConfigSynchronization    0x08002a0d   Thumb Code   160  stm32f4xx_hal_tim_ex.o(.text.HAL_TIMEx_MasterConfigSynchronization)
    HAL_TIM_Base_Init                        0x08002aad   Thumb Code   102  stm32f4xx_hal_tim.o(.text.HAL_TIM_Base_Init)
    HAL_TIM_Base_MspInit                     0x08002b15   Thumb Code   198  tim.o(.text.HAL_TIM_Base_MspInit)
    HAL_TIM_Base_Start                       0x08002bdd   Thumb Code    64  stm32f4xx_hal_tim.o(.text.HAL_TIM_Base_Start)
    HAL_TIM_Base_Start_IT                    0x08002c1d   Thumb Code    60  stm32f4xx_hal_tim.o(.text.HAL_TIM_Base_Start_IT)
    HAL_TIM_Base_Stop                        0x08002c59   Thumb Code    82  stm32f4xx_hal_tim.o(.text.HAL_TIM_Base_Stop)
    HAL_TIM_Base_Stop_IT                     0x08002cad   Thumb Code    78  stm32f4xx_hal_tim.o(.text.HAL_TIM_Base_Stop_IT)
    HAL_TIM_ConfigClockSource                0x08002cfd   Thumb Code   414  stm32f4xx_hal_tim.o(.text.HAL_TIM_ConfigClockSource)
    HAL_TIM_IC_CaptureCallback               0x08002e9d   Thumb Code    12  stm32f4xx_hal_tim.o(.text.HAL_TIM_IC_CaptureCallback)
    HAL_TIM_IRQHandler                       0x08002ea9   Thumb Code   646  stm32f4xx_hal_tim.o(.text.HAL_TIM_IRQHandler)
    HAL_TIM_MspPostInit                      0x08003131   Thumb Code   194  tim.o(.text.HAL_TIM_MspPostInit)
    HAL_TIM_OC_DelayElapsedCallback          0x080031f5   Thumb Code    12  stm32f4xx_hal_tim.o(.text.HAL_TIM_OC_DelayElapsedCallback)
    HAL_TIM_PWM_ConfigChannel                0x08003201   Thumb Code   352  stm32f4xx_hal_tim.o(.text.HAL_TIM_PWM_ConfigChannel)
    HAL_TIM_PWM_Init                         0x08003361   Thumb Code   102  stm32f4xx_hal_tim.o(.text.HAL_TIM_PWM_Init)
    HAL_TIM_PWM_MspInit                      0x080033c9   Thumb Code    12  stm32f4xx_hal_tim.o(.text.HAL_TIM_PWM_MspInit)
    HAL_TIM_PWM_PulseFinishedCallback        0x080033d5   Thumb Code    12  stm32f4xx_hal_tim.o(.text.HAL_TIM_PWM_PulseFinishedCallback)
    HAL_TIM_PWM_Start                        0x080033e1   Thumb Code   144  stm32f4xx_hal_tim.o(.text.HAL_TIM_PWM_Start)
    HAL_TIM_PWM_Stop                         0x08003471   Thumb Code   206  stm32f4xx_hal_tim.o(.text.HAL_TIM_PWM_Stop)
    HAL_TIM_PeriodElapsedCallback            0x08003541   Thumb Code   168  timer.o(.text.HAL_TIM_PeriodElapsedCallback)
    HAL_TIM_TriggerCallback                  0x080035e9   Thumb Code    12  stm32f4xx_hal_tim.o(.text.HAL_TIM_TriggerCallback)
    HAL_UART_ErrorCallback                   0x080035f5   Thumb Code    12  stm32f4xx_hal_uart.o(.text.HAL_UART_ErrorCallback)
    HAL_UART_IRQHandler                      0x08003601   Thumb Code   544  stm32f4xx_hal_uart.o(.text.HAL_UART_IRQHandler)
    HAL_UART_Init                            0x08003821   Thumb Code   166  stm32f4xx_hal_uart.o(.text.HAL_UART_Init)
    HAL_UART_MspInit                         0x080038c9   Thumb Code   780  usart.o(.text.HAL_UART_MspInit)
    HAL_UART_Receive_IT                      0x08003bd5   Thumb Code   208  stm32f4xx_hal_uart.o(.text.HAL_UART_Receive_IT)
    HAL_UART_RxCpltCallback                  0x08003ca5   Thumb Code    86  user_callback.o(.text.HAL_UART_RxCpltCallback)
    HAL_UART_Transmit                        0x08003cfd   Thumb Code   384  stm32f4xx_hal_uart.o(.text.HAL_UART_Transmit)
    HAL_UART_TxCpltCallback                  0x08003e7d   Thumb Code    12  stm32f4xx_hal_uart.o(.text.HAL_UART_TxCpltCallback)
    HardFault_Handler                        0x08003e89   Thumb Code     4  stm32f4xx_it.o(.text.HardFault_Handler)
    Key_scan                                 0x08003e8d   Thumb Code   772  keypad.o(.text.Key_scan)
    LCD_Clear                                0x08004191   Thumb Code   174  ili93xx.o(.text.LCD_Clear)
    LCD_Display_Dir                          0x08004241   Thumb Code   536  ili93xx.o(.text.LCD_Display_Dir)
    LCD_Fast_DrawPoint                       0x08004459   Thumb Code   474  ili93xx.o(.text.LCD_Fast_DrawPoint)
    LCD_Pow                                  0x08004635   Thumb Code    58  ili93xx.o(.text.LCD_Pow)
    LCD_RD_DATA                              0x08004671   Thumb Code    22  ili93xx.o(.text.LCD_RD_DATA)
    LCD_ReadReg                              0x08004689   Thumb Code    34  ili93xx.o(.text.LCD_ReadReg)
    LCD_Scan_Dir                             0x080046ad   Thumb Code  1084  ili93xx.o(.text.LCD_Scan_Dir)
    LCD_SetCursor                            0x08004ae9   Thumb Code   430  ili93xx.o(.text.LCD_SetCursor)
    LCD_ShowChar                             0x08004c99   Thumb Code   478  ili93xx.o(.text.LCD_ShowChar)
    LCD_ShowString                           0x08004e79   Thumb Code   242  ili93xx.o(.text.LCD_ShowString)
    LCD_ShowxNum                             0x08004f6d   Thumb Code   382  ili93xx.o(.text.LCD_ShowxNum)
    LCD_WR_DATA                              0x080050ed   Thumb Code    34  ili93xx.o(.text.LCD_WR_DATA)
    LCD_WR_REG                               0x08005111   Thumb Code    36  ili93xx.o(.text.LCD_WR_REG)
    LCD_WriteRAM_Prepare                     0x08005135   Thumb Code    22  ili93xx.o(.text.LCD_WriteRAM_Prepare)
    LCD_WriteReg                             0x0800514d   Thumb Code    48  ili93xx.o(.text.LCD_WriteReg)
    Locate_FindCycleOnce                     0x0800517d   Thumb Code   304  mricrostepdriver.o(.text.Locate_FindCycleOnce)
    Locate_RunAngle                          0x080052b1   Thumb Code   128  mricrostepdriver.o(.text.Locate_RunAngle)
    Locate_RunStep                           0x08005331   Thumb Code   156  mricrostepdriver.o(.text.Locate_RunStep)
    MX_FSMC_Init                             0x080053cd   Thumb Code   178  fsmc.o(.text.MX_FSMC_Init)
    MX_GPIO_Init                             0x08005481   Thumb Code   420  gpio.o(.text.MX_GPIO_Init)
    MX_TIM1_Init                             0x08005625   Thumb Code   302  tim.o(.text.MX_TIM1_Init)
    MX_TIM2_Init                             0x08005755   Thumb Code   230  tim.o(.text.MX_TIM2_Init)
    MX_TIM5_Init                             0x0800583d   Thumb Code   138  tim.o(.text.MX_TIM5_Init)
    MX_UART4_Init                            0x080058c9   Thumb Code    60  usart.o(.text.MX_UART4_Init)
    MX_USART1_UART_Init                      0x08005905   Thumb Code    60  usart.o(.text.MX_USART1_UART_Init)
    MX_USART2_UART_Init                      0x08005941   Thumb Code    60  usart.o(.text.MX_USART2_UART_Init)
    MX_USART3_UART_Init                      0x0800597d   Thumb Code    60  usart.o(.text.MX_USART3_UART_Init)
    MemManage_Handler                        0x080059b9   Thumb Code     4  stm32f4xx_it.o(.text.MemManage_Handler)
    NMI_Handler                              0x080059bd   Thumb Code     2  stm32f4xx_it.o(.text.NMI_Handler)
    PendSV_Handler                           0x08005a41   Thumb Code     2  stm32f4xx_it.o(.text.PendSV_Handler)
    SVC_Handler                              0x08005a45   Thumb Code     2  stm32f4xx_it.o(.text.SVC_Handler)
    SysTick_Handler                          0x08005aa5   Thumb Code     8  stm32f4xx_it.o(.text.SysTick_Handler)
    SystemClock_Config                       0x08005aad   Thumb Code   194  main.o(.text.SystemClock_Config)
    SystemInit                               0x08005b71   Thumb Code   110  system_stm32f4xx.o(.text.SystemInit)
    TFTLCD_Init                              0x08005be1   Thumb Code  1124  ili93xx.o(.text.TFTLCD_Init)
    TIM2_IRQHandler                          0x08006045   Thumb Code    16  stm32f4xx_it.o(.text.TIM2_IRQHandler)
    TIM2_Startup                             0x08006055   Thumb Code   296  mricrostepdriver.o(.text.TIM2_Startup)
    TIM_Base_SetConfig                       0x0800617d   Thumb Code   418  stm32f4xx_hal_tim.o(.text.TIM_Base_SetConfig)
    TIM_CCxChannelCmd                        0x08006321   Thumb Code    74  stm32f4xx_hal_tim.o(.text.TIM_CCxChannelCmd)
    TIM_ETR_SetConfig                        0x0800636d   Thumb Code    74  stm32f4xx_hal_tim.o(.text.TIM_ETR_SetConfig)
    TIM_OC2_SetConfig                        0x080064e1   Thumb Code   252  stm32f4xx_hal_tim.o(.text.TIM_OC2_SetConfig)
    USART1_IRQHandler                        0x08006f8d   Thumb Code    16  stm32f4xx_it.o(.text.USART1_IRQHandler)
    USART2_IRQHandler                        0x08006f9d   Thumb Code    16  stm32f4xx_it.o(.text.USART2_IRQHandler)
    USART3_IRQHandler                        0x08006fad   Thumb Code    16  stm32f4xx_it.o(.text.USART3_IRQHandler)
    UsageFault_Handler                       0x08006fbd   Thumb Code     4  stm32f4xx_it.o(.text.UsageFault_Handler)
    User_DebugUart_Init                      0x08006fc1   Thumb Code    32  user_uart.o(.text.User_DebugUart_Init)
    User_DistantUart_Init                    0x08006fe1   Thumb Code    64  user_uart.o(.text.User_DistantUart_Init)
    User_GetErrorUart_Init                   0x08007021   Thumb Code    32  user_uart.o(.text.User_GetErrorUart_Init)
    User_Main                                0x08007041   Thumb Code    80  usermain.o(.text.User_Main)
    _GetCommandUartCallBack                  0x08007091   Thumb Code    50  user_uart.o(.text._GetCommandUartCallBack)
    _GetDistantUartCallBack                  0x080070c9   Thumb Code   480  user_uart.o(.text._GetDistantUartCallBack)
    _GetErrorUartCallBack                    0x080072a9   Thumb Code   366  user_uart.o(.text._GetErrorUartCallBack)
    fputc                                    0x080074ed   Thumb Code    60  user_uart.o(.text.fputc)
    main                                     0x08007529   Thumb Code    62  main.o(.text.main)
    __0printf                                0x08007569   Thumb Code    22  printfa.o(i.__0printf)
    __1printf                                0x08007569   Thumb Code     0  printfa.o(i.__0printf)
    __2printf                                0x08007569   Thumb Code     0  printfa.o(i.__0printf)
    __c89printf                              0x08007569   Thumb Code     0  printfa.o(i.__0printf)
    printf                                   0x08007569   Thumb Code     0  printfa.o(i.__0printf)
    __0sprintf                               0x08007589   Thumb Code    34  printfa.o(i.__0sprintf)
    __1sprintf                               0x08007589   Thumb Code     0  printfa.o(i.__0sprintf)
    __2sprintf                               0x08007589   Thumb Code     0  printfa.o(i.__0sprintf)
    __c89sprintf                             0x08007589   Thumb Code     0  printfa.o(i.__0sprintf)
    sprintf                                  0x08007589   Thumb Code     0  printfa.o(i.__0sprintf)
    __aeabi_errno_addr                       0x080075b1   Thumb Code     4  errno.o(i.__aeabi_errno_addr)
    __rt_errno_addr                          0x080075b1   Thumb Code     0  errno.o(i.__aeabi_errno_addr)
    __hardfp_atof                            0x080075b9   Thumb Code    46  atof.o(i.__hardfp_atof)
    __read_errno                             0x080075f1   Thumb Code     6  errno.o(i.__read_errno)
    __scatterload_copy                       0x080075fd   Thumb Code    14  handlers.o(i.__scatterload_copy)
    __scatterload_null                       0x0800760b   Thumb Code     2  handlers.o(i.__scatterload_null)
    __scatterload_zeroinit                   0x0800760d   Thumb Code    14  handlers.o(i.__scatterload_zeroinit)
    __set_errno                              0x0800761d   Thumb Code     6  errno.o(i.__set_errno)
    _is_digit                                0x080077ad   Thumb Code    14  scanf_fp.o(i._is_digit)
    __ctype_table                            0x08007ef4   Data         129  ctype_o.o(.constdata)
    AHBPrescTable                            0x08007f7c   Data          16  system_stm32f4xx.o(.rodata.AHBPrescTable)
    APBPrescTable                            0x08007f8c   Data           8  system_stm32f4xx.o(.rodata.APBPrescTable)
    asc2_1206                                0x08007f94   Data        1140  ili93xx.o(.rodata.asc2_1206)
    asc2_1608                                0x08008408   Data        1520  ili93xx.o(.rodata.asc2_1608)
    asc2_2412                                0x080089f8   Data        3420  ili93xx.o(.rodata.asc2_2412)
    Region$$Table$$Base                      0x08009788   Number         0  anon$$obj.o(Region$$Table)
    Region$$Table$$Limit                     0x080097a8   Number         0  anon$$obj.o(Region$$Table)
    __stdout                                 0x20000000   Data           4  stdout.o(.data)
    BACK_COLOR                               0x20000008   Data           2  ili93xx.o(.data.BACK_COLOR)
    SystemCoreClock                          0x2000000c   Data           4  system_stm32f4xx.o(.data.SystemCoreClock)
    a                                        0x20000010   Data           9  mricrostepdriver.o(.data.a)
    uwTickFreq                               0x20000019   Data           1  stm32f4xx_hal.o(.data.uwTickFreq)
    uwTickPrio                               0x2000001c   Data           4  stm32f4xx_hal.o(.data.uwTickPrio)
    Coordinate1_One                          0x20000022   Data           2  user_uart.o(.bss.Coordinate1_One)
    Coordinate1_Two                          0x20000024   Data           2  user_uart.o(.bss.Coordinate1_Two)
    Distance                                 0x20000026   Data           1  user_check.o(.bss.Distance)
    POINT_COLOR                              0x2000002c   Data           2  ili93xx.o(.bss.POINT_COLOR)
    PWM_Count                                0x20000030   Data           4  timer.o(.bss.PWM_Count)
    PWM_Count_Set                            0x20000034   Data           4  mricrostepdriver.o(.bss.PWM_Count_Set)
    _DebugCommand                            0x20000038   Data           1  user_uart.o(.bss._DebugCommand)
    _GetDistantResults                       0x2000003c   Data           4  user_uart.o(.bss._GetDistantResults)
    ang                                      0x20000057   Data           1  user_check.o(.bss.ang)
    dis                                      0x20000058   Data           1  user_check.o(.bss.dis)
    flag                                     0x2000005c   Data           4  mricrostepdriver.o(.bss.flag)
    hsram1                                   0x20000060   Data          80  fsmc.o(.bss.hsram1)
    htim1                                    0x200000b0   Data          64  tim.o(.bss.htim1)
    htim2                                    0x200000f0   Data          64  tim.o(.bss.htim2)
    htim5                                    0x20000130   Data          64  tim.o(.bss.htim5)
    huart1                                   0x20000170   Data          64  usart.o(.bss.huart1)
    huart2                                   0x200001b0   Data          64  usart.o(.bss.huart2)
    huart3                                   0x200001f0   Data          64  usart.o(.bss.huart3)
    huart4                                   0x20000230   Data          64  usart.o(.bss.huart4)
    lcddev                                   0x20000270   Data          14  ili93xx.o(.bss.lcddev)
    mode                                     0x20000280   Data           4  mricrostepdriver.o(.bss.mode)
    rec_flag                                 0x20000284   Data           1  user_check.o(.bss.rec_flag)
    stop                                     0x20000288   Data           4  timer.o(.bss.stop)
    stop_flag_FindCycleOnce                  0x2000028c   Data           4  mricrostepdriver.o(.bss.stop_flag_FindCycleOnce)
    uwTick                                   0x20000290   Data           4  stm32f4xx_hal.o(.bss.uwTick)
    __initial_sp                             0x20000698   Data           0  startup_stm32f407xx.o(STACK)



==============================================================================

Memory Map of the image

  Image Entry point : 0x08000189

  Load Region LR_IROM1 (Base: 0x08000000, Size: 0x000097c8, Max: 0x00080000, ABSOLUTE)

    Execution Region ER_IROM1 (Exec base: 0x08000000, Load base: 0x08000000, Size: 0x000097a8, Max: 0x00080000, ABSOLUTE)

    Exec Addr    Load Addr    Size         Type   Attr      Idx    E Section Name        Object

    0x08000000   0x08000000   0x00000188   Data   RO            3    RESET               startup_stm32f407xx.o
    0x08000188   0x08000188   0x00000000   Code   RO         1460  * .ARM.Collect$$$$00000000  mc_w.l(entry.o)
    0x08000188   0x08000188   0x00000004   Code   RO         1513    .ARM.Collect$$$$00000001  mc_w.l(entry2.o)
    0x0800018c   0x0800018c   0x00000004   Code   RO         1516    .ARM.Collect$$$$00000004  mc_w.l(entry5.o)
    0x08000190   0x08000190   0x00000000   Code   RO         1518    .ARM.Collect$$$$00000008  mc_w.l(entry7b.o)
    0x08000190   0x08000190   0x00000000   Code   RO         1520    .ARM.Collect$$$$0000000A  mc_w.l(entry8b.o)
    0x08000190   0x08000190   0x00000008   Code   RO         1521    .ARM.Collect$$$$0000000B  mc_w.l(entry9a.o)
    0x08000198   0x08000198   0x00000000   Code   RO         1523    .ARM.Collect$$$$0000000D  mc_w.l(entry10a.o)
    0x08000198   0x08000198   0x00000000   Code   RO         1525    .ARM.Collect$$$$0000000F  mc_w.l(entry11a.o)
    0x08000198   0x08000198   0x00000004   Code   RO         1514    .ARM.Collect$$$$00002712  mc_w.l(entry2.o)
    0x0800019c   0x0800019c   0x00000024   Code   RO            4    .text               startup_stm32f407xx.o
    0x080001c0   0x080001c0   0x00000062   Code   RO         1463    .text               mc_w.l(uldiv.o)
    0x08000222   0x08000222   0x00000024   Code   RO         1465    .text               mc_w.l(memseta.o)
    0x08000246   0x08000246   0x0000001a   Code   RO         1495    .text               mc_w.l(atoi.o)
    0x08000260   0x08000260   0x0000014e   Code   RO         1497    .text               mf_w.l(dadd.o)
    0x080003ae   0x080003ae   0x000000e4   Code   RO         1499    .text               mf_w.l(dmul.o)
    0x08000492   0x08000492   0x00000036   Code   RO         1503    .text               mf_w.l(dcmpgt.o)
    0x080004c8   0x080004c8   0x00000022   Code   RO         1505    .text               mf_w.l(dflti.o)
    0x080004ea   0x080004ea   0x0000003e   Code   RO         1507    .text               mf_w.l(dfixi.o)
    0x08000528   0x08000528   0x00000026   Code   RO         1509    .text               mf_w.l(f2d.o)
    0x0800054e   0x0800054e   0x00000038   Code   RO         1511    .text               mf_w.l(d2f.o)
    0x08000586   0x08000586   0x0000002c   Code   RO         1528    .text               mc_w.l(uidiv.o)
    0x080005b2   0x080005b2   0x0000001e   Code   RO         1530    .text               mc_w.l(llshl.o)
    0x080005d0   0x080005d0   0x00000020   Code   RO         1532    .text               mc_w.l(llushr.o)
    0x080005f0   0x080005f0   0x00000024   Code   RO         1534    .text               mc_w.l(llsshr.o)
    0x08000614   0x08000614   0x000000a8   Code   RO         1543    .text               mc_w.l(strtod.o)
    0x080006bc   0x080006bc   0x00000070   Code   RO         1545    .text               mc_w.l(strtol.o)
    0x0800072c   0x0800072c   0x00000000   Code   RO         1547    .text               mc_w.l(iusefp.o)
    0x0800072c   0x0800072c   0x0000006e   Code   RO         1548    .text               mf_w.l(fepilogue.o)
    0x0800079a   0x0800079a   0x000000ba   Code   RO         1550    .text               mf_w.l(depilogue.o)
    0x08000854   0x08000854   0x000000de   Code   RO         1552    .text               mf_w.l(ddiv.o)
    0x08000932   0x08000932   0x00000030   Code   RO         1554    .text               mf_w.l(dfixul.o)
    0x08000962   0x08000962   0x00000002   PAD
    0x08000964   0x08000964   0x00000030   Code   RO         1556    .text               mf_w.l(cdrcmple.o)
    0x08000994   0x08000994   0x00000024   Code   RO         1558    .text               mc_w.l(init.o)
    0x080009b8   0x080009b8   0x00000008   Code   RO         1562    .text               mc_w.l(ctype_o.o)
    0x080009c0   0x080009c0   0x00000012   Code   RO         1584    .text               mc_w.l(isspace_o.o)
    0x080009d2   0x080009d2   0x00000002   PAD
    0x080009d4   0x080009d4   0x00000360   Code   RO         1590    .text               mc_w.l(scanf_fp.o)
    0x08000d34   0x08000d34   0x00000040   Code   RO         1594    .text               mc_w.l(_sgetc.o)
    0x08000d74   0x08000d74   0x0000009e   Code   RO         1596    .text               mc_w.l(_strtoul.o)
    0x08000e12   0x08000e12   0x0000001c   Code   RO         1601    .text               mc_w.l(_chval.o)
    0x08000e2e   0x08000e2e   0x00000018   Code   RO         1603    .text               mf_w.l(dfltul.o)
    0x08000e46   0x08000e46   0x00000002   PAD
    0x08000e48   0x08000e48   0x00000004   Code   RO          108    .text.BusFault_Handler  stm32f4xx_it.o
    0x08000e4c   0x08000e4c   0x0000008c   Code   RO         1426    .text.Check         user_check.o
    0x08000ed8   0x08000ed8   0x000000ce   Code   RO         1434    .text.DealAdvance1  user_check.o
    0x08000fa6   0x08000fa6   0x00000002   PAD
    0x08000fa8   0x08000fa8   0x00000002   Code   RO         1436    .text.DealAdvance2  user_check.o
    0x08000faa   0x08000faa   0x00000002   PAD
    0x08000fac   0x08000fac   0x00000046   Code   RO         1428    .text.DealBasic1    user_check.o
    0x08000ff2   0x08000ff2   0x00000002   PAD
    0x08000ff4   0x08000ff4   0x000000e6   Code   RO         1430    .text.DealBasic2    user_check.o
    0x080010da   0x080010da   0x00000002   PAD
    0x080010dc   0x080010dc   0x000001be   Code   RO         1432    .text.DealBasic3    user_check.o
    0x0800129a   0x0800129a   0x00000002   PAD
    0x0800129c   0x0800129c   0x00000002   Code   RO          114    .text.DebugMon_Handler  stm32f4xx_it.o
    0x0800129e   0x0800129e   0x00000002   PAD
    0x080012a0   0x080012a0   0x0000015c   Code   RO         1438    .text.DigitDialIn   user_check.o
    0x080013fc   0x080013fc   0x00000004   PAD
    0x08001400   0x08001400   0x000000c8   Code   RO         1440    .text.DistantFire   user_check.o
    0x080014c8   0x080014c8   0x00000002   Code   RO           15    .text.Error_Handler  main.o
    0x080014ca   0x080014ca   0x00000002   PAD
    0x080014cc   0x080014cc   0x00000086   Code   RO          151    .text.FSMC_NORSRAM_Extended_Timing_Init  stm32f4xx_ll_fsmc.o
    0x08001552   0x08001552   0x00000002   PAD
    0x08001554   0x08001554   0x000000b4   Code   RO          145    .text.FSMC_NORSRAM_Init  stm32f4xx_ll_fsmc.o
    0x08001608   0x08001608   0x00000078   Code   RO          149    .text.FSMC_NORSRAM_Timing_Init  stm32f4xx_ll_fsmc.o
    0x08001680   0x08001680   0x00000096   Code   RO         1365    .text.GaussGun_Fire  gaussgun.o
    0x08001716   0x08001716   0x00000002   PAD
    0x08001718   0x08001718   0x0000000e   Code   RO         1290    .text.Get_CoordinateXResult  user_uart.o
    0x08001726   0x08001726   0x00000002   PAD
    0x08001728   0x08001728   0x00000048   Code   RO          867    .text.HAL_DMA_Abort_IT  stm32f4xx_hal_dma.o
    0x08001770   0x08001770   0x0000004e   Code   RO         1044    .text.HAL_Delay     stm32f4xx_hal.o
    0x080017be   0x080017be   0x00000002   PAD
    0x080017c0   0x080017c0   0x000000b2   Code   RO           38    .text.HAL_FSMC_MspInit  fsmc.o
    0x08001872   0x08001872   0x00000002   PAD
    0x08001874   0x08001874   0x000003ce   Code   RO          811    .text.HAL_GPIO_Init  stm32f4xx_hal_gpio.o
    0x08001c42   0x08001c42   0x00000002   PAD
    0x08001c44   0x08001c44   0x00000042   Code   RO          817    .text.HAL_GPIO_WritePin  stm32f4xx_hal_gpio.o
    0x08001c86   0x08001c86   0x00000002   PAD
    0x08001c88   0x08001c88   0x0000000c   Code   RO         1036    .text.HAL_GetTick   stm32f4xx_hal.o
    0x08001c94   0x08001c94   0x0000001a   Code   RO         1034    .text.HAL_IncTick   stm32f4xx_hal.o
    0x08001cae   0x08001cae   0x00000002   PAD
    0x08001cb0   0x08001cb0   0x0000003e   Code   RO         1024    .text.HAL_Init      stm32f4xx_hal.o
    0x08001cee   0x08001cee   0x00000002   PAD
    0x08001cf0   0x08001cf0   0x00000076   Code   RO         1026    .text.HAL_InitTick  stm32f4xx_hal.o
    0x08001d66   0x08001d66   0x00000002   PAD
    0x08001d68   0x08001d68   0x0000004e   Code   RO          136    .text.HAL_MspInit   stm32f4xx_hal_msp.o
    0x08001db6   0x08001db6   0x00000002   PAD
    0x08001db8   0x08001db8   0x00000018   Code   RO          964    .text.HAL_NVIC_EnableIRQ  stm32f4xx_hal_cortex.o
    0x08001dd0   0x08001dd0   0x0000004c   Code   RO          956    .text.HAL_NVIC_SetPriority  stm32f4xx_hal_cortex.o
    0x08001e1c   0x08001e1c   0x00000014   Code   RO          952    .text.HAL_NVIC_SetPriorityGrouping  stm32f4xx_hal_cortex.o
    0x08001e30   0x08001e30   0x00000274   Code   RO          675    .text.HAL_RCC_ClockConfig  stm32f4xx_hal_rcc.o
    0x080020a4   0x080020a4   0x0000000c   Code   RO          685    .text.HAL_RCC_GetHCLKFreq  stm32f4xx_hal_rcc.o
    0x080020b0   0x080020b0   0x00000026   Code   RO          687    .text.HAL_RCC_GetPCLK1Freq  stm32f4xx_hal_rcc.o
    0x080020d6   0x080020d6   0x00000002   PAD
    0x080020d8   0x080020d8   0x0000002a   Code   RO          689    .text.HAL_RCC_GetPCLK2Freq  stm32f4xx_hal_rcc.o
    0x08002102   0x08002102   0x00000002   PAD
    0x08002104   0x08002104   0x000000e8   Code   RO          677    .text.HAL_RCC_GetSysClockFreq  stm32f4xx_hal_rcc.o
    0x080021ec   0x080021ec   0x00000672   Code   RO          673    .text.HAL_RCC_OscConfig  stm32f4xx_hal_rcc.o
    0x0800285e   0x0800285e   0x00000002   PAD
    0x08002860   0x08002860   0x000000ae   Code   RO          189    .text.HAL_SRAM_Init  stm32f4xx_hal_sram.o
    0x0800290e   0x0800290e   0x00000002   PAD
    0x08002910   0x08002910   0x00000012   Code   RO           36    .text.HAL_SRAM_MspInit  fsmc.o
    0x08002922   0x08002922   0x00000002   PAD
    0x08002924   0x08002924   0x00000014   Code   RO          976    .text.HAL_SYSTICK_Config  stm32f4xx_hal_cortex.o
    0x08002938   0x08002938   0x0000000c   Code   RO          541    .text.HAL_TIMEx_BreakCallback  stm32f4xx_hal_tim_ex.o
    0x08002944   0x08002944   0x0000000c   Code   RO          537    .text.HAL_TIMEx_CommutCallback  stm32f4xx_hal_tim_ex.o
    0x08002950   0x08002950   0x000000ba   Code   RO          533    .text.HAL_TIMEx_ConfigBreakDeadTime  stm32f4xx_hal_tim_ex.o
    0x08002a0a   0x08002a0a   0x00000002   PAD
    0x08002a0c   0x08002a0c   0x000000a0   Code   RO          531    .text.HAL_TIMEx_MasterConfigSynchronization  stm32f4xx_hal_tim_ex.o
    0x08002aac   0x08002aac   0x00000066   Code   RO          231    .text.HAL_TIM_Base_Init  stm32f4xx_hal_tim.o
    0x08002b12   0x08002b12   0x00000002   PAD
    0x08002b14   0x08002b14   0x000000c6   Code   RO           63    .text.HAL_TIM_Base_MspInit  tim.o
    0x08002bda   0x08002bda   0x00000002   PAD
    0x08002bdc   0x08002bdc   0x00000040   Code   RO          241    .text.HAL_TIM_Base_Start  stm32f4xx_hal_tim.o
    0x08002c1c   0x08002c1c   0x0000003c   Code   RO          245    .text.HAL_TIM_Base_Start_IT  stm32f4xx_hal_tim.o
    0x08002c58   0x08002c58   0x00000052   Code   RO          243    .text.HAL_TIM_Base_Stop  stm32f4xx_hal_tim.o
    0x08002caa   0x08002caa   0x00000002   PAD
    0x08002cac   0x08002cac   0x0000004e   Code   RO          247    .text.HAL_TIM_Base_Stop_IT  stm32f4xx_hal_tim.o
    0x08002cfa   0x08002cfa   0x00000002   PAD
    0x08002cfc   0x08002cfc   0x0000019e   Code   RO          419    .text.HAL_TIM_ConfigClockSource  stm32f4xx_hal_tim.o
    0x08002e9a   0x08002e9a   0x00000002   PAD
    0x08002e9c   0x08002e9c   0x0000000c   Code   RO          367    .text.HAL_TIM_IC_CaptureCallback  stm32f4xx_hal_tim.o
    0x08002ea8   0x08002ea8   0x00000286   Code   RO          365    .text.HAL_TIM_IRQHandler  stm32f4xx_hal_tim.o
    0x0800312e   0x0800312e   0x00000002   PAD
    0x08003130   0x08003130   0x000000c2   Code   RO           57    .text.HAL_TIM_MspPostInit  tim.o
    0x080031f2   0x080031f2   0x00000002   PAD
    0x080031f4   0x080031f4   0x0000000c   Code   RO          369    .text.HAL_TIM_OC_DelayElapsedCallback  stm32f4xx_hal_tim.o
    0x08003200   0x08003200   0x00000160   Code   RO          397    .text.HAL_TIM_PWM_ConfigChannel  stm32f4xx_hal_tim.o
    0x08003360   0x08003360   0x00000066   Code   RO          285    .text.HAL_TIM_PWM_Init  stm32f4xx_hal_tim.o
    0x080033c6   0x080033c6   0x00000002   PAD
    0x080033c8   0x080033c8   0x0000000c   Code   RO          287    .text.HAL_TIM_PWM_MspInit  stm32f4xx_hal_tim.o
    0x080033d4   0x080033d4   0x0000000c   Code   RO          371    .text.HAL_TIM_PWM_PulseFinishedCallback  stm32f4xx_hal_tim.o
    0x080033e0   0x080033e0   0x00000090   Code   RO          293    .text.HAL_TIM_PWM_Start  stm32f4xx_hal_tim.o
    0x08003470   0x08003470   0x000000ce   Code   RO          295    .text.HAL_TIM_PWM_Stop  stm32f4xx_hal_tim.o
    0x0800353e   0x0800353e   0x00000002   PAD
    0x08003540   0x08003540   0x000000a8   Code   RO         1374    .text.HAL_TIM_PeriodElapsedCallback  timer.o
    0x080035e8   0x080035e8   0x0000000c   Code   RO          375    .text.HAL_TIM_TriggerCallback  stm32f4xx_hal_tim.o
    0x080035f4   0x080035f4   0x0000000c   Code   RO          635    .text.HAL_UART_ErrorCallback  stm32f4xx_hal_uart.o
    0x08003600   0x08003600   0x00000220   Code   RO          629    .text.HAL_UART_IRQHandler  stm32f4xx_hal_uart.o
    0x08003820   0x08003820   0x000000a6   Code   RO          553    .text.HAL_UART_Init  stm32f4xx_hal_uart.o
    0x080038c6   0x080038c6   0x00000002   PAD
    0x080038c8   0x080038c8   0x0000030c   Code   RO           86    .text.HAL_UART_MspInit  usart.o
    0x08003bd4   0x08003bd4   0x000000d0   Code   RO          577    .text.HAL_UART_Receive_IT  stm32f4xx_hal_uart.o
    0x08003ca4   0x08003ca4   0x00000056   Code   RO         1385    .text.HAL_UART_RxCpltCallback  user_callback.o
    0x08003cfa   0x08003cfa   0x00000002   PAD
    0x08003cfc   0x08003cfc   0x00000180   Code   RO          569    .text.HAL_UART_Transmit  stm32f4xx_hal_uart.o
    0x08003e7c   0x08003e7c   0x0000000c   Code   RO          641    .text.HAL_UART_TxCpltCallback  stm32f4xx_hal_uart.o
    0x08003e88   0x08003e88   0x00000004   Code   RO          104    .text.HardFault_Handler  stm32f4xx_it.o
    0x08003e8c   0x08003e8c   0x00000304   Code   RO         1240    .text.Key_scan      keypad.o
    0x08004190   0x08004190   0x000000ae   Code   RO         1190    .text.LCD_Clear     ili93xx.o
    0x0800423e   0x0800423e   0x00000002   PAD
    0x08004240   0x08004240   0x00000218   Code   RO         1184    .text.LCD_Display_Dir  ili93xx.o
    0x08004458   0x08004458   0x000001da   Code   RO         1182    .text.LCD_Fast_DrawPoint  ili93xx.o
    0x08004632   0x08004632   0x00000002   PAD
    0x08004634   0x08004634   0x0000003a   Code   RO         1204    .text.LCD_Pow       ili93xx.o
    0x0800466e   0x0800466e   0x00000002   PAD
    0x08004670   0x08004670   0x00000016   Code   RO         1158    .text.LCD_RD_DATA   ili93xx.o
    0x08004686   0x08004686   0x00000002   PAD
    0x08004688   0x08004688   0x00000022   Code   RO         1162    .text.LCD_ReadReg   ili93xx.o
    0x080046aa   0x080046aa   0x00000002   PAD
    0x080046ac   0x080046ac   0x0000043c   Code   RO         1178    .text.LCD_Scan_Dir  ili93xx.o
    0x08004ae8   0x08004ae8   0x000001ae   Code   RO         1172    .text.LCD_SetCursor  ili93xx.o
    0x08004c96   0x08004c96   0x00000002   PAD
    0x08004c98   0x08004c98   0x000001de   Code   RO         1202    .text.LCD_ShowChar  ili93xx.o
    0x08004e76   0x08004e76   0x00000002   PAD
    0x08004e78   0x08004e78   0x000000f2   Code   RO         1210    .text.LCD_ShowString  ili93xx.o
    0x08004f6a   0x08004f6a   0x00000002   PAD
    0x08004f6c   0x08004f6c   0x0000017e   Code   RO         1208    .text.LCD_ShowxNum  ili93xx.o
    0x080050ea   0x080050ea   0x00000002   PAD
    0x080050ec   0x080050ec   0x00000022   Code   RO         1156    .text.LCD_WR_DATA   ili93xx.o
    0x0800510e   0x0800510e   0x00000002   PAD
    0x08005110   0x08005110   0x00000024   Code   RO         1154    .text.LCD_WR_REG    ili93xx.o
    0x08005134   0x08005134   0x00000016   Code   RO         1164    .text.LCD_WriteRAM_Prepare  ili93xx.o
    0x0800514a   0x0800514a   0x00000002   PAD
    0x0800514c   0x0800514c   0x00000030   Code   RO         1160    .text.LCD_WriteReg  ili93xx.o
    0x0800517c   0x0800517c   0x00000130   Code   RO         1341    .text.Locate_FindCycleOnce  mricrostepdriver.o
    0x080052ac   0x080052ac   0x00000004   PAD
    0x080052b0   0x080052b0   0x00000080   Code   RO         1343    .text.Locate_RunAngle  mricrostepdriver.o
    0x08005330   0x08005330   0x0000009c   Code   RO         1337    .text.Locate_RunStep  mricrostepdriver.o
    0x080053cc   0x080053cc   0x000000b2   Code   RO           34    .text.MX_FSMC_Init  fsmc.o
    0x0800547e   0x0800547e   0x00000002   PAD
    0x08005480   0x08005480   0x000001a4   Code   RO           25    .text.MX_GPIO_Init  gpio.o
    0x08005624   0x08005624   0x0000012e   Code   RO           55    .text.MX_TIM1_Init  tim.o
    0x08005752   0x08005752   0x00000002   PAD
    0x08005754   0x08005754   0x000000e6   Code   RO           59    .text.MX_TIM2_Init  tim.o
    0x0800583a   0x0800583a   0x00000002   PAD
    0x0800583c   0x0800583c   0x0000008a   Code   RO           61    .text.MX_TIM5_Init  tim.o
    0x080058c6   0x080058c6   0x00000002   PAD
    0x080058c8   0x080058c8   0x0000003c   Code   RO           78    .text.MX_UART4_Init  usart.o
    0x08005904   0x08005904   0x0000003c   Code   RO           80    .text.MX_USART1_UART_Init  usart.o
    0x08005940   0x08005940   0x0000003c   Code   RO           82    .text.MX_USART2_UART_Init  usart.o
    0x0800597c   0x0800597c   0x0000003c   Code   RO           84    .text.MX_USART3_UART_Init  usart.o
    0x080059b8   0x080059b8   0x00000004   Code   RO          106    .text.MemManage_Handler  stm32f4xx_it.o
    0x080059bc   0x080059bc   0x00000002   Code   RO          102    .text.NMI_Handler   stm32f4xx_it.o
    0x080059be   0x080059be   0x00000002   PAD
    0x080059c0   0x080059c0   0x00000080   Code   RO          962    .text.NVIC_EncodePriority  stm32f4xx_hal_cortex.o
    0x08005a40   0x08005a40   0x00000002   Code   RO          116    .text.PendSV_Handler  stm32f4xx_it.o
    0x08005a42   0x08005a42   0x00000002   PAD
    0x08005a44   0x08005a44   0x00000002   Code   RO          112    .text.SVC_Handler   stm32f4xx_it.o
    0x08005a46   0x08005a46   0x00000002   PAD
    0x08005a48   0x08005a48   0x0000005a   Code   RO          978    .text.SysTick_Config  stm32f4xx_hal_cortex.o
    0x08005aa2   0x08005aa2   0x00000002   PAD
    0x08005aa4   0x08005aa4   0x00000008   Code   RO          118    .text.SysTick_Handler  stm32f4xx_it.o
    0x08005aac   0x08005aac   0x000000c2   Code   RO           13    .text.SystemClock_Config  main.o
    0x08005b6e   0x08005b6e   0x00000002   PAD
    0x08005b70   0x08005b70   0x0000006e   Code   RO         1115    .text.SystemInit    system_stm32f4xx.o
    0x08005bde   0x08005bde   0x00000002   PAD
    0x08005be0   0x08005be0   0x00000464   Code   RO         1188    .text.TFTLCD_Init   ili93xx.o
    0x08006044   0x08006044   0x00000010   Code   RO          120    .text.TIM2_IRQHandler  stm32f4xx_it.o
    0x08006054   0x08006054   0x00000128   Code   RO         1333    .text.TIM2_Startup  mricrostepdriver.o
    0x0800617c   0x0800617c   0x000001a2   Code   RO          235    .text.TIM_Base_SetConfig  stm32f4xx_hal_tim.o
    0x0800631e   0x0800631e   0x00000002   PAD
    0x08006320   0x08006320   0x0000004a   Code   RO          269    .text.TIM_CCxChannelCmd  stm32f4xx_hal_tim.o
    0x0800636a   0x0800636a   0x00000002   PAD
    0x0800636c   0x0800636c   0x0000004a   Code   RO          417    .text.TIM_ETR_SetConfig  stm32f4xx_hal_tim.o
    0x080063b6   0x080063b6   0x00000002   PAD
    0x080063b8   0x080063b8   0x00000032   Code   RO          423    .text.TIM_ITRx_SetConfig  stm32f4xx_hal_tim.o
    0x080063ea   0x080063ea   0x00000002   PAD
    0x080063ec   0x080063ec   0x000000f2   Code   RO          379    .text.TIM_OC1_SetConfig  stm32f4xx_hal_tim.o
    0x080064de   0x080064de   0x00000002   PAD
    0x080064e0   0x080064e0   0x000000fc   Code   RO          381    .text.TIM_OC2_SetConfig  stm32f4xx_hal_tim.o
    0x080065dc   0x080065dc   0x000000fa   Code   RO          383    .text.TIM_OC3_SetConfig  stm32f4xx_hal_tim.o
    0x080066d6   0x080066d6   0x00000002   PAD
    0x080066d8   0x080066d8   0x000000ac   Code   RO          385    .text.TIM_OC4_SetConfig  stm32f4xx_hal_tim.o
    0x08006784   0x08006784   0x00000062   Code   RO          421    .text.TIM_TI1_ConfigInputStage  stm32f4xx_hal_tim.o
    0x080067e6   0x080067e6   0x00000002   PAD
    0x080067e8   0x080067e8   0x00000064   Code   RO          425    .text.TIM_TI2_ConfigInputStage  stm32f4xx_hal_tim.o
    0x0800684c   0x0800684c   0x00000024   Code   RO          633    .text.UART_DMAAbortOnError  stm32f4xx_hal_uart.o
    0x08006870   0x08006870   0x0000002c   Code   RO          601    .text.UART_EndRxTransfer  stm32f4xx_hal_uart.o
    0x0800689c   0x0800689c   0x0000002a   Code   RO          639    .text.UART_EndTransmit_IT  stm32f4xx_hal_uart.o
    0x080068c6   0x080068c6   0x00000002   PAD
    0x080068c8   0x080068c8   0x000000f8   Code   RO          631    .text.UART_Receive_IT  stm32f4xx_hal_uart.o
    0x080069c0   0x080069c0   0x00000468   Code   RO          557    .text.UART_SetConfig  stm32f4xx_hal_uart.o
    0x08006e28   0x08006e28   0x000000a8   Code   RO          637    .text.UART_Transmit_IT  stm32f4xx_hal_uart.o
    0x08006ed0   0x08006ed0   0x000000bc   Code   RO          571    .text.UART_WaitOnFlagUntilTimeout  stm32f4xx_hal_uart.o
    0x08006f8c   0x08006f8c   0x00000010   Code   RO          122    .text.USART1_IRQHandler  stm32f4xx_it.o
    0x08006f9c   0x08006f9c   0x00000010   Code   RO          124    .text.USART2_IRQHandler  stm32f4xx_it.o
    0x08006fac   0x08006fac   0x00000010   Code   RO          126    .text.USART3_IRQHandler  stm32f4xx_it.o
    0x08006fbc   0x08006fbc   0x00000004   Code   RO          110    .text.UsageFault_Handler  stm32f4xx_it.o
    0x08006fc0   0x08006fc0   0x00000020   Code   RO         1296    .text.User_DebugUart_Init  user_uart.o
    0x08006fe0   0x08006fe0   0x00000040   Code   RO         1298    .text.User_DistantUart_Init  user_uart.o
    0x08007020   0x08007020   0x00000020   Code   RO         1294    .text.User_GetErrorUart_Init  user_uart.o
    0x08007040   0x08007040   0x00000050   Code   RO         1226    .text.User_Main     usermain.o
    0x08007090   0x08007090   0x00000032   Code   RO         1302    .text._GetCommandUartCallBack  user_uart.o
    0x080070c2   0x080070c2   0x00000006   PAD
    0x080070c8   0x080070c8   0x000001e0   Code   RO         1304    .text._GetDistantUartCallBack  user_uart.o
    0x080072a8   0x080072a8   0x0000016e   Code   RO         1300    .text._GetErrorUartCallBack  user_uart.o
    0x08007416   0x08007416   0x00000002   PAD
    0x08007418   0x08007418   0x00000036   Code   RO          966    .text.__NVIC_EnableIRQ  stm32f4xx_hal_cortex.o
    0x0800744e   0x0800744e   0x00000002   PAD
    0x08007450   0x08007450   0x00000010   Code   RO          958    .text.__NVIC_GetPriorityGrouping  stm32f4xx_hal_cortex.o
    0x08007460   0x08007460   0x0000004a   Code   RO          960    .text.__NVIC_SetPriority  stm32f4xx_hal_cortex.o
    0x080074aa   0x080074aa   0x00000002   PAD
    0x080074ac   0x080074ac   0x00000040   Code   RO          954    .text.__NVIC_SetPriorityGrouping  stm32f4xx_hal_cortex.o
    0x080074ec   0x080074ec   0x0000003c   Code   RO         1308    .text.fputc         user_uart.o
    0x08007528   0x08007528   0x0000003e   Code   RO           11    .text.main          main.o
    0x08007566   0x08007566   0x00000002   PAD
    0x08007568   0x08007568   0x00000020   Code   RO         1468    i.__0printf         mc_w.l(printfa.o)
    0x08007588   0x08007588   0x00000028   Code   RO         1470    i.__0sprintf        mc_w.l(printfa.o)
    0x080075b0   0x080075b0   0x00000008   Code   RO         1536    i.__aeabi_errno_addr  mc_w.l(errno.o)
    0x080075b8   0x080075b8   0x00000038   Code   RO         1454    i.__hardfp_atof     m_wm.l(atof.o)
    0x080075f0   0x080075f0   0x0000000c   Code   RO         1537    i.__read_errno      mc_w.l(errno.o)
    0x080075fc   0x080075fc   0x0000000e   Code   RO         1607    i.__scatterload_copy  mc_w.l(handlers.o)
    0x0800760a   0x0800760a   0x00000002   Code   RO         1608    i.__scatterload_null  mc_w.l(handlers.o)
    0x0800760c   0x0800760c   0x0000000e   Code   RO         1609    i.__scatterload_zeroinit  mc_w.l(handlers.o)
    0x0800761a   0x0800761a   0x00000002   PAD
    0x0800761c   0x0800761c   0x0000000c   Code   RO         1538    i.__set_errno       mc_w.l(errno.o)
    0x08007628   0x08007628   0x00000184   Code   RO         1475    i._fp_digits        mc_w.l(printfa.o)
    0x080077ac   0x080077ac   0x0000000e   Code   RO         1592    i._is_digit         mc_w.l(scanf_fp.o)
    0x080077ba   0x080077ba   0x00000002   PAD
    0x080077bc   0x080077bc   0x000006dc   Code   RO         1476    i._printf_core      mc_w.l(printfa.o)
    0x08007e98   0x08007e98   0x00000024   Code   RO         1477    i._printf_post_padding  mc_w.l(printfa.o)
    0x08007ebc   0x08007ebc   0x0000002e   Code   RO         1478    i._printf_pre_padding  mc_w.l(printfa.o)
    0x08007eea   0x08007eea   0x0000000a   Code   RO         1480    i._sputc            mc_w.l(printfa.o)
    0x08007ef4   0x08007ef4   0x00000081   Data   RO         1563    .constdata          mc_w.l(ctype_o.o)
    0x08007f75   0x08007f75   0x00000003   PAD
    0x08007f78   0x08007f78   0x00000004   Data   RO         1564    .constdata          mc_w.l(ctype_o.o)
    0x08007f7c   0x08007f7c   0x00000010   Data   RO         1120    .rodata.AHBPrescTable  system_stm32f4xx.o
    0x08007f8c   0x08007f8c   0x00000008   Data   RO         1121    .rodata.APBPrescTable  system_stm32f4xx.o
    0x08007f94   0x08007f94   0x00000474   Data   RO         1212    .rodata.asc2_1206   ili93xx.o
    0x08008408   0x08008408   0x000005f0   Data   RO         1213    .rodata.asc2_1608   ili93xx.o
    0x080089f8   0x080089f8   0x00000d5c   Data   RO         1214    .rodata.asc2_2412   ili93xx.o
    0x08009754   0x08009754   0x00000008   Data   RO         1319    .rodata.str1.1      user_uart.o
    0x0800975c   0x0800975c   0x00000005   Data   RO         1354    .rodata.str1.1      mricrostepdriver.o
    0x08009761   0x08009761   0x00000027   Data   RO         1446    .rodata.str1.1      user_check.o
    0x08009788   0x08009788   0x00000020   Data   RO         1606    Region$$Table       anon$$obj.o


    Execution Region RW_IRAM1 (Exec base: 0x20000000, Load base: 0x080097a8, Size: 0x00000698, Max: 0x00020000, ABSOLUTE)

    Exec Addr    Load Addr    Size         Type   Attr      Idx    E Section Name        Object

    0x20000000   0x080097a8   0x00000004   Data   RW         1527    .data               mc_w.l(stdout.o)
    0x20000004   0x080097ac   0x00000004   Data   RW         1539    .data               mc_w.l(errno.o)
    0x20000008   0x080097b0   0x00000002   Data   RW         1216    .data.BACK_COLOR    ili93xx.o
    0x2000000a   0x080097b2   0x00000002   PAD
    0x2000000c   0x080097b4   0x00000004   Data   RW         1119    .data.SystemCoreClock  system_stm32f4xx.o
    0x20000010   0x080097b8   0x00000009   Data   RW         1345    .data.a             mricrostepdriver.o
    0x20000019   0x080097c1   0x00000001   Data   RW         1079    .data.uwTickFreq    stm32f4xx_hal.o
    0x2000001a   0x080097c2   0x00000002   PAD
    0x2000001c   0x080097c4   0x00000004   Data   RW         1078    .data.uwTickPrio    stm32f4xx_hal.o
    0x20000020        -       0x00000001   Zero   RW         1316    .bss.CommandUpdateStatus  user_uart.o
    0x20000021   0x080097c8   0x00000001   PAD
    0x20000022        -       0x00000002   Zero   RW         1313    .bss.Coordinate1_One  user_uart.o
    0x20000024        -       0x00000002   Zero   RW         1314    .bss.Coordinate1_Two  user_uart.o
    0x20000026        -       0x00000001   Zero   RW         1445    .bss.Distance       user_check.o
    0x20000027   0x080097c8   0x00000001   PAD
    0x20000028        -       0x00000004   Zero   RW           45    .bss.FSMC_Initialized  fsmc.o
    0x2000002c        -       0x00000002   Zero   RW         1215    .bss.POINT_COLOR    ili93xx.o
    0x2000002e   0x080097c8   0x00000002   PAD
    0x20000030        -       0x00000004   Zero   RW         1376    .bss.PWM_Count      timer.o
    0x20000034        -       0x00000004   Zero   RW         1353    .bss.PWM_Count_Set  mricrostepdriver.o
    0x20000038        -       0x00000001   Zero   RW         1315    .bss._DebugCommand  user_uart.o
    0x20000039        -       0x00000001   Zero   RW         1318    .bss._GetCommandRXBuffer  user_uart.o
    0x2000003a   0x080097c8   0x00000002   PAD
    0x2000003c        -       0x00000004   Zero   RW         1312    .bss._GetDistantResults  user_uart.o
    0x20000040        -       0x0000000c   Zero   RW         1322    .bss._GetDistantRxBuffer  user_uart.o
    0x2000004c        -       0x00000001   Zero   RW         1320    .bss._GetDistantRxVal  user_uart.o
    0x2000004d        -       0x00000001   Zero   RW         1323    .bss._GetDistantStatus  user_uart.o
    0x2000004e        -       0x00000001   Zero   RW         1321    .bss._GetDistantUartCallBack.RxCount  user_uart.o
    0x2000004f        -       0x00000001   Zero   RW         1324    .bss._GetDistantUpdateStatus  user_uart.o
    0x20000050        -       0x00000007   Zero   RW         1317    .bss._GetErrorRXBuffer  user_uart.o
    0x20000057        -       0x00000001   Zero   RW         1443    .bss.ang            user_check.o
    0x20000058        -       0x00000001   Zero   RW         1442    .bss.dis            user_check.o
    0x20000059   0x080097c8   0x00000003   PAD
    0x2000005c        -       0x00000004   Zero   RW         1350    .bss.flag           mricrostepdriver.o
    0x20000060        -       0x00000050   Zero   RW           44    .bss.hsram1         fsmc.o
    0x200000b0        -       0x00000040   Zero   RW           67    .bss.htim1          tim.o
    0x200000f0        -       0x00000040   Zero   RW           68    .bss.htim2          tim.o
    0x20000130        -       0x00000040   Zero   RW           69    .bss.htim5          tim.o
    0x20000170        -       0x00000040   Zero   RW           91    .bss.huart1         usart.o
    0x200001b0        -       0x00000040   Zero   RW           92    .bss.huart2         usart.o
    0x200001f0        -       0x00000040   Zero   RW           93    .bss.huart3         usart.o
    0x20000230        -       0x00000040   Zero   RW           90    .bss.huart4         usart.o
    0x20000270        -       0x0000000e   Zero   RW         1217    .bss.lcddev         ili93xx.o
    0x2000027e   0x080097c8   0x00000002   PAD
    0x20000280        -       0x00000004   Zero   RW         1351    .bss.mode           mricrostepdriver.o
    0x20000284        -       0x00000001   Zero   RW         1444    .bss.rec_flag       user_check.o
    0x20000285   0x080097c8   0x00000003   PAD
    0x20000288        -       0x00000004   Zero   RW         1377    .bss.stop           timer.o
    0x2000028c        -       0x00000004   Zero   RW         1352    .bss.stop_flag_FindCycleOnce  mricrostepdriver.o
    0x20000290        -       0x00000004   Zero   RW         1080    .bss.uwTick         stm32f4xx_hal.o
    0x20000294   0x080097c8   0x00000004   PAD
    0x20000298        -       0x00000400   Zero   RW            1    STACK               startup_stm32f407xx.o


==============================================================================

Image component sizes


      Code (inc. data)   RO Data    RW Data    ZI Data      Debug   Object Name

       374          0          0          0         84       5258   fsmc.o
       150          0          0          0          0       1129   gaussgun.o
       420          0          0          0          0       2203   gpio.o
      5178         24       6080          2         16      11045   ili93xx.o
       772          0          0          0          0       1688   keypad.o
       258          0          0          0          0       2642   main.o
       884          8          5          9         16       2790   mricrostepdriver.o
        36          8        392          0       1024        796   startup_stm32f407xx.o
       296          0          0          5          4       7080   stm32f4xx_hal.o
       566          0          0          0          0       9480   stm32f4xx_hal_cortex.o
        72          0          0          0          0       8492   stm32f4xx_hal_dma.o
      1040          0          0          0          0       5095   stm32f4xx_hal_gpio.o
        78          0          0          0          0       1432   stm32f4xx_hal_msp.o
      2602          0          0          0          0       7430   stm32f4xx_hal_rcc.o
       174          0          0          0          0       7056   stm32f4xx_hal_sram.o
      4040         14          0          0          0      31624   stm32f4xx_hal_tim.o
       370          0          0          0          0      12696   stm32f4xx_hal_tim_ex.o
      3180          0          0          0          0      15505   stm32f4xx_hal_uart.o
        96          0          0          0          0       1348   stm32f4xx_it.o
       434          0          0          0          0       6747   stm32f4xx_ll_fsmc.o
       110          0         24          4          0       2506   system_stm32f4xx.o
      1062          0          0          0        192       8575   tim.o
       168          0          0          0          8       3309   timer.o
      1020          0          0          0        256       7543   usart.o
        86          0          0          0          0       3067   user_callback.o
      1642         16         39          0          4       2378   user_check.o
      1098          8          8          0         34       3141   user_uart.o
        80          0          0          0          0        732   usermain.o

    ----------------------------------------------------------------------
     26436         78       6580         24       1656     172787   Object Totals
         0          0         32          0          0          0   (incl. Generated)
       150          0          0          4         18          0   (incl. Padding)

    ----------------------------------------------------------------------

      Code (inc. data)   RO Data    RW Data    ZI Data      Debug   Library Member Name

        56         10          0          0          0        132   atof.o
        28          0          0          0          0         68   _chval.o
        64          0          0          0          0         84   _sgetc.o
       158          0          0          0          0         92   _strtoul.o
        26          0          0          0          0         80   atoi.o
         8          4        133          0          0         68   ctype_o.o
         0          0          0          0          0          0   entry.o
         0          0          0          0          0          0   entry10a.o
         0          0          0          0          0          0   entry11a.o
         8          4          0          0          0          0   entry2.o
         4          0          0          0          0          0   entry5.o
         0          0          0          0          0          0   entry7b.o
         0          0          0          0          0          0   entry8b.o
         8          4          0          0          0          0   entry9a.o
        32         16          0          4          0        204   errno.o
        30          0          0          0          0          0   handlers.o
        36          8          0          0          0         68   init.o
        18          0          0          0          0         76   isspace_o.o
         0          0          0          0          0          0   iusefp.o
        30          0          0          0          0         68   llshl.o
        36          0          0          0          0         68   llsshr.o
        32          0          0          0          0         68   llushr.o
        36          0          0          0          0        108   memseta.o
      2308         96          0          0          0        604   printfa.o
       878         12          0          0          0        216   scanf_fp.o
         0          0          0          4          0          0   stdout.o
       168         12          0          0          0        124   strtod.o
       112          0          0          0          0         88   strtol.o
        44          0          0          0          0         80   uidiv.o
        98          0          0          0          0         92   uldiv.o
        48          0          0          0          0         68   cdrcmple.o
        56          0          0          0          0         88   d2f.o
       334          0          0          0          0        148   dadd.o
        54          0          0          0          0         80   dcmpgt.o
       222          0          0          0          0        100   ddiv.o
       186          0          0          0          0        176   depilogue.o
        62          0          0          0          0         80   dfixi.o
        48          0          0          0          0         68   dfixul.o
        34          0          0          0          0         76   dflti.o
        24          0          0          0          0         76   dfltul.o
       228          0          0          0          0         96   dmul.o
        38          0          0          0          0         68   f2d.o
       110          0          0          0          0        168   fepilogue.o

    ----------------------------------------------------------------------
      5672        166        136          8          0       3680   Library Totals
        10          0          3          0          0          0   (incl. Padding)

    ----------------------------------------------------------------------

      Code (inc. data)   RO Data    RW Data    ZI Data      Debug   Library Name

        56         10          0          0          0        132   m_wm.l
      4162        156        133          8          0       2256   mc_w.l
      1444          0          0          0          0       1292   mf_w.l

    ----------------------------------------------------------------------
      5672        166        136          8          0       3680   Library Totals

    ----------------------------------------------------------------------

==============================================================================


      Code (inc. data)   RO Data    RW Data    ZI Data      Debug   

     32108        244       6716         32       1656     174383   Grand Totals
     32108        244       6716         32       1656     174383   ELF Image Totals
     32108        244       6716         32          0          0   ROM Totals

==============================================================================

    Total RO  Size (Code + RO Data)                38824 (  37.91kB)
    Total RW  Size (RW Data + ZI Data)              1688 (   1.65kB)
    Total ROM Size (Code + RO Data + RW Data)      38856 (  37.95kB)

==============================================================================

